../source/com/term.c:34:6:termRegisterCommandLineHandler	24	static
../source/com/term.c:52:6:termWriteChar	16	static
../source/com/term.c:67:6:termWrite	16	static
../source/com/term.c:73:6:termWriteNum32s	32	static
../source/com/term.c:80:6:termWriteNum16s	24	static
../source/com/term.c:94:6:termWriteLine	16	static
../source/com/term.c:110:6:termWriteSubString	16	static
../source/com/term.c:122:6:termParseCommand	48	static
../source/com/term.c:181:6:termDoWork	520	static
../source/com/term.c:203:6:termInit	16	static
../source/com/term.c:214:15:startHandler	48	static
../source/com/term.c:240:6:commandInit	8	static
