../startup/startup_mk22f51212.c:378:6:data_init	4	static
../startup/startup_mk22f51212.c:387:6:bss_init	0	static
../startup/startup_mk22f51212.c:412:6:ResetISR	0	static
../startup/startup_mk22f51212.c:520:14:NMI_Handler	0	static
../startup/startup_mk22f51212.c:524:14:HardFault_Handler	0	static
../startup/startup_mk22f51212.c:528:14:MemManage_Handler	0	static
../startup/startup_mk22f51212.c:532:14:BusFault_Handler	0	static
../startup/startup_mk22f51212.c:536:14:UsageFault_Handler	0	static
../startup/startup_mk22f51212.c:540:14:SVC_Handler	0	static
../startup/startup_mk22f51212.c:544:14:DebugMon_Handler	0	static
../startup/startup_mk22f51212.c:548:14:PendSV_Handler	0	static
../startup/startup_mk22f51212.c:552:14:SysTick_Handler	0	static
../startup/startup_mk22f51212.c:560:14:IntDefaultHandler	0	static
../startup/startup_mk22f51212.c:570:11:DMA0_IRQHandler	8	static
../startup/startup_mk22f51212.c:574:11:DMA1_IRQHandler	8	static
../startup/startup_mk22f51212.c:578:11:DMA2_IRQHandler	8	static
../startup/startup_mk22f51212.c:582:11:DMA3_IRQHandler	8	static
../startup/startup_mk22f51212.c:586:11:DMA4_IRQHandler	8	static
../startup/startup_mk22f51212.c:590:11:DMA5_IRQHandler	8	static
../startup/startup_mk22f51212.c:594:11:DMA6_IRQHandler	8	static
../startup/startup_mk22f51212.c:598:11:DMA7_IRQHandler	8	static
../startup/startup_mk22f51212.c:602:11:DMA8_IRQHandler	8	static
../startup/startup_mk22f51212.c:606:11:DMA9_IRQHandler	8	static
../startup/startup_mk22f51212.c:610:11:DMA10_IRQHandler	8	static
../startup/startup_mk22f51212.c:614:11:DMA11_IRQHandler	8	static
../startup/startup_mk22f51212.c:618:11:DMA12_IRQHandler	8	static
../startup/startup_mk22f51212.c:622:11:DMA13_IRQHandler	8	static
../startup/startup_mk22f51212.c:626:11:DMA14_IRQHandler	8	static
../startup/startup_mk22f51212.c:630:11:DMA15_IRQHandler	8	static
../startup/startup_mk22f51212.c:634:11:DMA_Error_IRQHandler	8	static
../startup/startup_mk22f51212.c:638:11:MCM_IRQHandler	8	static
../startup/startup_mk22f51212.c:642:11:FTF_IRQHandler	8	static
../startup/startup_mk22f51212.c:646:11:Read_Collision_IRQHandler	8	static
../startup/startup_mk22f51212.c:650:11:LVD_LVW_IRQHandler	8	static
../startup/startup_mk22f51212.c:654:11:LLWU_IRQHandler	8	static
../startup/startup_mk22f51212.c:658:11:WDOG_EWM_IRQHandler	8	static
../startup/startup_mk22f51212.c:662:11:RNG_IRQHandler	8	static
../startup/startup_mk22f51212.c:666:11:I2C0_IRQHandler	8	static
../startup/startup_mk22f51212.c:670:11:I2C1_IRQHandler	8	static
../startup/startup_mk22f51212.c:674:11:SPI0_IRQHandler	8	static
../startup/startup_mk22f51212.c:678:11:SPI1_IRQHandler	8	static
../startup/startup_mk22f51212.c:682:11:I2S0_Tx_IRQHandler	8	static
../startup/startup_mk22f51212.c:686:11:I2S0_Rx_IRQHandler	8	static
../startup/startup_mk22f51212.c:690:11:LPUART0_IRQHandler	8	static
../startup/startup_mk22f51212.c:694:11:UART0_RX_TX_IRQHandler	8	static
../startup/startup_mk22f51212.c:698:11:UART0_ERR_IRQHandler	8	static
../startup/startup_mk22f51212.c:702:11:UART1_RX_TX_IRQHandler	8	static
../startup/startup_mk22f51212.c:706:11:UART1_ERR_IRQHandler	8	static
../startup/startup_mk22f51212.c:710:11:UART2_RX_TX_IRQHandler	8	static
../startup/startup_mk22f51212.c:714:11:UART2_ERR_IRQHandler	8	static
../startup/startup_mk22f51212.c:718:11:Reserved53_IRQHandler	8	static
../startup/startup_mk22f51212.c:722:11:Reserved54_IRQHandler	8	static
../startup/startup_mk22f51212.c:726:11:ADC0_IRQHandler	8	static
../startup/startup_mk22f51212.c:730:11:CMP0_IRQHandler	8	static
../startup/startup_mk22f51212.c:734:11:CMP1_IRQHandler	8	static
../startup/startup_mk22f51212.c:738:11:FTM0_IRQHandler	8	static
../startup/startup_mk22f51212.c:742:11:FTM1_IRQHandler	8	static
../startup/startup_mk22f51212.c:746:11:FTM2_IRQHandler	8	static
../startup/startup_mk22f51212.c:750:11:Reserved61_IRQHandler	8	static
../startup/startup_mk22f51212.c:754:11:RTC_IRQHandler	8	static
../startup/startup_mk22f51212.c:758:11:RTC_Seconds_IRQHandler	8	static
../startup/startup_mk22f51212.c:762:11:PIT0_IRQHandler	8	static
../startup/startup_mk22f51212.c:766:11:PIT1_IRQHandler	8	static
../startup/startup_mk22f51212.c:770:11:PIT2_IRQHandler	8	static
../startup/startup_mk22f51212.c:774:11:PIT3_IRQHandler	8	static
../startup/startup_mk22f51212.c:778:11:PDB0_IRQHandler	8	static
../startup/startup_mk22f51212.c:782:11:USB0_IRQHandler	8	static
../startup/startup_mk22f51212.c:786:11:Reserved70_IRQHandler	8	static
../startup/startup_mk22f51212.c:790:11:Reserved71_IRQHandler	8	static
../startup/startup_mk22f51212.c:794:11:DAC0_IRQHandler	8	static
../startup/startup_mk22f51212.c:798:11:MCG_IRQHandler	8	static
../startup/startup_mk22f51212.c:802:11:LPTMR0_IRQHandler	8	static
../startup/startup_mk22f51212.c:806:11:PORTA_IRQHandler	8	static
../startup/startup_mk22f51212.c:810:11:PORTB_IRQHandler	8	static
../startup/startup_mk22f51212.c:814:11:PORTC_IRQHandler	8	static
../startup/startup_mk22f51212.c:818:11:PORTD_IRQHandler	8	static
../startup/startup_mk22f51212.c:822:11:PORTE_IRQHandler	8	static
../startup/startup_mk22f51212.c:826:11:SWI_IRQHandler	8	static
../startup/startup_mk22f51212.c:830:11:Reserved81_IRQHandler	8	static
../startup/startup_mk22f51212.c:834:11:Reserved82_IRQHandler	8	static
../startup/startup_mk22f51212.c:838:11:Reserved83_IRQHandler	8	static
../startup/startup_mk22f51212.c:842:11:Reserved84_IRQHandler	8	static
../startup/startup_mk22f51212.c:846:11:Reserved85_IRQHandler	8	static
../startup/startup_mk22f51212.c:850:11:Reserved86_IRQHandler	8	static
../startup/startup_mk22f51212.c:854:11:FTM3_IRQHandler	8	static
../startup/startup_mk22f51212.c:858:11:DAC1_IRQHandler	8	static
../startup/startup_mk22f51212.c:862:11:ADC1_IRQHandler	8	static
