C:\Users\roman\myGitRepo\PREN_Project_Share\CMSIS/core_cm4.h:1684:22:__NVIC_EnableIRQ	16	static
C:\Users\roman\myGitRepo\PREN_Project_Share\CMSIS/core_cm4.h:1722:22:__NVIC_DisableIRQ	16	static
C:\Users\roman\myGitRepo\PREN_Project_Share\CMSIS/core_cm4.h:1814:22:__NVIC_SetPriority	16	static
../source/utils/ftm0.c:25:6:Default_Handler_FTM0	4	static
../source/utils/ftm0.c:63:6:FTM0_IRQHandler	8	static
../source/utils/ftm0.c:76:6:ftm0Init	16	static
../source/utils/ftm0.c:86:6:ftm0StartClk	16	static
../source/utils/ftm0.c:92:6:ftm0ChangePS	24	static
../source/utils/ftm0.c:102:6:ftm0StopClk	4	static
../source/utils/ftm0.c:108:6:ftm0EnableIRQ	8	static
../source/utils/ftm0.c:120:6:ftm0StopIRQ	8	static
../source/utils/ftm0.c:136:6:FTM0TOF_IRQHandler	4	static
../source/utils/ftm0.c:141:6:FTM0CH0_IRQHandler	4	static
../source/utils/ftm0.c:145:6:FTM0CH1_IRQHandler	16	static
../source/utils/ftm0.c:249:6:FTM0CH2_IRQHandler	16	static
../source/utils/ftm0.c:401:6:FTM0CH4_IRQHandler	16	static
../source/utils/ftm0.c:503:6:FTM0CH5_IRQHandler	4	static
../source/utils/ftm0.c:536:6:FTM0CH6_IRQHandler	4	static
