C:\Users\roman\myGitRepo\PREN_Project_Share\CMSIS/core_cm4.h:1684:22:__NVIC_EnableIRQ	16	static
C:\Users\roman\myGitRepo\PREN_Project_Share\CMSIS/core_cm4.h:1722:22:__NVIC_DisableIRQ	16	static
C:\Users\roman\myGitRepo\PREN_Project_Share\CMSIS/core_cm4.h:1814:22:__NVIC_SetPriority	16	static
../source/utils/ftm0.c:22:6:Default_Handler_FTM0	4	static
../source/utils/ftm0.c:54:6:FTM0_IRQHandler	8	static
../source/utils/ftm0.c:67:6:ftm0Init	16	static
../source/utils/ftm0.c:75:6:ftm0StartClk	16	static
../source/utils/ftm0.c:81:6:ftm0StopClk	4	static
../source/utils/ftm0.c:87:6:ftm0StartIRQ	8	static
../source/utils/ftm0.c:98:6:ftm0StopIRQ	8	static
../source/utils/ftm0.c:114:6:FTM0TOF_IRQHandler	4	static
../source/utils/ftm0.c:119:6:FTM0CH0_IRQHandler	4	static
../source/utils/ftm0.c:123:6:FTM0CH1_IRQHandler	16	static
../source/utils/ftm0.c:165:6:FTM0CH2_IRQHandler	16	static
../source/utils/ftm0.c:206:6:FTM0CH4_IRQHandler	16	static
