C:\Users\roman\myGitRepo\PREN_Project_Share\CMSIS/core_cm4.h:1684:22:__NVIC_EnableIRQ	16	static
C:\Users\roman\myGitRepo\PREN_Project_Share\CMSIS/core_cm4.h:1722:22:__NVIC_DisableIRQ	16	static
C:\Users\roman\myGitRepo\PREN_Project_Share\CMSIS/core_cm4.h:1814:22:__NVIC_SetPriority	16	static
../source/utils/ftm0.c:26:6:Default_Handler_FTM0	4	static
../source/utils/ftm0.c:64:6:FTM0_IRQHandler	8	static
../source/utils/ftm0.c:77:6:ftm0Init	16	static
../source/utils/ftm0.c:87:6:ftm0StartClk	16	static
../source/utils/ftm0.c:93:6:ftm0ReducePS	24	static
../source/utils/ftm0.c:122:6:ftm0ChangePS	24	static
../source/utils/ftm0.c:132:6:ftm0StopClk	4	static
../source/utils/ftm0.c:138:6:ftm0EnableIRQ	8	static
../source/utils/ftm0.c:150:6:ftm0StopIRQ	8	static
../source/utils/ftm0.c:166:6:FTM0TOF_IRQHandler	4	static
../source/utils/ftm0.c:171:6:FTM0CH0_IRQHandler	4	static
../source/utils/ftm0.c:175:6:FTM0CH1_IRQHandler	16	static
../source/utils/ftm0.c:280:6:FTM0CH2_IRQHandler	16	static
../source/utils/ftm0.c:431:6:FTM0CH4_IRQHandler	16	static
../source/utils/ftm0.c:533:6:FTM0CH5_IRQHandler	4	static
../source/utils/ftm0.c:566:6:FTM0CH6_IRQHandler	16	static
