C:\Users\roman\myGitRepo\PREN_Project_Share\CMSIS/core_cm4.h:1684:22:__NVIC_EnableIRQ	16	static
C:\Users\roman\myGitRepo\PREN_Project_Share\CMSIS/core_cm4.h:1722:22:__NVIC_DisableIRQ	16	static
C:\Users\roman\myGitRepo\PREN_Project_Share\CMSIS/core_cm4.h:1814:22:__NVIC_SetPriority	16	static
../source/utils/ftm0.c:21:6:Default_Handler_FTM0	4	static
../source/utils/ftm0.c:53:6:FTM0_IRQHandler	8	static
../source/utils/ftm0.c:66:6:ftm0Init	16	static
../source/utils/ftm0.c:74:6:ftm0StartClk	16	static
../source/utils/ftm0.c:81:6:ftm0StartIRQ	8	static
../source/utils/ftm0.c:89:6:ftm0StopIRQ	8	static
../source/utils/ftm0.c:105:6:FTM0TOF_IRQHandler	4	static
../source/utils/ftm0.c:110:6:FTM0CH0_IRQHandler	4	static
../source/utils/ftm0.c:114:6:FTM0CH1_IRQHandler	4	static
../source/utils/ftm0.c:132:6:FTM0CH2_IRQHandler	4	static
../source/utils/ftm0.c:150:6:FTM0CH4_IRQHandler	4	static
