C:\Users\roman\myGitRepo\PREN_Project_Share\CMSIS/core_cm4.h:1684:22:__NVIC_EnableIRQ	16	static
C:\Users\roman\myGitRepo\PREN_Project_Share\CMSIS/core_cm4.h:1722:22:__NVIC_DisableIRQ	16	static
C:\Users\roman\myGitRepo\PREN_Project_Share\CMSIS/core_cm4.h:1814:22:__NVIC_SetPriority	16	static
../source/utils/ftm0.c:27:6:Default_Handler_FTM0	4	static
../source/utils/ftm0.c:66:6:FTM0_IRQHandler	8	static
../source/utils/ftm0.c:79:6:ftm0Init	16	static
../source/utils/ftm0.c:89:6:ftm0StartClk	16	static
../source/utils/ftm0.c:95:6:ftm0ReducePS	24	static
../source/utils/ftm0.c:129:6:ftm0ChangePS	24	static
../source/utils/ftm0.c:139:6:ftm0StopClk	4	static
../source/utils/ftm0.c:145:6:ftm0EnableIRQ	8	static
../source/utils/ftm0.c:152:6:ftm0StopIRQ	8	static
../source/utils/ftm0.c:170:6:FTM0TOF_IRQHandler	4	static
../source/utils/ftm0.c:175:6:FTM0CH0_IRQHandler	4	static
../source/utils/ftm0.c:179:6:FTM0CH1_IRQHandler	16	static
../source/utils/ftm0.c:284:6:FTM0CH2_IRQHandler	16	static
../source/utils/ftm0.c:435:6:FTM0CH4_IRQHandler	16	static
../source/utils/ftm0.c:588:6:FTM0CH5_IRQHandler	4	static
../source/utils/ftm0.c:621:6:FTM0CH6_IRQHandler	4	static
../source/utils/ftm0.c:711:6:FTM0CH7_IRQHandler	8	static
