C:\Users\micro\git\PREN_Share\PREN_Project_Share\CMSIS/core_cm4.h:1684:22:__NVIC_EnableIRQ	16	static
C:\Users\micro\git\PREN_Share\PREN_Project_Share\CMSIS/core_cm4.h:1722:22:__NVIC_DisableIRQ	16	static
C:\Users\micro\git\PREN_Share\PREN_Project_Share\CMSIS/core_cm4.h:1814:22:__NVIC_SetPriority	16	static
../source/utils/ftm0.c:22:6:Default_Handler_FTM0	4	static
../source/utils/ftm0.c:54:6:FTM0_IRQHandler	8	static
../source/utils/ftm0.c:67:6:ftm0Init	16	static
../source/utils/ftm0.c:77:6:ftm0StartClk	16	static
../source/utils/ftm0.c:83:6:ftm0ChangePS	24	static
../source/utils/ftm0.c:93:6:ftm0StopClk	4	static
../source/utils/ftm0.c:99:6:ftm0EnableIRQ	8	static
../source/utils/ftm0.c:122:6:ftm0StopIRQ	8	static
../source/utils/ftm0.c:138:6:FTM0TOF_IRQHandler	4	static
../source/utils/ftm0.c:143:6:FTM0CH0_IRQHandler	4	static
../source/utils/ftm0.c:147:6:FTM0CH1_IRQHandler	16	static
../source/utils/ftm0.c:190:6:FTM0CH2_IRQHandler	16	static
../source/utils/ftm0.c:282:6:FTM0CH4_IRQHandler	16	static
