C:\Users\micro\git\PREN_Share\PREN_Project_Share\CMSIS/core_cm4.h:1684:22:__NVIC_EnableIRQ	16	static
C:\Users\micro\git\PREN_Share\PREN_Project_Share\CMSIS/core_cm4.h:1722:22:__NVIC_DisableIRQ	16	static
C:\Users\micro\git\PREN_Share\PREN_Project_Share\CMSIS/core_cm4.h:1814:22:__NVIC_SetPriority	16	static
../source/utils/ftm0.c:25:6:Default_Handler_FTM0	4	static
../source/utils/ftm0.c:58:6:FTM0_IRQHandler	8	static
../source/utils/ftm0.c:71:6:ftm0Init	16	static
../source/utils/ftm0.c:81:6:ftm0StartClk	16	static
../source/utils/ftm0.c:87:6:ftm0ChangePS	24	static
../source/utils/ftm0.c:97:6:ftm0StopClk	4	static
../source/utils/ftm0.c:103:6:ftm0EnableIRQ	8	static
../source/utils/ftm0.c:126:6:ftm0StopIRQ	8	static
../source/utils/ftm0.c:142:6:FTM0TOF_IRQHandler	4	static
../source/utils/ftm0.c:147:6:FTM0CH0_IRQHandler	4	static
../source/utils/ftm0.c:151:6:FTM0CH1_IRQHandler	16	static
../source/utils/ftm0.c:198:6:FTM0CH2_IRQHandler	16	static
../source/utils/ftm0.c:294:6:FTM0CH4_IRQHandler	16	static
../source/utils/ftm0.c:341:6:FTM0CH5_IRQHandler	4	static
