Archive member included to satisfy reference by file (symbol)

C:/nxp/MCUXpressoIDE_25.6.136/ide/plugins/com.nxp.mcuxpresso.tools.win32_25.6.0.202501151204/tools/bin/../lib/gcc/arm-none-eabi/14.2.1/thumb/v7e-m+fp/hard\libgcc.a(_arm_muldf3.o)
                              ./source/control/motor/calculation.o (__aeabi_dmul)
C:/nxp/MCUXpressoIDE_25.6.136/ide/plugins/com.nxp.mcuxpresso.tools.win32_25.6.0.202501151204/tools/bin/../lib/gcc/arm-none-eabi/14.2.1/thumb/v7e-m+fp/hard\libgcc.a(_arm_addsubdf3.o)
                              ./source/control/motor/calculation.o (__aeabi_dsub)
C:/nxp/MCUXpressoIDE_25.6.136/ide/plugins/com.nxp.mcuxpresso.tools.win32_25.6.0.202501151204/tools/bin/../lib/gcc/arm-none-eabi/14.2.1/thumb/v7e-m+fp/hard\libgcc.a(_arm_muldivdf3.o)
                              ./source/control/motor/calculation.o (__aeabi_ddiv)
C:/nxp/MCUXpressoIDE_25.6.136/ide/plugins/com.nxp.mcuxpresso.tools.win32_25.6.0.202501151204/tools/bin/../lib/gcc/arm-none-eabi/14.2.1/thumb/v7e-m+fp/hard\libgcc.a(_arm_fixunsdfsi.o)
                              ./source/control/motor/calculation.o (__aeabi_d2uiz)
C:/nxp/MCUXpressoIDE_25.6.136/ide/plugins/com.nxp.mcuxpresso.tools.win32_25.6.0.202501151204/tools/bin/../lib/gcc/arm-none-eabi/14.2.1/thumb/v7e-m+fp/hard\libgcc.a(_aeabi_uldivmod.o)
                              ./source/control/motor/calculation.o (__aeabi_uldivmod)
C:/nxp/MCUXpressoIDE_25.6.136/ide/plugins/com.nxp.mcuxpresso.tools.win32_25.6.0.202501151204/tools/bin/../lib/gcc/arm-none-eabi/14.2.1/thumb/v7e-m+fp/hard\libgcc.a(_fixunsdfdi.o)
                              ./source/control/motor/calculation.o (__aeabi_d2ulz)
C:/nxp/MCUXpressoIDE_25.6.136/ide/plugins/com.nxp.mcuxpresso.tools.win32_25.6.0.202501151204/tools/bin/../lib/gcc/arm-none-eabi/14.2.1/thumb/v7e-m+fp/hard\libgcc.a(_udivmoddi4.o)
                              C:/nxp/MCUXpressoIDE_25.6.136/ide/plugins/com.nxp.mcuxpresso.tools.win32_25.6.0.202501151204/tools/bin/../lib/gcc/arm-none-eabi/14.2.1/thumb/v7e-m+fp/hard\libgcc.a(_aeabi_uldivmod.o) (__udivmoddi4)
C:/nxp/MCUXpressoIDE_25.6.136/ide/plugins/com.nxp.mcuxpresso.tools.win32_25.6.0.202501151204/tools/bin/../lib/gcc/arm-none-eabi/14.2.1/thumb/v7e-m+fp/hard\libgcc.a(_dvmd_tls.o)
                              C:/nxp/MCUXpressoIDE_25.6.136/ide/plugins/com.nxp.mcuxpresso.tools.win32_25.6.0.202501151204/tools/bin/../lib/gcc/arm-none-eabi/14.2.1/thumb/v7e-m+fp/hard\libgcc.a(_aeabi_uldivmod.o) (__aeabi_ldiv0)
C:/nxp/MCUXpressoIDE_25.6.136/ide/plugins/com.nxp.mcuxpresso.tools.win32_25.6.0.202501151204/tools/bin/../lib/gcc/arm-none-eabi/14.2.1/thumb/v7e-m+fp/hard\libc_nano.a(libc_a-assert.o)
                              ./drivers/fsl_adc16.o (__assert_func)
C:/nxp/MCUXpressoIDE_25.6.136/ide/plugins/com.nxp.mcuxpresso.tools.win32_25.6.0.202501151204/tools/bin/../lib/gcc/arm-none-eabi/14.2.1/thumb/v7e-m+fp/hard\libc_nano.a(libc_a-malloc.o)
                              ./drivers/fsl_common.o (malloc)
C:/nxp/MCUXpressoIDE_25.6.136/ide/plugins/com.nxp.mcuxpresso.tools.win32_25.6.0.202501151204/tools/bin/../lib/gcc/arm-none-eabi/14.2.1/thumb/v7e-m+fp/hard\libc_nano.a(libc_a-mallocr.o)
                              C:/nxp/MCUXpressoIDE_25.6.136/ide/plugins/com.nxp.mcuxpresso.tools.win32_25.6.0.202501151204/tools/bin/../lib/gcc/arm-none-eabi/14.2.1/thumb/v7e-m+fp/hard\libc_nano.a(libc_a-malloc.o) (_malloc_r)
C:/nxp/MCUXpressoIDE_25.6.136/ide/plugins/com.nxp.mcuxpresso.tools.win32_25.6.0.202501151204/tools/bin/../lib/gcc/arm-none-eabi/14.2.1/thumb/v7e-m+fp/hard\libc_nano.a(libc_a-mlock.o)
                              C:/nxp/MCUXpressoIDE_25.6.136/ide/plugins/com.nxp.mcuxpresso.tools.win32_25.6.0.202501151204/tools/bin/../lib/gcc/arm-none-eabi/14.2.1/thumb/v7e-m+fp/hard\libc_nano.a(libc_a-mallocr.o) (__malloc_lock)
C:/nxp/MCUXpressoIDE_25.6.136/ide/plugins/com.nxp.mcuxpresso.tools.win32_25.6.0.202501151204/tools/bin/../lib/gcc/arm-none-eabi/14.2.1/thumb/v7e-m+fp/hard\libc_nano.a(libc_a-strtol.o)
                              ./source/com/term.o (strtol)
C:/nxp/MCUXpressoIDE_25.6.136/ide/plugins/com.nxp.mcuxpresso.tools.win32_25.6.0.202501151204/tools/bin/../lib/gcc/arm-none-eabi/14.2.1/thumb/v7e-m+fp/hard\libc_nano.a(libc_a-ctype_.o)
                              C:/nxp/MCUXpressoIDE_25.6.136/ide/plugins/com.nxp.mcuxpresso.tools.win32_25.6.0.202501151204/tools/bin/../lib/gcc/arm-none-eabi/14.2.1/thumb/v7e-m+fp/hard\libc_nano.a(libc_a-strtol.o) (_ctype_)
C:/nxp/MCUXpressoIDE_25.6.136/ide/plugins/com.nxp.mcuxpresso.tools.win32_25.6.0.202501151204/tools/bin/../lib/gcc/arm-none-eabi/14.2.1/thumb/v7e-m+fp/hard\libc_nano.a(libc_a-nano-vfprintf.o)
                              ./source/utils/wait.o (vfprintf)
C:/nxp/MCUXpressoIDE_25.6.136/ide/plugins/com.nxp.mcuxpresso.tools.win32_25.6.0.202501151204/tools/bin/../lib/gcc/arm-none-eabi/14.2.1/thumb/v7e-m+fp/hard\libc_nano.a(libc_a-nano-vfprintf_i.o)
[...]
Memory Configuration

Name             Origin             Length             Attributes
PROGRAM_FLASH    0x00000000         0x00080000         xr
SRAM_UPPER       0x20000000         0x00010000         xrw
SRAM_LOWER       0x1fff0000         0x00010000         xrw
*default*        0x00000000         0xffffffff

Linker script and memory map

LOAD ./startup/startup_mk22f51212.o
LOAD ./startup/system.o
LOAD ./source/utils/debug.o
LOAD ./source/utils/ftm0.o
LOAD ./source/utils/util.o
LOAD ./source/utils/wait.o
LOAD ./source/control/sensor/sensor.o
LOAD ./source/control/motor/calculation.o
LOAD ./source/control/motor/emergency.o
LOAD ./source/control/motor/motor.o
LOAD ./source/control/coil/coil.o
LOAD ./source/control/control.o
LOAD ./source/com/term.o
LOAD ./source/com/uart2.o
LOAD ./source/main.o
LOAD ./drivers/fsl_adc16.o
LOAD ./drivers/fsl_clock.o
LOAD ./drivers/fsl_common.o
LOAD ./drivers/fsl_common_arm.o
LOAD ./drivers/fsl_dspi.o
LOAD ./drivers/fsl_gpio.o
LOAD ./drivers/fsl_i2c.o
LOAD ./drivers/fsl_rtc.o
LOAD ./drivers/fsl_smc.o
LOAD ./drivers/fsl_uart.o
LOAD ./device/system_MK22F51212.o
LOAD ./board/board.o
LOAD ./board/clock_config.o
LOAD ./board/peripherals.o
LOAD ./board/pin_mux.o
START GROUP
LOAD C:/nxp/MCUXpressoIDE_25.6.136/ide/plugins/com.nxp.mcuxpresso.tools.win32_25.6.0.202501151204/tools/bin/../lib/gcc/arm-none-eabi/14.2.1/thumb/v7e-m+fp/hard\libgcc.a
LOAD C:/nxp/MCUXpressoIDE_25.6.136/ide/plugins/com.nxp.mcuxpresso.tools.win32_25.6.0.202501151204/tools/bin/../lib/gcc/arm-none-eabi/14.2.1/thumb/v7e-m+fp/hard\libc_nano.a
LOAD C:/nxp/MCUXpressoIDE_25.6.136/ide/plugins/com.nxp.mcuxpresso.tools.win32_25.6.0.202501151204/tools/bin/../lib/gcc/arm-none-eabi/14.2.1/thumb/v7e-m+fp/hard\libm.a
LOAD C:/nxp/MCUXpressoIDE_25.6.136/ide/plugins/com.nxp.mcuxpresso.tools.win32_25.6.0.202501151204/tools/bin/../lib/gcc/arm-none-eabi/14.2.1/../../../../arm-none-eabi/lib/thumb/v7e-m+fp/hard\libcr_newlib_nohost.a
END GROUP
                0x00000000                        __base_PROGRAM_FLASH = 0x0
                0x00000000                        __base_Flash = 0x0
                0x00080000                        __top_PROGRAM_FLASH = 0x80000
                0x00080000                        __top_Flash = 0x80000
                0x20000000                        __base_SRAM_UPPER = 0x20000000
                0x20000000                        __base_RAM = 0x20000000
                0x20010000                        __top_SRAM_UPPER = 0x20010000
                0x20010000                        __top_RAM = 0x20010000
                0x1fff0000                        __base_SRAM_LOWER = 0x1fff0000
                0x1fff0000                        __base_RAM2 = 0x1fff0000
                0x20000000                        __top_SRAM_LOWER = 0x20000000
                0x20000000                        __top_RAM2 = 0x20000000

.text           0x00000000     0x6ca0
 FILL mask 0xff
                0x00000000                        __vectors_start__ = ABSOLUTE (.)
 *(SORT_BY_ALIGNMENT(.isr_vector))
 .isr_vector    0x00000000      0x168 ./startup/startup_mk22f51212.o
                0x00000000                g_pfnVectors
                0x00000000                __Vectors
                0x00000168                        . = ALIGN (0x4)
                0x00000168                        __section_table_start = .
                0x00000168                        __data_section_table = .
                0x00000168        0x4 LONG 0x6ca8 LOADADDR (.data)
                0x0000016c        0x4 LONG 0x20000000 ADDR (.data)
                0x00000170        0x4 LONG 0x78 SIZEOF (.data)
                0x00000174        0x4 LONG 0x6ca8 LOADADDR (.data_RAM2)
                0x00000178        0x4 LONG 0x1fff0000 ADDR (.data_RAM2)
                0x0000017c        0x4 LONG 0x0 SIZEOF (.data_RAM2)
                0x00000180                        __data_section_table_end = .
                0x00000180                        __bss_section_table = .
                0x00000180        0x4 LONG 0x20000078 ADDR (.bss)
                0x00000184        0x4 LONG 0x170c SIZEOF (.bss)
                0x00000188        0x4 LONG 0x1fff0000 ADDR (.bss_RAM2)
                0x0000018c        0x4 LONG 0x0 SIZEOF (.bss_RAM2)
                0x00000190                        __bss_section_table_end = .
                0x00000190                        __section_table_end = .
 *(SORT_BY_ALIGNMENT(.after_vectors*))
 .after_vectors.reset
                0x00000190       0x50 ./startup/startup_mk22f51212.o
                0x00000190                ResetISR
 .after_vectors.init_data
                0x000001e0       0x1e ./startup/startup_mk22f51212.o
                0x000001e0                data_init
 .after_vectors.init_bss
                0x000001fe       0x12 ./startup/startup_mk22f51212.o
                0x000001fe                bss_init
 .after_vectors
                0x00000210       0x14 ./startup/startup_mk22f51212.o
                0x00000210                NMI_Handler
                0x00000214                MemManage_Handler
                0x00000216                BusFault_Handler
                0x00000218                UsageFault_Handler
                0x0000021a                SVC_Handler
                0x0000021c                DebugMon_Handler
                0x0000021e                PendSV_Handler
                0x00000220                SysTick_Handler
                0x00000222                DMA_Error_DriverIRQHandler
                0x00000222                FTM1_DriverIRQHandler
                0x00000222                FTM2_DriverIRQHandler
                0x00000222                PIT2_DriverIRQHandler
                0x00000222                Reserved82_DriverIRQHandler
                0x00000222                I2S0_Tx_DriverIRQHandler
                0x00000222                RTC_Seconds_DriverIRQHandler
                0x00000222                FTF_DriverIRQHandler
                0x00000222                DMA6_DriverIRQHandler
                0x00000222                LLWU_DriverIRQHandler
                0x00000222                MCM_DriverIRQHandler
                0x00000222                MCG_DriverIRQHandler
                0x00000222                DAC1_DriverIRQHandler
                0x00000222                LPTMR0_DriverIRQHandler
                0x00000222                CMP1_DriverIRQHandler
                0x00000222                FTM0_DriverIRQHandler
                0x00000222                IntDefaultHandler
                0x00000222                USB0_DriverIRQHandler
                0x00000222                PORTC_DriverIRQHandler
                0x00000222                DMA11_DriverIRQHandler
                0x00000222                DAC0_DriverIRQHandler
                0x00000222                DMA10_DriverIRQHandler
                0x00000222                UART2_ERR_DriverIRQHandler
                0x00000222                LVD_LVW_DriverIRQHandler
                0x00000222                Reserved84_DriverIRQHandler
                0x00000222                PIT0_DriverIRQHandler
                0x00000222                DMA12_DriverIRQHandler
                0x00000222                DMA5_DriverIRQHandler
                0x00000222                DMA4_DriverIRQHandler
                0x00000222                DMA3_DriverIRQHandler
                0x00000222                Reserved53_DriverIRQHandler
                0x00000222                DMA8_DriverIRQHandler
                0x00000222                DMA9_DriverIRQHandler
                0x00000222                UART0_ERR_DriverIRQHandler
                0x00000222                Reserved71_DriverIRQHandler
                0x00000222                ADC1_DriverIRQHandler
                0x00000222                PORTA_DriverIRQHandler
                0x00000222                DMA14_DriverIRQHandler
                0x00000222                PIT3_DriverIRQHandler
                0x00000222                PIT1_DriverIRQHandler
                0x00000222                WDOG_EWM_DriverIRQHandler
                0x00000222                PDB0_DriverIRQHandler
                0x00000222                Reserved83_DriverIRQHandler
                0x00000222                Reserved61_DriverIRQHandler
                0x00000222                RTC_DriverIRQHandler
                0x00000222                I2S0_Rx_DriverIRQHandler
                0x00000222                Read_Collision_DriverIRQHandler
                0x00000222                Reserved54_DriverIRQHandler
                0x00000222                SWI_DriverIRQHandler
                0x00000222                PORTB_DriverIRQHandler
                0x00000222                DMA0_DriverIRQHandler
                0x00000222                DMA1_DriverIRQHandler
                0x00000222                DMA13_DriverIRQHandler
                0x00000222                DMA15_DriverIRQHandler
                0x00000222                LPUART0_DriverIRQHandler
                0x00000222                Reserved85_DriverIRQHandler
                0x00000222                Reserved81_DriverIRQHandler
                0x00000222                ADC0_DriverIRQHandler
                0x00000222                CMP0_DriverIRQHandler
                0x00000222                FTM3_DriverIRQHandler
                0x00000222                RNG_DriverIRQHandler
                0x00000222                UART1_ERR_DriverIRQHandler
                0x00000222                DMA2_DriverIRQHandler
                0x00000222                PORTD_DriverIRQHandler
                0x00000222                Reserved70_DriverIRQHandler
                0x00000222                Reserved86_DriverIRQHandler
                0x00000222                PORTE_DriverIRQHandler
                0x00000222                DMA7_DriverIRQHandler
                0x00000400                        . = 0x400
 *fill*         0x00000224      0x1dc ff
                0x00000400                        PROVIDE (__FLASH_CONFIG_START__ = .)
 *(SORT_BY_ALIGNMENT(.FlashConfig))
 .FlashConfig   0x00000400       0x10 ./startup/startup_mk22f51212.o
                0x00000400                Flash_Config
                0x00000410                        PROVIDE (__FLASH_CONFIG_END__ = .)
                0x00000001                        ASSERT (! ((__FLASH_CONFIG_START__ == __FLASH_CONFIG_END__)), Linker Flash Config Support Enabled, but no .FlashConfig section provided within application)
 *(SORT_BY_ALIGNMENT(.text*))
 .text          0x00000410       0xa0 C:/nxp/MCUXpressoIDE_25.6.136/ide/plugins/com.nxp.mcuxpresso.tools.win32_25.6.0.202501151204/tools/bin/../lib/gcc/arm-none-eabi/14.2.1/thumb/v7e-m+fp/hard\libc_nano.a(libc_a-memchr.o)
                0x00000410                memchr
 .text.calcPulsePause
                0x000004b0     0x10c0 ./source/control/motor/calculation.o
                0x000004b0                calcPulsePause
 .text.SystemInitHook
                0x00001570       0x48 ./startup/system.o
                0x00001570                SystemInitHook
 .text.McuHardFault_HandlerC
                0x000015b8       0xe4 ./startup/system.o
                0x000015b8                McuHardFault_HandlerC
 .text.__NVIC_EnableIRQ
                0x0000169c       0x3c ./source/utils/ftm0.o
 .text.__NVIC_DisableIRQ
                0x000016d8       0x48 ./source/utils/ftm0.o
 .text.__NVIC_SetPriority
                0x00001720       0x54 ./source/utils/ftm0.o
 .text.FTM0_IRQHandler
                0x00001774       0x9c ./source/utils/ftm0.o
                0x00001774                FTM0_IRQHandler
 .text.ftm0Init
                0x00001810       0x50 ./source/utils/ftm0.o
                0x00001810                ftm0Init
 .text.ftm0StartClk
                0x00001860       0x30 ./source/utils/ftm0.o
                0x00001860                ftm0StartClk
 .text.ftm0ReducePS
                0x00001890       0xdc ./source/utils/ftm0.o
                0x00001890                ftm0ReducePS
 .text.ftm0StopClk
                0x0000196c       0x20 ./source/utils/ftm0.o
                0x0000196c                ftm0StopClk
 .text.ftm0StopIRQ
                0x0000198c       0x74 ./source/utils/ftm0.o
                0x0000198c                ftm0StopIRQ
 .text.FTM0TOF_IRQHandler
                0x00001a00       0x20 ./source/utils/ftm0.o
                0x00001a00                FTM0TOF_IRQHandler
 .text.FTM0CH0_IRQHandler
                0x00001a20       0x20 ./source/utils/ftm0.o
                0x00001a20                FTM0CH0_IRQHandler
 .text.FTM0CH1_IRQHandler
                0x00001a40      0x2d8 ./source/utils/ftm0.o
                0x00001a40                FTM0CH1_IRQHandler
 .text.FTM0CH2_IRQHandler
                0x00001d18      0x2d8 ./source/utils/ftm0.o
                0x00001d18                FTM0CH2_IRQHandler
 .text.FTM0CH4_IRQHandler
                0x00001ff0      0x2d8 ./source/utils/ftm0.o
                0x00001ff0                FTM0CH4_IRQHandler
 .text.FTM0CH5_IRQHandler
                0x000022c8       0xac ./source/utils/ftm0.o
                0x000022c8                FTM0CH5_IRQHandler
 .text.FTM0CH6_IRQHandler
                0x00002374      0x1a4 ./source/utils/ftm0.o
                0x00002374                FTM0CH6_IRQHandler
 .text.FTM0CH7_IRQHandler
                0x00002518       0x88 ./source/utils/ftm0.o
                0x00002518                FTM0CH7_IRQHandler
 .text.utilNum16uToStr
                0x000025a0       0xec ./source/utils/util.o
                0x000025a0                utilNum16uToStr
 .text.logif    0x0000268c       0x98 ./source/utils/wait.o
 .text.waitInit
                0x00002724       0x38 ./source/utils/wait.o
                0x00002724                waitInit
 .text.waitMs   0x0000275c       0x64 ./source/utils/wait.o
                0x0000275c                waitMs
 .text.waitUs   0x000027c0       0x40 ./source/utils/wait.o
                0x000027c0                waitUs
 .text.sensorInit
                0x00002800       0x54 ./source/control/sensor/sensor.o
                0x00002800                sensorInit
 .text.analyzeSegment
                0x00002854      0x31c ./source/control/motor/calculation.o
                0x00002854                analyzeSegment
 .text.overflowCounter_16bit
                0x00002b70       0x64 ./source/control/motor/calculation.o
 .text.scalePercent
                0x00002bd4       0x64 ./source/control/motor/calculation.o
                0x00002bd4                scalePercent
 .text.motorInit
                0x00002c38      0x190 ./source/control/motor/motor.o
                0x00002c38                motorInit
 .text.moveToInitPos
                0x00002dc8       0xe4 ./source/control/motor/motor.o
                0x00002dc8                moveToInitPos
 .text.moveWay  0x00002eac      0x418 ./source/control/motor/motor.o
                0x00002eac                moveWay
 .text.resetMoveTimers
                0x000032c4       0x48 ./source/control/motor/motor.o
                0x000032c4                resetMoveTimers
 .text.resetRotTimers
                0x0000330c       0x20 ./source/control/motor/motor.o
                0x0000330c                resetRotTimers
 .text.initGlobalsMove
                0x0000332c       0xe0 ./source/control/motor/motor.o
                0x0000332c                initGlobalsMove
 .text.initGlobalsRot
                0x0000340c       0x24 ./source/control/motor/motor.o
                0x0000340c                initGlobalsRot
 .text.coilInit
                0x00003430       0x2c ./source/control/coil/coil.o
                0x00003430                coilInit
 .text.coil_ctrl
                0x0000345c       0x34 ./source/control/coil/coil.o
                0x0000345c                coil_ctrl
 .text.newCommand
                0x00003490       0x84 ./source/control/control.o
                0x00003490                newCommand
 .text.clkGating
                0x00003514       0x78 ./source/control/control.o
                0x00003514                clkGating
 .text.termRegisterCommandLineHandler
                0x0000358c       0x48 ./source/com/term.o
                0x0000358c                termRegisterCommandLineHandler
 .text.termWriteChar
                0x000035d4       0x2c ./source/com/term.o
                0x000035d4                termWriteChar
 .text.termParseCommand
                0x00003600      0x13c ./source/com/term.o
                0x00003600                termParseCommand
 .text.termDoWork
                0x0000373c       0x3c ./source/com/term.o
                0x0000373c                termDoWork
 .text.termInit
                0x00003778       0x28 ./source/com/term.o
                0x00003778                termInit
 .text.initHandler
                0x000037a0       0x24 ./source/com/term.o
 .text.cameraHandler
                0x000037c4       0x2c ./source/com/term.o
 .text.puzzleEndHandler
                0x000037f0       0x1c ./source/com/term.o
 .text.commandInit
                0x0000380c       0x94 ./source/com/term.o
                0x0000380c                commandInit
 .text.__NVIC_EnableIRQ
                0x000038a0       0x3c ./source/com/uart2.o
 .text.__NVIC_DisableIRQ
                0x000038dc       0x48 ./source/com/uart2.o
 .text.__NVIC_SetPriority
                0x00003924       0x54 ./source/com/uart2.o
 .text.UART2_RX_TX_IRQHandler
                0x00003978       0xdc ./source/com/uart2.o
                0x00003978                UART2_RX_TX_IRQHandler
 .text.UART2_ERR_IRQHandler
                0x00003a54       0x1c ./source/com/uart2.o
                0x00003a54                UART2_ERR_IRQHandler
 .text.uart2WriteChar
                0x00003a70       0x80 ./source/com/uart2.o
                0x00003a70                uart2WriteChar
 .text.uart2ReadChar
                0x00003af0       0x68 ./source/com/uart2.o
                0x00003af0                uart2ReadChar
 .text.uart2HasLineReceived
                0x00003b58       0x60 ./source/com/uart2.o
                0x00003b58                uart2HasLineReceived
 .text.uart2Init
                0x00003bb8       0xf4 ./source/com/uart2.o
                0x00003bb8                uart2Init
 .text.main     0x00003cac       0x54 ./source/main.o
                0x00003cac                main
 .text.CLOCK_SetEr32kClock
                0x00003d00       0x30 ./drivers/fsl_clock.o
 .text.CLOCK_SetPllFllSelClock
                0x00003d30       0x38 ./drivers/fsl_clock.o
 .text.CLOCK_GetOscRangeFromFreq
                0x00003d68       0x3c ./drivers/fsl_clock.o
 .text.CLOCK_SetSimConfig
                0x00003da4       0x34 ./drivers/fsl_clock.o
                0x00003da4                CLOCK_SetSimConfig
 .text.CLOCK_SetExternalRefClkConfig
                0x00003dd8       0x6c ./drivers/fsl_clock.o
                0x00003dd8                CLOCK_SetExternalRefClkConfig
 .text.CLOCK_EnablePll0
                0x00003e44       0x98 ./drivers/fsl_clock.o
                0x00003e44                CLOCK_EnablePll0
 .text.CLOCK_InitOsc0
                0x00003edc       0x8c ./drivers/fsl_clock.o
                0x00003edc                CLOCK_InitOsc0
 .text.CLOCK_SetPbeMode
                0x00003f68       0xb8 ./drivers/fsl_clock.o
                0x00003f68                CLOCK_SetPbeMode
 .text.CLOCK_BootToPeeMode
                0x00004020       0x70 ./drivers/fsl_clock.o
                0x00004020                CLOCK_BootToPeeMode
 .text.DSPI_CommonIRQHandler
                0x00004090       0x44 ./drivers/fsl_dspi.o
 .text.SPI0_DriverIRQHandler
                0x000040d4       0x40 ./drivers/fsl_dspi.o
                0x000040d4                SPI0_DriverIRQHandler
 .text.SPI1_DriverIRQHandler
                0x00004114       0x40 ./drivers/fsl_dspi.o
                0x00004114                SPI1_DriverIRQHandler
 .text.I2C_TransferCommonIRQHandler
                0x00004154       0x58 ./drivers/fsl_i2c.o
 .text.I2C0_DriverIRQHandler
                0x000041ac       0x1c ./drivers/fsl_i2c.o
                0x000041ac                I2C0_DriverIRQHandler
 .text.I2C1_DriverIRQHandler
                0x000041c8       0x1c ./drivers/fsl_i2c.o
                0x000041c8                I2C1_DriverIRQHandler
 .text.UART0_DriverIRQHandler
                0x000041e4       0x28 ./drivers/fsl_uart.o
                0x000041e4                UART0_DriverIRQHandler
 .text.UART1_DriverIRQHandler
                0x0000420c       0x28 ./drivers/fsl_uart.o
                0x0000420c                UART1_DriverIRQHandler
 .text.SystemInit
                0x00004234       0x3c ./device/system_MK22F51212.o
                0x00004234                SystemInit
 .text.CLOCK_SetSimSafeDivs
                0x00004270       0x24 ./board/clock_config.o
 .text.CLOCK_SetXtal0Freq
                0x00004294       0x20 ./board/clock_config.o
 .text.CLOCK_CONFIG_SetFllExtRefDiv
                0x000042b4       0x3c ./board/clock_config.o
 .text.BOARD_BootClockRUN
                0x000042f0       0x74 ./board/clock_config.o
                0x000042f0                BOARD_BootClockRUN
 .text          0x00004364      0x378 C:/nxp/MCUXpressoIDE_25.6.136/ide/plugins/com.nxp.mcuxpresso.tools.win32_25.6.0.202501151204/tools/bin/../lib/gcc/arm-none-eabi/14.2.1/thumb/v7e-m+fp/hard\libgcc.a(_arm_addsubdf3.o)
                0x00004364                __aeabi_drsub
                0x0000436c                __aeabi_dsub
                0x0000436c                __subdf3
                0x00004370                __aeabi_dadd
                0x00004370                __adddf3
                0x000045e8                __floatunsidf
                0x000045e8                __aeabi_ui2d
                0x00004608                __floatsidf
                0x00004608                __aeabi_i2d
                0x0000462c                __aeabi_f2d
                0x0000462c                __extendsfdf2
                0x00004670                __floatundidf
                0x00004670                __aeabi_ul2d
                0x00004680                __floatdidf
                0x00004680                __aeabi_l2d
 .text          0x000046dc      0x424 C:/nxp/MCUXpressoIDE_25.6.136/ide/plugins/com.nxp.mcuxpresso.tools.win32_25.6.0.202501151204/tools/bin/../lib/gcc/arm-none-eabi/14.2.1/thumb/v7e-m+fp/hard\libgcc.a(_arm_muldivdf3.o)
                0x000046dc                __aeabi_dmul
                0x000046dc                __muldf3
                0x00004930                __divdf3
                0x00004930                __aeabi_ddiv
 .text          0x00004b00       0x40 C:/nxp/MCUXpressoIDE_25.6.136/ide/plugins/com.nxp.mcuxpresso.tools.win32_25.6.0.202501151204/tools/bin/../lib/gcc/arm-none-eabi/14.2.1/thumb/v7e-m+fp/hard\libgcc.a(_arm_fixunsdfsi.o)
                0x00004b00                __aeabi_d2uiz
                0x00004b00                __fixunsdfsi
 .text          0x00004b40       0x30 C:/nxp/MCUXpressoIDE_25.6.136/ide/plugins/com.nxp.mcuxpresso.tools.win32_25.6.0.202501151204/tools/bin/../lib/gcc/arm-none-eabi/14.2.1/thumb/v7e-m+fp/hard\libgcc.a(_aeabi_uldivmod.o)
                0x00004b40                __aeabi_uldivmod
 .text.__fixunsdfdi
                0x00004b70       0x3c C:/nxp/MCUXpressoIDE_25.6.136/ide/plugins/com.nxp.mcuxpresso.tools.win32_25.6.0.202501151204/tools/bin/../lib/gcc/arm-none-eabi/14.2.1/thumb/v7e-m+fp/hard\libgcc.a(_fixunsdfdi.o)
                0x00004b70                __fixunsdfdi
                0x00004b70                __aeabi_d2ulz
 .text.__udivmoddi4
                0x00004bac      0x2f8 C:/nxp/MCUXpressoIDE_25.6.136/ide/plugins/com.nxp.mcuxpresso.tools.win32_25.6.0.202501151204/tools/bin/../lib/gcc/arm-none-eabi/14.2.1/thumb/v7e-m+fp/hard\libgcc.a(_udivmoddi4.o)
                0x00004bac                __udivmoddi4
 .text          0x00004ea4        0x4 C:/nxp/MCUXpressoIDE_25.6.136/ide/plugins/com.nxp.mcuxpresso.tools.win32_25.6.0.202501151204/tools/bin/../lib/gcc/arm-none-eabi/14.2.1/thumb/v7e-m+fp/hard\libgcc.a(_dvmd_tls.o)
                0x00004ea4                __aeabi_idiv0
                0x00004ea4                __aeabi_ldiv0
 .text.__assert_func
                0x00004ea8       0x3c C:/nxp/MCUXpressoIDE_25.6.136/ide/plugins/com.nxp.mcuxpresso.tools.win32_25.6.0.202501151204/tools/bin/../lib/gcc/arm-none-eabi/14.2.1/thumb/v7e-m+fp/hard\libc_nano.a(libc_a-assert.o)
                0x00004ea8                __assert_func
 .text.sbrk_aligned
                0x00004ee4       0x44 C:/nxp/MCUXpressoIDE_25.6.136/ide/plugins/com.nxp.mcuxpresso.tools.win32_25.6.0.202501151204/tools/bin/../lib/gcc/arm-none-eabi/14.2.1/thumb/v7e-m+fp/hard\libc_nano.a(libc_a-mallocr.o)
 .text._malloc_r
                0x00004f28      0x100 C:/nxp/MCUXpressoIDE_25.6.136/ide/plugins/com.nxp.mcuxpresso.tools.win32_25.6.0.202501151204/tools/bin/../lib/gcc/arm-none-eabi/14.2.1/thumb/v7e-m+fp/hard\libc_nano.a(libc_a-mallocr.o)
                0x00004f28                _malloc_r
 .text.__malloc_lock
                0x00005028        0xc C:/nxp/MCUXpressoIDE_25.6.136/ide/plugins/com.nxp.mcuxpresso.tools.win32_25.6.0.202501151204/tools/bin/../lib/gcc/arm-none-eabi/14.2.1/thumb/v7e-m+fp/hard\libc_nano.a(libc_a-mlock.o)
                0x00005028                __malloc_lock
 .text.__malloc_unlock
                0x00005034        0xc C:/nxp/MCUXpressoIDE_25.6.136/ide/plugins/com.nxp.mcuxpresso.tools.win32_25.6.0.202501151204/tools/bin/../lib/gcc/arm-none-eabi/14.2.1/thumb/v7e-m+fp/hard\libc_nano.a(libc_a-mlock.o)
                0x00005034                __malloc_unlock
 .text._strtol_l.isra.0
                0x00005040       0xf4 C:/nxp/MCUXpressoIDE_25.6.136/ide/plugins/com.nxp.mcuxpresso.tools.win32_25.6.0.202501151204/tools/bin/../lib/gcc/arm-none-eabi/14.2.1/thumb/v7e-m+fp/hard\libc_nano.a(libc_a-strtol.o)
 .text.strtol   0x00005134       0x14 C:/nxp/MCUXpressoIDE_25.6.136/ide/plugins/com.nxp.mcuxpresso.tools.win32_25.6.0.202501151204/tools/bin/../lib/gcc/arm-none-eabi/14.2.1/thumb/v7e-m+fp/hard\libc_nano.a(libc_a-strtol.o)
                0x00005134                strtol
 .text._vfprintf_r
                0x00005148      0x230 C:/nxp/MCUXpressoIDE_25.6.136/ide/plugins/com.nxp.mcuxpresso.tools.win32_25.6.0.202501151204/tools/bin/../lib/gcc/arm-none-eabi/14.2.1/thumb/v7e-m+fp/hard\libc_nano.a(libc_a-nano-vfprintf.o)
                0x00005148                _vfprintf_r
                0x00005148                _vfiprintf_r
 .text.vfprintf
                0x00005378       0x14 C:/nxp/MCUXpressoIDE_25.6.136/ide/plugins/com.nxp.mcuxpresso.tools.win32_25.6.0.202501151204/tools/bin/../lib/gcc/arm-none-eabi/14.2.1/thumb/v7e-m+fp/hard\libc_nano.a(libc_a-nano-vfprintf.o)
                0x00005378                vfprintf
                0x00005378                vfiprintf
 .text._printf_i
                0x0000538c      0x240 C:/nxp/MCUXpressoIDE_25.6.136/ide/plugins/com.nxp.mcuxpresso.tools.win32_25.6.0.202501151204/tools/bin/../lib/gcc/arm-none-eabi/14.2.1/thumb/v7e-m+fp/hard\libc_nano.a(libc_a-nano-vfprintf_i.o)
                0x0000538c                _printf_i
 .text.std      0x000055cc       0x6c C:/nxp/MCUXpressoIDE_25.6.136/ide/plugins/com.nxp.mcuxpresso.tools.win32_25.6.0.202501151204/tools/bin/../lib/gcc/arm-none-eabi/14.2.1/thumb/v7e-m+fp/hard\libc_nano.a(libc_a-findfp.o)
 .text.stdio_exit_handler
                0x00005638       0x18 C:/nxp/MCUXpressoIDE_25.6.136/ide/plugins/com.nxp.mcuxpresso.tools.win32_25.6.0.202501151204/tools/bin/../lib/gcc/arm-none-eabi/14.2.1/thumb/v7e-m+fp/hard\libc_nano.a(libc_a-findfp.o)
 .text.cleanup_stdio
                0x00005650       0x40 C:/nxp/MCUXpressoIDE_25.6.136/ide/plugins/com.nxp.mcuxpresso.tools.win32_25.6.0.202501151204/tools/bin/../lib/gcc/arm-none-eabi/14.2.1/thumb/v7e-m+fp/hard\libc_nano.a(libc_a-findfp.o)
 .text.global_stdio_init.part.0
                0x00005690       0x40 C:/nxp/MCUXpressoIDE_25.6.136/ide/plugins/com.nxp.mcuxpresso.tools.win32_25.6.0.202501151204/tools/bin/../lib/gcc/arm-none-eabi/14.2.1/thumb/v7e-m+fp/hard\libc_nano.a(libc_a-findfp.o)
 .text.__sfp_lock_acquire
                0x000056d0        0xc C:/nxp/MCUXpressoIDE_25.6.136/ide/plugins/com.nxp.mcuxpresso.tools.win32_25.6.0.202501151204/tools/bin/../lib/gcc/arm-none-eabi/14.2.1/thumb/v7e-m+fp/hard\libc_nano.a(libc_a-findfp.o)
                0x000056d0                __sfp_lock_acquire
 .text.__sfp_lock_release
                0x000056dc        0xc C:/nxp/MCUXpressoIDE_25.6.136/ide/plugins/com.nxp.mcuxpresso.tools.win32_25.6.0.202501151204/tools/bin/../lib/gcc/arm-none-eabi/14.2.1/thumb/v7e-m+fp/hard\libc_nano.a(libc_a-findfp.o)
                0x000056dc                __sfp_lock_release
 .text.__sinit  0x000056e8       0x30 C:/nxp/MCUXpressoIDE_25.6.136/ide/plugins/com.nxp.mcuxpresso.tools.win32_25.6.0.202501151204/tools/bin/../lib/gcc/arm-none-eabi/14.2.1/thumb/v7e-m+fp/hard\libc_nano.a(libc_a-findfp.o)
                0x000056e8                __sinit
 .text.fprintf  0x00005718       0x24 C:/nxp/MCUXpressoIDE_25.6.136/ide/plugins/com.nxp.mcuxpresso.tools.win32_25.6.0.202501151204/tools/bin/../lib/gcc/arm-none-eabi/14.2.1/thumb/v7e-m+fp/hard\libc_nano.a(libc_a-fprintf.o)
                0x00005718                fiprintf
                0x00005718                fprintf
 .text.__swsetup_r
                0x0000573c       0xa8 C:/nxp/MCUXpressoIDE_25.6.136/ide/plugins/com.nxp.mcuxpresso.tools.win32_25.6.0.202501151204/tools/bin/../lib/gcc/arm-none-eabi/14.2.1/thumb/v7e-m+fp/hard\libc_nano.a(libc_a-wsetup.o)
                0x0000573c                __swsetup_r
 .text._close_r
                0x000057e4       0x20 C:/nxp/MCUXpressoIDE_25.6.136/ide/plugins/com.nxp.mcuxpresso.tools.win32_25.6.0.202501151204/tools/bin/../lib/gcc/arm-none-eabi/14.2.1/thumb/v7e-m+fp/hard\libc_nano.a(libc_a-closer.o)
                0x000057e4                _close_r
 .text._lseek_r
                0x00005804       0x24 C:/nxp/MCUXpressoIDE_25.6.136/ide/plugins/com.nxp.mcuxpresso.tools.win32_25.6.0.202501151204/tools/bin/../lib/gcc/arm-none-eabi/14.2.1/thumb/v7e-m+fp/hard\libc_nano.a(libc_a-lseekr.o)
                0x00005804                _lseek_r
 .text._read_r  0x00005828       0x24 C:/nxp/MCUXpressoIDE_25.6.136/ide/plugins/com.nxp.mcuxpresso.tools.win32_25.6.0.202501151204/tools/bin/../lib/gcc/arm-none-eabi/14.2.1/thumb/v7e-m+fp/hard\libc_nano.a(libc_a-readr.o)
                0x00005828                _read_r
 .text._sbrk_r  0x0000584c       0x20 C:/nxp/MCUXpressoIDE_25.6.136/ide/plugins/com.nxp.mcuxpresso.tools.win32_25.6.0.202501151204/tools/bin/../lib/gcc/arm-none-eabi/14.2.1/thumb/v7e-m+fp/hard\libc_nano.a(libc_a-sbrkr.o)
                0x0000584c                _sbrk_r
 .text._write_r
                0x0000586c       0x24 C:/nxp/MCUXpressoIDE_25.6.136/ide/plugins/com.nxp.mcuxpresso.tools.win32_25.6.0.202501151204/tools/bin/../lib/gcc/arm-none-eabi/14.2.1/thumb/v7e-m+fp/hard\libc_nano.a(libc_a-writer.o)
                0x0000586c                _write_r
 .text.__errno  0x00005890        0xc C:/nxp/MCUXpressoIDE_25.6.136/ide/plugins/com.nxp.mcuxpresso.tools.win32_25.6.0.202501151204/tools/bin/../lib/gcc/arm-none-eabi/14.2.1/thumb/v7e-m+fp/hard\libc_nano.a(libc_a-errno.o)
                0x00005890                __errno
 .text._free_r  0x0000589c       0x94 C:/nxp/MCUXpressoIDE_25.6.136/ide/plugins/com.nxp.mcuxpresso.tools.win32_25.6.0.202501151204/tools/bin/../lib/gcc/arm-none-eabi/14.2.1/thumb/v7e-m+fp/hard\libc_nano.a(libc_a-freer.o)
                0x0000589c                _free_r
 .text.__sflush_r
                0x00005930      0x104 C:/nxp/MCUXpressoIDE_25.6.136/ide/plugins/com.nxp.mcuxpresso.tools.win32_25.6.0.202501151204/tools/bin/../lib/gcc/arm-none-eabi/14.2.1/thumb/v7e-m+fp/hard\libc_nano.a(libc_a-fflush.o)
                0x00005930                __sflush_r
 .text.raise    0x00005a34       0x10 C:/nxp/MCUXpressoIDE_25.6.136/ide/plugins/com.nxp.mcuxpresso.tools.win32_25.6.0.202501151204/tools/bin/../lib/gcc/arm-none-eabi/14.2.1/thumb/v7e-m+fp/hard\libc_nano.a(libc_a-signal.o)
                0x00005a34                raise
 .text._fstat_r
                0x00005a44       0x24 C:/nxp/MCUXpressoIDE_25.6.136/ide/plugins/com.nxp.mcuxpresso.tools.win32_25.6.0.202501151204/tools/bin/../lib/gcc/arm-none-eabi/14.2.1/thumb/v7e-m+fp/hard\libc_nano.a(libc_a-fstatr.o)
                0x00005a44                _fstat_r
 .text._isatty_r
                0x00005a68       0x20 C:/nxp/MCUXpressoIDE_25.6.136/ide/plugins/com.nxp.mcuxpresso.tools.win32_25.6.0.202501151204/tools/bin/../lib/gcc/arm-none-eabi/14.2.1/thumb/v7e-m+fp/hard\libc_nano.a(libc_a-isattyr.o)
                0x00005a68                _isatty_r
 .text._kill_r  0x00005a88       0x24 C:/nxp/MCUXpressoIDE_25.6.136/ide/plugins/com.nxp.mcuxpresso.tools.win32_25.6.0.202501151204/tools/bin/../lib/gcc/arm-none-eabi/14.2.1/thumb/v7e-m+fp/hard\libc_nano.a(libc_a-signalr.o)
                0x00005a88                _kill_r
 .text._sbrk    0x00005aac       0x3c C:/nxp/MCUXpressoIDE_25.6.136/ide/plugins/com.nxp.mcuxpresso.tools.win32_25.6.0.202501151204/tools/bin/../lib/gcc/arm-none-eabi/14.2.1/../../../../arm-none-eabi/lib/thumb/v7e-m+fp/hard\libcr_newlib_nohost.a(_cr_sbrk.o)
                0x00005aac                _sbrk
 .text._close   0x00005ae8       0x10 C:/nxp/MCUXpressoIDE_25.6.136/ide/plugins/com.nxp.mcuxpresso.tools.win32_25.6.0.202501151204/tools/bin/../lib/gcc/arm-none-eabi/14.2.1/../../../../arm-none-eabi/lib/thumb/v7e-m+fp/hard\libcr_newlib_nohost.a(close.o)
                0x00005ae8                _close
 .text._fstat   0x00005af8       0x10 C:/nxp/MCUXpressoIDE_25.6.136/ide/plugins/com.nxp.mcuxpresso.tools.win32_25.6.0.202501151204/tools/bin/../lib/gcc/arm-none-eabi/14.2.1/../../../../arm-none-eabi/lib/thumb/v7e-m+fp/hard\libcr_newlib_nohost.a(fstat.o)
                0x00005af8                _fstat
 .text._getpid  0x00005b08       0x10 C:/nxp/MCUXpressoIDE_25.6.136/ide/plugins/com.nxp.mcuxpresso.tools.win32_25.6.0.202501151204/tools/bin/../lib/gcc/arm-none-eabi/14.2.1/../../../../arm-none-eabi/lib/thumb/v7e-m+fp/hard\libcr_newlib_nohost.a(getpid.o)
                0x00005b08                _getpid
 .text._isatty  0x00005b18       0x10 C:/nxp/MCUXpressoIDE_25.6.136/ide/plugins/com.nxp.mcuxpresso.tools.win32_25.6.0.202501151204/tools/bin/../lib/gcc/arm-none-eabi/14.2.1/../../../../arm-none-eabi/lib/thumb/v7e-m+fp/hard\libcr_newlib_nohost.a(isatty.o)
                0x00005b18                _isatty
 .text._kill    0x00005b28       0x10 C:/nxp/MCUXpressoIDE_25.6.136/ide/plugins/com.nxp.mcuxpresso.tools.win32_25.6.0.202501151204/tools/bin/../lib/gcc/arm-none-eabi/14.2.1/../../../../arm-none-eabi/lib/thumb/v7e-m+fp/hard\libcr_newlib_nohost.a(kill.o)
                0x00005b28                _kill
 .text._lseek   0x00005b38       0x10 C:/nxp/MCUXpressoIDE_25.6.136/ide/plugins/com.nxp.mcuxpresso.tools.win32_25.6.0.202501151204/tools/bin/../lib/gcc/arm-none-eabi/14.2.1/../../../../arm-none-eabi/lib/thumb/v7e-m+fp/hard\libcr_newlib_nohost.a(lseek.o)
                0x00005b38                _lseek
 .text._read    0x00005b48       0x10 C:/nxp/MCUXpressoIDE_25.6.136/ide/plugins/com.nxp.mcuxpresso.tools.win32_25.6.0.202501151204/tools/bin/../lib/gcc/arm-none-eabi/14.2.1/../../../../arm-none-eabi/lib/thumb/v7e-m+fp/hard\libcr_newlib_nohost.a(read.o)
                0x00005b48                _read
 .text._write   0x00005b58       0x10 C:/nxp/MCUXpressoIDE_25.6.136/ide/plugins/com.nxp.mcuxpresso.tools.win32_25.6.0.202501151204/tools/bin/../lib/gcc/arm-none-eabi/14.2.1/../../../../arm-none-eabi/lib/thumb/v7e-m+fp/hard\libcr_newlib_nohost.a(write.o)
                0x00005b58                _write
 .text.__check_heap_overflow
                0x00005b68       0x18 C:/nxp/MCUXpressoIDE_25.6.136/ide/plugins/com.nxp.mcuxpresso.tools.win32_25.6.0.202501151204/tools/bin/../lib/gcc/arm-none-eabi/14.2.1/../../../../arm-none-eabi/lib/thumb/v7e-m+fp/hard\libcr_newlib_nohost.a(_cr_check_heap.o)
                0x00005b68                __check_heap_overflow
 .text.DMA0_IRQHandler
                0x00005b80        0x8 ./startup/startup_mk22f51212.o
                0x00005b80                DMA0_IRQHandler
 .text.DMA1_IRQHandler
                0x00005b88        0x8 ./startup/startup_mk22f51212.o
                0x00005b88                DMA1_IRQHandler
 .text.DMA2_IRQHandler
                0x00005b90        0x8 ./startup/startup_mk22f51212.o
                0x00005b90                DMA2_IRQHandler
 .text.DMA3_IRQHandler
                0x00005b98        0x8 ./startup/startup_mk22f51212.o
                0x00005b98                DMA3_IRQHandler
 .text.DMA4_IRQHandler
                0x00005ba0        0x8 ./startup/startup_mk22f51212.o
                0x00005ba0                DMA4_IRQHandler
 .text.DMA5_IRQHandler
                0x00005ba8        0x8 ./startup/startup_mk22f51212.o
                0x00005ba8                DMA5_IRQHandler
 .text.DMA6_IRQHandler
                0x00005bb0        0x8 ./startup/startup_mk22f51212.o
                0x00005bb0                DMA6_IRQHandler
 .text.DMA7_IRQHandler
                0x00005bb8        0x8 ./startup/startup_mk22f51212.o
                0x00005bb8                DMA7_IRQHandler
 .text.DMA8_IRQHandler
                0x00005bc0        0x8 ./startup/startup_mk22f51212.o
                0x00005bc0                DMA8_IRQHandler
 .text.DMA9_IRQHandler
                0x00005bc8        0x8 ./startup/startup_mk22f51212.o
                0x00005bc8                DMA9_IRQHandler
 .text.DMA10_IRQHandler
                0x00005bd0        0x8 ./startup/startup_mk22f51212.o
                0x00005bd0                DMA10_IRQHandler
 .text.DMA11_IRQHandler
                0x00005bd8        0x8 ./startup/startup_mk22f51212.o
                0x00005bd8                DMA11_IRQHandler
 .text.DMA12_IRQHandler
                0x00005be0        0x8 ./startup/startup_mk22f51212.o
                0x00005be0                DMA12_IRQHandler
 .text.DMA13_IRQHandler
                0x00005be8        0x8 ./startup/startup_mk22f51212.o
                0x00005be8                DMA13_IRQHandler
 .text.DMA14_IRQHandler
                0x00005bf0        0x8 ./startup/startup_mk22f51212.o
                0x00005bf0                DMA14_IRQHandler
 .text.DMA15_IRQHandler
                0x00005bf8        0x8 ./startup/startup_mk22f51212.o
                0x00005bf8                DMA15_IRQHandler
 .text.DMA_Error_IRQHandler
                0x00005c00        0x8 ./startup/startup_mk22f51212.o
                0x00005c00                DMA_Error_IRQHandler
 .text.MCM_IRQHandler
                0x00005c08        0x8 ./startup/startup_mk22f51212.o
                0x00005c08                MCM_IRQHandler
 .text.FTF_IRQHandler
                0x00005c10        0x8 ./startup/startup_mk22f51212.o
                0x00005c10                FTF_IRQHandler
 .text.Read_Collision_IRQHandler
                0x00005c18        0x8 ./startup/startup_mk22f51212.o
                0x00005c18                Read_Collision_IRQHandler
 .text.LVD_LVW_IRQHandler
                0x00005c20        0x8 ./startup/startup_mk22f51212.o
                0x00005c20                LVD_LVW_IRQHandler
 .text.LLWU_IRQHandler
                0x00005c28        0x8 ./startup/startup_mk22f51212.o
                0x00005c28                LLWU_IRQHandler
 .text.WDOG_EWM_IRQHandler
                0x00005c30        0x8 ./startup/startup_mk22f51212.o
                0x00005c30                WDOG_EWM_IRQHandler
 .text.RNG_IRQHandler
                0x00005c38        0x8 ./startup/startup_mk22f51212.o
                0x00005c38                RNG_IRQHandler
 .text.I2C0_IRQHandler
                0x00005c40        0x8 ./startup/startup_mk22f51212.o
                0x00005c40                I2C0_IRQHandler
 .text.I2C1_IRQHandler
                0x00005c48        0x8 ./startup/startup_mk22f51212.o
                0x00005c48                I2C1_IRQHandler
 .text.SPI0_IRQHandler
                0x00005c50        0x8 ./startup/startup_mk22f51212.o
                0x00005c50                SPI0_IRQHandler
 .text.SPI1_IRQHandler
                0x00005c58        0x8 ./startup/startup_mk22f51212.o
                0x00005c58                SPI1_IRQHandler
 .text.I2S0_Tx_IRQHandler
                0x00005c60        0x8 ./startup/startup_mk22f51212.o
                0x00005c60                I2S0_Tx_IRQHandler
 .text.I2S0_Rx_IRQHandler
                0x00005c68        0x8 ./startup/startup_mk22f51212.o
                0x00005c68                I2S0_Rx_IRQHandler
 .text.LPUART0_IRQHandler
                0x00005c70        0x8 ./startup/startup_mk22f51212.o
                0x00005c70                LPUART0_IRQHandler
 .text.UART0_RX_TX_IRQHandler
                0x00005c78        0x8 ./startup/startup_mk22f51212.o
                0x00005c78                UART0_RX_TX_IRQHandler
 .text.UART0_ERR_IRQHandler
                0x00005c80        0x8 ./startup/startup_mk22f51212.o
                0x00005c80                UART0_ERR_IRQHandler
 .text.UART1_RX_TX_IRQHandler
                0x00005c88        0x8 ./startup/startup_mk22f51212.o
                0x00005c88                UART1_RX_TX_IRQHandler
 .text.UART1_ERR_IRQHandler
                0x00005c90        0x8 ./startup/startup_mk22f51212.o
                0x00005c90                UART1_ERR_IRQHandler
 .text.Reserved53_IRQHandler
                0x00005c98        0x8 ./startup/startup_mk22f51212.o
                0x00005c98                Reserved53_IRQHandler
 .text.Reserved54_IRQHandler
                0x00005ca0        0x8 ./startup/startup_mk22f51212.o
                0x00005ca0                Reserved54_IRQHandler
 .text.ADC0_IRQHandler
                0x00005ca8        0x8 ./startup/startup_mk22f51212.o
                0x00005ca8                ADC0_IRQHandler
 .text.CMP0_IRQHandler
                0x00005cb0        0x8 ./startup/startup_mk22f51212.o
                0x00005cb0                CMP0_IRQHandler
 .text.CMP1_IRQHandler
                0x00005cb8        0x8 ./startup/startup_mk22f51212.o
                0x00005cb8                CMP1_IRQHandler
 .text.FTM1_IRQHandler
                0x00005cc0        0x8 ./startup/startup_mk22f51212.o
                0x00005cc0                FTM1_IRQHandler
 .text.FTM2_IRQHandler
                0x00005cc8        0x8 ./startup/startup_mk22f51212.o
                0x00005cc8                FTM2_IRQHandler
 .text.Reserved61_IRQHandler
                0x00005cd0        0x8 ./startup/startup_mk22f51212.o
                0x00005cd0                Reserved61_IRQHandler
 .text.RTC_IRQHandler
                0x00005cd8        0x8 ./startup/startup_mk22f51212.o
                0x00005cd8                RTC_IRQHandler
 .text.RTC_Seconds_IRQHandler
                0x00005ce0        0x8 ./startup/startup_mk22f51212.o
                0x00005ce0                RTC_Seconds_IRQHandler
 .text.PIT0_IRQHandler
                0x00005ce8        0x8 ./startup/startup_mk22f51212.o
                0x00005ce8                PIT0_IRQHandler
 .text.PIT1_IRQHandler
                0x00005cf0        0x8 ./startup/startup_mk22f51212.o
                0x00005cf0                PIT1_IRQHandler
 .text.PIT2_IRQHandler
                0x00005cf8        0x8 ./startup/startup_mk22f51212.o
                0x00005cf8                PIT2_IRQHandler
 .text.PIT3_IRQHandler
                0x00005d00        0x8 ./startup/startup_mk22f51212.o
                0x00005d00                PIT3_IRQHandler
 .text.PDB0_IRQHandler
                0x00005d08        0x8 ./startup/startup_mk22f51212.o
                0x00005d08                PDB0_IRQHandler
 .text.USB0_IRQHandler
                0x00005d10        0x8 ./startup/startup_mk22f51212.o
                0x00005d10                USB0_IRQHandler
 .text.Reserved70_IRQHandler
                0x00005d18        0x8 ./startup/startup_mk22f51212.o
                0x00005d18                Reserved70_IRQHandler
 .text.Reserved71_IRQHandler
                0x00005d20        0x8 ./startup/startup_mk22f51212.o
                0x00005d20                Reserved71_IRQHandler
 .text.DAC0_IRQHandler
                0x00005d28        0x8 ./startup/startup_mk22f51212.o
                0x00005d28                DAC0_IRQHandler
 .text.MCG_IRQHandler
                0x00005d30        0x8 ./startup/startup_mk22f51212.o
                0x00005d30                MCG_IRQHandler
 .text.LPTMR0_IRQHandler
                0x00005d38        0x8 ./startup/startup_mk22f51212.o
                0x00005d38                LPTMR0_IRQHandler
 .text.PORTA_IRQHandler
                0x00005d40        0x8 ./startup/startup_mk22f51212.o
                0x00005d40                PORTA_IRQHandler
 .text.PORTB_IRQHandler
                0x00005d48        0x8 ./startup/startup_mk22f51212.o
                0x00005d48                PORTB_IRQHandler
 .text.PORTC_IRQHandler
                0x00005d50        0x8 ./startup/startup_mk22f51212.o
                0x00005d50                PORTC_IRQHandler
 .text.PORTD_IRQHandler
                0x00005d58        0x8 ./startup/startup_mk22f51212.o
                0x00005d58                PORTD_IRQHandler
 .text.PORTE_IRQHandler
                0x00005d60        0x8 ./startup/startup_mk22f51212.o
                0x00005d60                PORTE_IRQHandler
 .text.SWI_IRQHandler
                0x00005d68        0x8 ./startup/startup_mk22f51212.o
                0x00005d68                SWI_IRQHandler
 .text.Reserved81_IRQHandler
                0x00005d70        0x8 ./startup/startup_mk22f51212.o
                0x00005d70                Reserved81_IRQHandler
 .text.Reserved82_IRQHandler
                0x00005d78        0x8 ./startup/startup_mk22f51212.o
                0x00005d78                Reserved82_IRQHandler
 .text.Reserved83_IRQHandler
                0x00005d80        0x8 ./startup/startup_mk22f51212.o
                0x00005d80                Reserved83_IRQHandler
 .text.Reserved84_IRQHandler
                0x00005d88        0x8 ./startup/startup_mk22f51212.o
                0x00005d88                Reserved84_IRQHandler
 .text.Reserved85_IRQHandler
                0x00005d90        0x8 ./startup/startup_mk22f51212.o
                0x00005d90                Reserved85_IRQHandler
 .text.Reserved86_IRQHandler
                0x00005d98        0x8 ./startup/startup_mk22f51212.o
                0x00005d98                Reserved86_IRQHandler
 .text.FTM3_IRQHandler
                0x00005da0        0x8 ./startup/startup_mk22f51212.o
                0x00005da0                FTM3_IRQHandler
 .text.DAC1_IRQHandler
                0x00005da8        0x8 ./startup/startup_mk22f51212.o
                0x00005da8                DAC1_IRQHandler
 .text.ADC1_IRQHandler
                0x00005db0        0x8 ./startup/startup_mk22f51212.o
                0x00005db0                ADC1_IRQHandler
 .text.systemPostInit
                0x00005db8       0x14 ./startup/system.o
                0x00005db8                systemPostInit
 .text.HardFault_Handler
                0x00005dcc       0x1a ./startup/system.o
                0x00005dcc                HardFault_Handler
 .text.Default_Handler_FTM0
                0x00005de6       0x10 ./source/utils/ftm0.o
                0x00005de6                FTM0CH3_IRQHandler
                0x00005de6                Default_Handler_FTM0
 .text.ftm0EnableIRQ
                0x00005df6       0x16 ./source/utils/ftm0.o
                0x00005df6                ftm0EnableIRQ
 .text.calcEndPoint
                0x00005e0c       0xe4 ./source/control/motor/calculation.o
                0x00005e0c                calcEndPoint
 .text.segmentEndState
                0x00005ef0      0x146 ./source/control/motor/calculation.o
                0x00005ef0                segmentEndState
 .text.resolveOverflows
                0x00006036       0x90 ./source/control/motor/calculation.o
                0x00006036                resolveOverflows
 .text.controlInit
                0x000060c6       0x1c ./source/control/control.o
                0x000060c6                controlInit
 .text.termWrite
                0x000060e2       0x30 ./source/com/term.o
                0x000060e2                termWrite
 .text.termWriteLine
                0x00006112       0x1c ./source/com/term.o
                0x00006112                termWriteLine
 .text.termWriteSubString
                0x0000612e       0x3c ./source/com/term.o
                0x0000612e                termWriteSubString
 .text.startHandler
                0x0000616a       0xa0 ./source/com/term.o
 .text.puzzleBeginHandler
                0x0000620a       0x1a ./source/com/term.o
 .text.NVIC_DisableIRQEx
                0x00006224       0x24 ./source/com/uart2.o
 .text.uart2ReadLine
                0x00006248       0x4c ./source/com/uart2.o
                0x00006248                uart2ReadLine
 .text.OSC_SetExtRefClkConfig
                0x00006294       0x40 ./drivers/fsl_clock.o
 .text.OSC_SetCapLoad
                0x000062d4       0x34 ./drivers/fsl_clock.o
 .text.DSPI_IsMaster
                0x00006308       0x26 ./drivers/fsl_dspi.o
 .text.SMC_SetPowerModeHsrun
                0x0000632e       0x32 ./drivers/fsl_smc.o
                0x0000632e                SMC_SetPowerModeHsrun
 .text.UART0_RX_TX_DriverIRQHandler
                0x00006360       0x12 ./drivers/fsl_uart.o
                0x00006360                UART0_RX_TX_DriverIRQHandler
 .text.UART1_RX_TX_DriverIRQHandler
                0x00006372       0x12 ./drivers/fsl_uart.o
                0x00006372                UART1_RX_TX_DriverIRQHandler
 .text.SMC_SetPowerModeProtection
                0x00006384       0x1e ./board/clock_config.o
 .text.SMC_GetPowerModeState
                0x000063a2       0x1a ./board/clock_config.o
 .text.BOARD_InitBootClocks
                0x000063bc        0xc ./board/clock_config.o
                0x000063bc                BOARD_InitBootClocks
 .text.BOARD_InitBootPeripherals
                0x000063c8        0xe ./board/peripherals.o
                0x000063c8                BOARD_InitBootPeripherals
 .text.BOARD_InitBootPins
                0x000063d6        0xe ./board/pin_mux.o
                0x000063d6                BOARD_InitBootPins
 .text.__sfputc_r
                0x000063e4       0x2e C:/nxp/MCUXpressoIDE_25.6.136/ide/plugins/com.nxp.mcuxpresso.tools.win32_25.6.0.202501151204/tools/bin/../lib/gcc/arm-none-eabi/14.2.1/thumb/v7e-m+fp/hard\libc_nano.a(libc_a-nano-vfprintf.o)
 .text.__sfputs_r
                0x00006412       0x24 C:/nxp/MCUXpressoIDE_25.6.136/ide/plugins/com.nxp.mcuxpresso.tools.win32_25.6.0.202501151204/tools/bin/../lib/gcc/arm-none-eabi/14.2.1/thumb/v7e-m+fp/hard\libc_nano.a(libc_a-nano-vfprintf.o)
                0x00006412                __sfputs_r
 .text._printf_common
                0x00006436       0xda C:/nxp/MCUXpressoIDE_25.6.136/ide/plugins/com.nxp.mcuxpresso.tools.win32_25.6.0.202501151204/tools/bin/../lib/gcc/arm-none-eabi/14.2.1/thumb/v7e-m+fp/hard\libc_nano.a(libc_a-nano-vfprintf_i.o)
                0x00006436                _printf_common
 .text._fwalk_sglue
                0x00006510       0x3c C:/nxp/MCUXpressoIDE_25.6.136/ide/plugins/com.nxp.mcuxpresso.tools.win32_25.6.0.202501151204/tools/bin/../lib/gcc/arm-none-eabi/14.2.1/thumb/v7e-m+fp/hard\libc_nano.a(libc_a-fwalk.o)
                0x00006510                _fwalk_sglue
 .text.__sread  0x0000654c       0x22 C:/nxp/MCUXpressoIDE_25.6.136/ide/plugins/com.nxp.mcuxpresso.tools.win32_25.6.0.202501151204/tools/bin/../lib/gcc/arm-none-eabi/14.2.1/thumb/v7e-m+fp/hard\libc_nano.a(libc_a-stdio.o)
                0x0000654c                __sread
 .text.__swrite
                0x0000656e       0x38 C:/nxp/MCUXpressoIDE_25.6.136/ide/plugins/com.nxp.mcuxpresso.tools.win32_25.6.0.202501151204/tools/bin/../lib/gcc/arm-none-eabi/14.2.1/thumb/v7e-m+fp/hard\libc_nano.a(libc_a-stdio.o)
                0x0000656e                __swrite
 .text.__sseek  0x000065a6       0x26 C:/nxp/MCUXpressoIDE_25.6.136/ide/plugins/com.nxp.mcuxpresso.tools.win32_25.6.0.202501151204/tools/bin/../lib/gcc/arm-none-eabi/14.2.1/thumb/v7e-m+fp/hard\libc_nano.a(libc_a-stdio.o)
                0x000065a6                __sseek
 .text.__sclose
                0x000065cc        0x8 C:/nxp/MCUXpressoIDE_25.6.136/ide/plugins/com.nxp.mcuxpresso.tools.win32_25.6.0.202501151204/tools/bin/../lib/gcc/arm-none-eabi/14.2.1/thumb/v7e-m+fp/hard\libc_nano.a(libc_a-stdio.o)
                0x000065cc                __sclose
 .text.__swbuf_r
                0x000065d4       0x7c C:/nxp/MCUXpressoIDE_25.6.136/ide/plugins/com.nxp.mcuxpresso.tools.win32_25.6.0.202501151204/tools/bin/../lib/gcc/arm-none-eabi/14.2.1/thumb/v7e-m+fp/hard\libc_nano.a(libc_a-wbuf.o)
                0x000065d4                __swbuf_r
 .text.memset   0x00006650       0x10 C:/nxp/MCUXpressoIDE_25.6.136/ide/plugins/com.nxp.mcuxpresso.tools.win32_25.6.0.202501151204/tools/bin/../lib/gcc/arm-none-eabi/14.2.1/thumb/v7e-m+fp/hard\libc_nano.a(libc_a-memset.o)
                0x00006650                memset
 .text.strncmp  0x00006660       0x24 C:/nxp/MCUXpressoIDE_25.6.136/ide/plugins/com.nxp.mcuxpresso.tools.win32_25.6.0.202501151204/tools/bin/../lib/gcc/arm-none-eabi/14.2.1/thumb/v7e-m+fp/hard\libc_nano.a(libc_a-strncmp.o)
                0x00006660                strncmp
 .text.strncpy  0x00006684       0x26 C:/nxp/MCUXpressoIDE_25.6.136/ide/plugins/com.nxp.mcuxpresso.tools.win32_25.6.0.202501151204/tools/bin/../lib/gcc/arm-none-eabi/14.2.1/thumb/v7e-m+fp/hard\libc_nano.a(libc_a-strncpy.o)
                0x00006684                strncpy
 .text.__retarget_lock_init_recursive
                0x000066aa        0x2 C:/nxp/MCUXpressoIDE_25.6.136/ide/plugins/com.nxp.mcuxpresso.tools.win32_25.6.0.202501151204/tools/bin/../lib/gcc/arm-none-eabi/14.2.1/thumb/v7e-m+fp/hard\libc_nano.a(libc_a-lock.o)
                0x000066aa                __retarget_lock_init_recursive
 .text.__retarget_lock_acquire_recursive
                0x000066ac        0x2 C:/nxp/MCUXpressoIDE_25.6.136/ide/plugins/com.nxp.mcuxpresso.tools.win32_25.6.0.202501151204/tools/bin/../lib/gcc/arm-none-eabi/14.2.1/thumb/v7e-m+fp/hard\libc_nano.a(libc_a-lock.o)
                0x000066ac                __retarget_lock_acquire_recursive
 .text.__retarget_lock_release_recursive
                0x000066ae        0x2 C:/nxp/MCUXpressoIDE_25.6.136/ide/plugins/com.nxp.mcuxpresso.tools.win32_25.6.0.202501151204/tools/bin/../lib/gcc/arm-none-eabi/14.2.1/thumb/v7e-m+fp/hard\libc_nano.a(libc_a-lock.o)
                0x000066ae                __retarget_lock_release_recursive
 .text          0x000066b0       0x14 C:/nxp/MCUXpressoIDE_25.6.136/ide/plugins/com.nxp.mcuxpresso.tools.win32_25.6.0.202501151204/tools/bin/../lib/gcc/arm-none-eabi/14.2.1/thumb/v7e-m+fp/hard\libc_nano.a(libc_a-strcmp.o)
                0x000066b0                strcmp
 .text          0x000066c4       0x10 C:/nxp/MCUXpressoIDE_25.6.136/ide/plugins/com.nxp.mcuxpresso.tools.win32_25.6.0.202501151204/tools/bin/../lib/gcc/arm-none-eabi/14.2.1/thumb/v7e-m+fp/hard\libc_nano.a(libc_a-strlen.o)
                0x000066c4                strlen
 .text.abort    0x000066d4        0xe C:/nxp/MCUXpressoIDE_25.6.136/ide/plugins/com.nxp.mcuxpresso.tools.win32_25.6.0.202501151204/tools/bin/../lib/gcc/arm-none-eabi/14.2.1/thumb/v7e-m+fp/hard\libc_nano.a(libc_a-abort.o)
                0x000066d4                abort
 .text._fflush_r
                0x000066e2       0x50 C:/nxp/MCUXpressoIDE_25.6.136/ide/plugins/com.nxp.mcuxpresso.tools.win32_25.6.0.202501151204/tools/bin/../lib/gcc/arm-none-eabi/14.2.1/thumb/v7e-m+fp/hard\libc_nano.a(libc_a-fflush.o)
                0x000066e2                _fflush_r
 .text.__swhatbuf_r
                0x00006732       0x48 C:/nxp/MCUXpressoIDE_25.6.136/ide/plugins/com.nxp.mcuxpresso.tools.win32_25.6.0.202501151204/tools/bin/../lib/gcc/arm-none-eabi/14.2.1/thumb/v7e-m+fp/hard\libc_nano.a(libc_a-makebuf.o)
                0x00006732                __swhatbuf_r
 .text.__smakebuf_r
                0x0000677a       0x72 C:/nxp/MCUXpressoIDE_25.6.136/ide/plugins/com.nxp.mcuxpresso.tools.win32_25.6.0.202501151204/tools/bin/../lib/gcc/arm-none-eabi/14.2.1/thumb/v7e-m+fp/hard\libc_nano.a(libc_a-makebuf.o)
                0x0000677a                __smakebuf_r
 .text._raise_r
                0x000067ec       0x50 C:/nxp/MCUXpressoIDE_25.6.136/ide/plugins/com.nxp.mcuxpresso.tools.win32_25.6.0.202501151204/tools/bin/../lib/gcc/arm-none-eabi/14.2.1/thumb/v7e-m+fp/hard\libc_nano.a(libc_a-signal.o)
                0x000067ec                _raise_r
 .text._getpid_r
                0x0000683c        0x4 C:/nxp/MCUXpressoIDE_25.6.136/ide/plugins/com.nxp.mcuxpresso.tools.win32_25.6.0.202501151204/tools/bin/../lib/gcc/arm-none-eabi/14.2.1/thumb/v7e-m+fp/hard\libc_nano.a(libc_a-signalr.o)
                0x0000683c                _getpid_r
 .text._exit    0x00006840        0x2 C:/nxp/MCUXpressoIDE_25.6.136/ide/plugins/com.nxp.mcuxpresso.tools.win32_25.6.0.202501151204/tools/bin/../lib/gcc/arm-none-eabi/14.2.1/../../../../arm-none-eabi/lib/thumb/v7e-m+fp/hard\libcr_newlib_nohost.a(_exit.o)
                0x00006840                _exit
 *(SORT_BY_ALIGNMENT(.rodata) SORT_BY_ALIGNMENT(.rodata.*) SORT_BY_ALIGNMENT(.constdata) SORT_BY_ALIGNMENT(.constdata.*))
 *fill*         0x00006842        0x2 ff
 .rodata.str1.4
                0x00006844      0x258 ./source/utils/debug.o
                                 0x2e (size before relaxing)
 .rodata.FTM0CH7_IRQHandler.str1.4
                0x00006a9c        0x6 ./source/utils/ftm0.o
 .rodata.logif.str1.4
                0x00006a9c        0xf ./source/utils/wait.o
 .rodata.waitMs.str1.4
                0x00006a9c       0x1f ./source/utils/wait.o
 .rodata.__func__.0
                0x00006a9c        0x7 ./source/utils/wait.o
 *fill*         0x00006aa3        0x1 ff
 .rodata        0x00006aa4        0x4 ./source/control/motor/motor.o
 .rodata.termParseCommand.str1.4
                0x00006aa8       0x9c ./source/com/term.o
 .rodata.termInit.str1.4
                0x00006aa8       0x15 ./source/com/term.o
 .rodata.initHandler.str1.4
                0x00006aa8        0x3 ./source/com/term.o
 .rodata.puzzleEndHandler.str1.4
                0x00006aa8        0x7 ./source/com/term.o
 .rodata.commandInit.str1.4
                0x00006aa8       0x9b ./source/com/term.o
 .rodata.CLOCK_GetMcgExtClkFreq.str1.4
                0x00006aa8       0x33 ./drivers/fsl_clock.o
 .rodata.CLOCK_EnablePll0.str1.4
                0x00006aa8        0x7 ./drivers/fsl_clock.o
 .rodata.__func__.4
                0x00006aa8       0x11 ./drivers/fsl_clock.o
 *fill*         0x00006ab9        0x3 ff
 .rodata.__func__.2
                0x00006abc       0x11 ./drivers/fsl_clock.o
 *fill*         0x00006acd        0x3 ff
 .rodata.__func__.1
                0x00006ad0       0x14 ./drivers/fsl_clock.o
 .rodata.DSPI_GetInstance.str1.4
                0x00006ae4       0x2f ./drivers/fsl_dspi.o
 .rodata.SPI0_DriverIRQHandler.str1.4
                0x00006ae4       0x18 ./drivers/fsl_dspi.o
 .rodata.SPI1_DriverIRQHandler.str1.4
                0x00006ae4       0x18 ./drivers/fsl_dspi.o
 .rodata.__func__.1
                0x00006ae4       0x16 ./drivers/fsl_dspi.o
 *fill*         0x00006afa        0x2 ff
 .rodata.__func__.0
                0x00006afc       0x16 ./drivers/fsl_dspi.o
 *fill*         0x00006b12        0x2 ff
 .rodata.mcgConfig_BOARD_BootClockRUN
                0x00006b14        0xb ./board/clock_config.o
                0x00006b14                mcgConfig_BOARD_BootClockRUN
 *fill*         0x00006b1f        0x1 ff
 .rodata.simConfig_BOARD_BootClockRUN
                0x00006b20        0x8 ./board/clock_config.o
                0x00006b20                simConfig_BOARD_BootClockRUN
 .rodata.oscConfig_BOARD_BootClockRUN
                0x00006b28        0x8 ./board/clock_config.o
                0x00006b28                oscConfig_BOARD_BootClockRUN
 .rodata.__assert_func.str1.1
                0x00006b30       0x6f C:/nxp/MCUXpressoIDE_25.6.136/ide/plugins/com.nxp.mcuxpresso.tools.win32_25.6.0.202501151204/tools/bin/../lib/gcc/arm-none-eabi/14.2.1/thumb/v7e-m+fp/hard\libc_nano.a(libc_a-assert.o)
                                 0x3d (size before relaxing)
 .rodata._ctype_
                0x00006b9f      0x101 C:/nxp/MCUXpressoIDE_25.6.136/ide/plugins/com.nxp.mcuxpresso.tools.win32_25.6.0.202501151204/tools/bin/../lib/gcc/arm-none-eabi/14.2.1/thumb/v7e-m+fp/hard\libc_nano.a(libc_a-ctype_.o)
                0x00006b9f                _ctype_
 .rodata._vfprintf_r.str1.1
                0x00006ca0       0x11 C:/nxp/MCUXpressoIDE_25.6.136/ide/plugins/com.nxp.mcuxpresso.tools.win32_25.6.0.202501151204/tools/bin/../lib/gcc/arm-none-eabi/14.2.1/thumb/v7e-m+fp/hard\libc_nano.a(libc_a-nano-vfprintf.o)
 .rodata._printf_i.str1.1
                0x00006ca0       0x22 C:/nxp/MCUXpressoIDE_25.6.136/ide/plugins/com.nxp.mcuxpresso.tools.win32_25.6.0.202501151204/tools/bin/../lib/gcc/arm-none-eabi/14.2.1/thumb/v7e-m+fp/hard\libc_nano.a(libc_a-nano-vfprintf_i.o)
                0x00006cc4                        . = ALIGN (0x4)

.glue_7         0x00006ca0        0x0
 .glue_7        0x00006ca0        0x0 linker stubs

.glue_7t        0x00006ca0        0x0
 .glue_7t       0x00006ca0        0x0 linker stubs

.vfp11_veneer   0x00006ca0        0x0
 .vfp11_veneer  0x00006ca0        0x0 linker stubs

.v4_bx          0x00006ca0        0x0
 .v4_bx         0x00006ca0        0x0 linker stubs

.iplt           0x00006ca0        0x0
 .iplt          0x00006ca0        0x0 ./startup/startup_mk22f51212.o

.ARM.extab
 *(SORT_BY_ALIGNMENT(.ARM.extab*) SORT_BY_ALIGNMENT(.gnu.linkonce.armextab.*))

.ARM.exidx      0x00006ca0        0x8
                0x00006ca0                        __exidx_start = .
 *(SORT_BY_ALIGNMENT(.ARM.exidx*) SORT_BY_ALIGNMENT(.gnu.linkonce.armexidx.*))
 .ARM.exidx     0x00006ca0        0x8 C:/nxp/MCUXpressoIDE_25.6.136/ide/plugins/com.nxp.mcuxpresso.tools.win32_25.6.0.202501151204/tools/bin/../lib/gcc/arm-none-eabi/14.2.1/thumb/v7e-m+fp/hard\libc_nano.a(libc_a-memchr.o)
 .ARM.exidx.text.__udivmoddi4
                0x00006ca8        0x0 C:/nxp/MCUXpressoIDE_25.6.136/ide/plugins/com.nxp.mcuxpresso.tools.win32_25.6.0.202501151204/tools/bin/../lib/gcc/arm-none-eabi/14.2.1/thumb/v7e-m+fp/hard\libgcc.a(_udivmoddi4.o)
                                  0x8 (size before relaxing)
 .ARM.exidx     0x00006ca8        0x0 C:/nxp/MCUXpressoIDE_25.6.136/ide/plugins/com.nxp.mcuxpresso.tools.win32_25.6.0.202501151204/tools/bin/../lib/gcc/arm-none-eabi/14.2.1/thumb/v7e-m+fp/hard\libc_nano.a(libc_a-strcmp.o)
                                  0x8 (size before relaxing)
 .ARM.exidx     0x00006ca8        0x0 C:/nxp/MCUXpressoIDE_25.6.136/ide/plugins/com.nxp.mcuxpresso.tools.win32_25.6.0.202501151204/tools/bin/../lib/gcc/arm-none-eabi/14.2.1/thumb/v7e-m+fp/hard\libc_nano.a(libc_a-strlen.o)
                                  0x8 (size before relaxing)
                0x00006ca8                        __exidx_end = .
                0x00006ca8                        _etext = .

.rel.dyn        0x00006ca8        0x0
 .rel.iplt      0x00006ca8        0x0 ./startup/startup_mk22f51212.o

.data_RAM2      0x1fff0000        0x0 load address 0x00006ca8
 FILL mask 0xff
                [!provide]                        PROVIDE (__start_data_RAM2 = .)
                [!provide]                        PROVIDE (__start_data_SRAM_LOWER = .)
 *(SORT_BY_ALIGNMENT(.ramfunc.$RAM2))
 *(SORT_BY_ALIGNMENT(.ramfunc.$SRAM_LOWER))
 *(SORT_BY_ALIGNMENT(.data.$RAM2))
 *(SORT_BY_ALIGNMENT(.data.$SRAM_LOWER))
 *(SORT_BY_ALIGNMENT(.data.$RAM2.*))
 *(SORT_BY_ALIGNMENT(.data.$SRAM_LOWER.*))
                0x1fff0000                        . = ALIGN (0x4)
                [!provide]                        PROVIDE (__end_data_RAM2 = .)
                [!provide]                        PROVIDE (__end_data_SRAM_LOWER = .)

.uninit_RESERVED
                0x20000000        0x0
                0x20000000                        _start_uninit_RESERVED = .
 *(SORT_BY_ALIGNMENT(.bss.$RESERVED*))
                0x20000000                        . = ALIGN (0x4)
                0x20000000                        _end_uninit_RESERVED = .

.data           0x20000000       0x78 load address 0x00006ca8
 FILL mask 0xff
                0x20000000                        _data = .
                [!provide]                        PROVIDE (__start_data_RAM = .)
                [!provide]                        PROVIDE (__start_data_SRAM_UPPER = .)
 *(SORT_BY_ALIGNMENT(vtable))
 *(SORT_BY_ALIGNMENT(.ramfunc*))
 *(SORT_BY_ALIGNMENT(CodeQuickAccess))
 *(SORT_BY_ALIGNMENT(DataQuickAccess))
 *(SORT_BY_ALIGNMENT(RamFunction))
 *(SORT_BY_ALIGNMENT(.data*))
 .data.loglevels
                0x20000000       0x18 ./source/utils/debug.o
                0x20000000                loglevels
 .data.SystemCoreClock
                0x20000018        0x4 ./device/system_MK22F51212.o
                0x20000018                SystemCoreClock
 .data.__sglue  0x2000001c        0xc C:/nxp/MCUXpressoIDE_25.6.136/ide/plugins/com.nxp.mcuxpresso.tools.win32_25.6.0.202501151204/tools/bin/../lib/gcc/arm-none-eabi/14.2.1/thumb/v7e-m+fp/hard\libc_nano.a(libc_a-findfp.o)
                0x2000001c                __sglue
 .data._impure_ptr
                0x20000028        0x4 C:/nxp/MCUXpressoIDE_25.6.136/ide/plugins/com.nxp.mcuxpresso.tools.win32_25.6.0.202501151204/tools/bin/../lib/gcc/arm-none-eabi/14.2.1/thumb/v7e-m+fp/hard\libc_nano.a(libc_a-impure.o)
                0x20000028                _impure_ptr
 .data._impure_data
                0x2000002c       0x4c C:/nxp/MCUXpressoIDE_25.6.136/ide/plugins/com.nxp.mcuxpresso.tools.win32_25.6.0.202501151204/tools/bin/../lib/gcc/arm-none-eabi/14.2.1/thumb/v7e-m+fp/hard\libc_nano.a(libc_a-impure.o)
                0x2000002c                _impure_data
                0x20000078                        . = ALIGN (0x4)
                0x20000078                        _edata = .
                [!provide]                        PROVIDE (__end_data_RAM = .)
                [!provide]                        PROVIDE (__end_data_SRAM_UPPER = .)

.igot.plt       0x20000078        0x0 load address 0x00006d20
 .igot.plt      0x20000078        0x0 ./startup/startup_mk22f51212.o

.bss_RAM2       0x1fff0000        0x0
                [!provide]                        PROVIDE (__start_bss_RAM2 = .)
                [!provide]                        PROVIDE (__start_bss_SRAM_LOWER = .)
 *(SORT_BY_ALIGNMENT(.bss.$RAM2))
 *(SORT_BY_ALIGNMENT(.bss.$SRAM_LOWER))
 *(SORT_BY_ALIGNMENT(.bss.$RAM2.*))
 *(SORT_BY_ALIGNMENT(.bss.$SRAM_LOWER.*))
                0x1fff0000                        . = ALIGN ((. != 0x0)?0x4:0x1)
                [!provide]                        PROVIDE (__end_bss_RAM2 = .)
                [!provide]                        PROVIDE (__end_bss_SRAM_LOWER = .)

.bss            0x20000078     0x170c
                0x20000078                        _bss = .
                [!provide]                        PROVIDE (__start_bss_RAM = .)
                [!provide]                        PROVIDE (__start_bss_SRAM_UPPER = .)
 *(SORT_BY_ALIGNMENT(.bss*))
 .bss.Motor1_Pause_Full
                0x20000078        0x8 ./source/control/control.o
                0x20000078                Motor1_Pause_Full
 .bss.Motor2_Pause_Full
                0x20000080        0x8 ./source/control/control.o
                0x20000080                Motor2_Pause_Full
 .bss.Motor3_Pause_Full
                0x20000088        0x8 ./source/control/control.o
                0x20000088                Motor3_Pause_Full
 .bss.EndTicks_Check
                0x20000090        0x8 ./source/control/control.o
                0x20000090                EndTicks_Check
 .bss.HighNumCheck
                0x20000098        0x8 ./source/control/control.o
                0x20000098                HighNumCheck
 .bss.LowNumCheck
                0x200000a0        0x8 ./source/control/control.o
                0x200000a0                LowNumCheck
 .bss.stacked_r0.13
                0x200000a8        0x4 ./startup/system.o
 .bss.stacked_r1.12
                0x200000ac        0x4 ./startup/system.o
 .bss.stacked_r2.11
                0x200000b0        0x4 ./startup/system.o
 .bss.stacked_r3.10
                0x200000b4        0x4 ./startup/system.o
 .bss.stacked_r12.9
                0x200000b8        0x4 ./startup/system.o
 .bss.stacked_lr.8
                0x200000bc        0x4 ./startup/system.o
 .bss.stacked_pc.7
                0x200000c0        0x4 ./startup/system.o
 .bss.stacked_psr.6
                0x200000c4        0x4 ./startup/system.o
 .bss._CFSR.5   0x200000c8        0x4 ./startup/system.o
 .bss._HFSR.4   0x200000cc        0x4 ./startup/system.o
 .bss._DFSR.3   0x200000d0        0x4 ./startup/system.o
 .bss._AFSR.2   0x200000d4        0x4 ./startup/system.o
 .bss._MMAR.1   0x200000d8        0x4 ./startup/system.o
 .bss._BFAR.0   0x200000dc        0x4 ./startup/system.o
 .bss.Motor1_Step_Curr
                0x200000e0        0x4 ./source/control/control.o
                0x200000e0                Motor1_Step_Curr
 .bss.Motor2_Step_Curr
                0x200000e4        0x4 ./source/control/control.o
                0x200000e4                Motor2_Step_Curr
 .bss.Motor3_Step_Curr
                0x200000e8        0x4 ./source/control/control.o
                0x200000e8                Motor3_Step_Curr
 .bss.MotorRot_Step_Curr
                0x200000ec        0x4 ./source/control/control.o
                0x200000ec                MotorRot_Step_Curr
 .bss.Motor1_Step_Max
                0x200000f0        0x4 ./source/control/control.o
                0x200000f0                Motor1_Step_Max
 .bss.Motor2_Step_Max
                0x200000f4        0x4 ./source/control/control.o
                0x200000f4                Motor2_Step_Max
 .bss.Motor3_Step_Max
                0x200000f8        0x4 ./source/control/control.o
                0x200000f8                Motor3_Step_Max
 .bss.MotorRot_Step_Max
                0x200000fc        0x4 ./source/control/control.o
                0x200000fc                MotorRot_Step_Max
 .bss.Motor1_Step_OF
                0x20000100        0x4 ./source/control/control.o
                0x20000100                Motor1_Step_OF
 .bss.Motor2_Step_OF
                0x20000104        0x4 ./source/control/control.o
                0x20000104                Motor2_Step_OF
 .bss.Motor3_Step_OF
                0x20000108        0x4 ./source/control/control.o
                0x20000108                Motor3_Step_OF
 .bss.MotorRot_Step_OF
                0x2000010c        0x4 ./source/control/control.o
                0x2000010c                MotorRot_Step_OF
 .bss.Motor1_Step_OF_Curr
                0x20000110        0x4 ./source/control/control.o
                0x20000110                Motor1_Step_OF_Curr
 .bss.Motor2_Step_OF_Curr
                0x20000114        0x4 ./source/control/control.o
                0x20000114                Motor2_Step_OF_Curr
 .bss.Motor3_Step_OF_Curr
                0x20000118        0x4 ./source/control/control.o
                0x20000118                Motor3_Step_OF_Curr
 .bss.MotorRot_Step_OF_Curr
                0x2000011c        0x4 ./source/control/control.o
                0x2000011c                MotorRot_Step_OF_Curr
 .bss.Ramp_M1_End_Rem_Ticks_OF_Curr
                0x20000120       0x16 ./source/control/control.o
                0x20000120                Ramp_M1_End_Rem_Ticks_OF_Curr
 *fill*         0x20000136        0x2 
 .bss.Ramp_M2_End_Rem_Ticks_OF_Curr
                0x20000138       0x16 ./source/control/control.o
                0x20000138                Ramp_M2_End_Rem_Ticks_OF_Curr
 *fill*         0x2000014e        0x2 
 .bss.Ramp_M3_End_Rem_Ticks_OF_Curr
                0x20000150       0x16 ./source/control/control.o
                0x20000150                Ramp_M3_End_Rem_Ticks_OF_Curr
 *fill*         0x20000166        0x2 
 .bss.Ramp_Step_Ticks
                0x20000168       0x16 ./source/control/control.o
                0x20000168                Ramp_Step_Ticks
 *fill*         0x2000017e        0x2 
 .bss.Ramp_Step_Ticks_OF
                0x20000180       0x16 ./source/control/control.o
                0x20000180                Ramp_Step_Ticks_OF
 *fill*         0x20000196        0x2 
 .bss.Ramp_Step_Ticks_OF_Curr
                0x20000198       0x16 ./source/control/control.o
                0x20000198                Ramp_Step_Ticks_OF_Curr
 *fill*         0x200001ae        0x2 
 .bss.Ramp_M1_Start_State
                0x200001b0        0xb ./source/control/control.o
                0x200001b0                Ramp_M1_Start_State
 *fill*         0x200001bb        0x1 
 .bss.Ramp_M1_Rem_Pending
                0x200001bc        0xb ./source/control/control.o
                0x200001bc                Ramp_M1_Rem_Pending
 *fill*         0x200001c7        0x1 
 .bss.Ramp_M1_End_Rem_Ticks
                0x200001c8       0x16 ./source/control/control.o
                0x200001c8                Ramp_M1_End_Rem_Ticks
 *fill*         0x200001de        0x2 
 .bss.Ramp_M1_End_Rem_Ticks_OF
                0x200001e0       0x16 ./source/control/control.o
                0x200001e0                Ramp_M1_End_Rem_Ticks_OF
 *fill*         0x200001f6        0x2 
 .bss.Ramp_M1_Pause_Ticks
                0x200001f8       0x16 ./source/control/control.o
                0x200001f8                Ramp_M1_Pause_Ticks
 *fill*         0x2000020e        0x2 
 .bss.Ramp_M1_Pause_Ticks_OF
                0x20000210       0x16 ./source/control/control.o
                0x20000210                Ramp_M1_Pause_Ticks_OF
 *fill*         0x20000226        0x2 
 .bss.Ramp_M1_Pause_Ticks_OF_Curr
                0x20000228       0x16 ./source/control/control.o
                0x20000228                Ramp_M1_Pause_Ticks_OF_Curr
 *fill*         0x2000023e        0x2 
 .bss.Ramp_M1_Pulse_Ticks
                0x20000240       0x16 ./source/control/control.o
                0x20000240                Ramp_M1_Pulse_Ticks
 *fill*         0x20000256        0x2 
 .bss.Ramp_M1_Pulse_Ticks_OF
                0x20000258       0x16 ./source/control/control.o
                0x20000258                Ramp_M1_Pulse_Ticks_OF
 *fill*         0x2000026e        0x2 
 .bss.Ramp_M1_Pulse_Ticks_OF_Curr
                0x20000270       0x16 ./source/control/control.o
                0x20000270                Ramp_M1_Pulse_Ticks_OF_Curr
 *fill*         0x20000286        0x2 
 .bss.Ramp_M2_Start_State
                0x20000288        0xb ./source/control/control.o
                0x20000288                Ramp_M2_Start_State
 *fill*         0x20000293        0x1 
 .bss.Ramp_M2_Rem_Pending
                0x20000294        0xb ./source/control/control.o
                0x20000294                Ramp_M2_Rem_Pending
 *fill*         0x2000029f        0x1 
 .bss.Ramp_M2_End_Rem_Ticks
                0x200002a0       0x16 ./source/control/control.o
                0x200002a0                Ramp_M2_End_Rem_Ticks
 *fill*         0x200002b6        0x2 
 .bss.Ramp_M2_End_Rem_Ticks_OF
                0x200002b8       0x16 ./source/control/control.o
                0x200002b8                Ramp_M2_End_Rem_Ticks_OF
 *fill*         0x200002ce        0x2 
 .bss.Ramp_M2_Pause_Ticks
                0x200002d0       0x16 ./source/control/control.o
                0x200002d0                Ramp_M2_Pause_Ticks
 *fill*         0x200002e6        0x2 
 .bss.Ramp_M2_Pause_Ticks_OF
                0x200002e8       0x16 ./source/control/control.o
                0x200002e8                Ramp_M2_Pause_Ticks_OF
 *fill*         0x200002fe        0x2 
 .bss.Ramp_M2_Pause_Ticks_OF_Curr
                0x20000300       0x16 ./source/control/control.o
                0x20000300                Ramp_M2_Pause_Ticks_OF_Curr
 *fill*         0x20000316        0x2 
 .bss.Ramp_M2_Pulse_Ticks
                0x20000318       0x16 ./source/control/control.o
                0x20000318                Ramp_M2_Pulse_Ticks
 *fill*         0x2000032e        0x2 
 .bss.Ramp_M2_Pulse_Ticks_OF
                0x20000330       0x16 ./source/control/control.o
                0x20000330                Ramp_M2_Pulse_Ticks_OF
 *fill*         0x20000346        0x2 
 .bss.Ramp_M2_Pulse_Ticks_OF_Curr
                0x20000348       0x16 ./source/control/control.o
                0x20000348                Ramp_M2_Pulse_Ticks_OF_Curr
 *fill*         0x2000035e        0x2 
 .bss.Ramp_M3_Start_State
                0x20000360        0xb ./source/control/control.o
                0x20000360                Ramp_M3_Start_State
 *fill*         0x2000036b        0x1 
 .bss.Ramp_M3_Rem_Pending
                0x2000036c        0xb ./source/control/control.o
                0x2000036c                Ramp_M3_Rem_Pending
 *fill*         0x20000377        0x1 
 .bss.Ramp_M3_End_Rem_Ticks
                0x20000378       0x16 ./source/control/control.o
                0x20000378                Ramp_M3_End_Rem_Ticks
 *fill*         0x2000038e        0x2 
 .bss.Ramp_M3_End_Rem_Ticks_OF
                0x20000390       0x16 ./source/control/control.o
                0x20000390                Ramp_M3_End_Rem_Ticks_OF
 *fill*         0x200003a6        0x2 
 .bss.Ramp_M3_Pause_Ticks
                0x200003a8       0x16 ./source/control/control.o
                0x200003a8                Ramp_M3_Pause_Ticks
 *fill*         0x200003be        0x2 
 .bss.Ramp_M3_Pause_Ticks_OF
                0x200003c0       0x16 ./source/control/control.o
                0x200003c0                Ramp_M3_Pause_Ticks_OF
 *fill*         0x200003d6        0x2 
 .bss.Ramp_M3_Pause_Ticks_OF_Curr
                0x200003d8       0x16 ./source/control/control.o
                0x200003d8                Ramp_M3_Pause_Ticks_OF_Curr
 *fill*         0x200003ee        0x2 
 .bss.Ramp_M3_Pulse_Ticks
                0x200003f0       0x16 ./source/control/control.o
                0x200003f0                Ramp_M3_Pulse_Ticks
 *fill*         0x20000406        0x2 
 .bss.Ramp_M3_Pulse_Ticks_OF
                0x20000408       0x16 ./source/control/control.o
                0x20000408                Ramp_M3_Pulse_Ticks_OF
 *fill*         0x2000041e        0x2 
 .bss.Ramp_M3_Pulse_Ticks_OF_Curr
                0x20000420       0x16 ./source/control/control.o
                0x20000420                Ramp_M3_Pulse_Ticks_OF_Curr
 *fill*         0x20000436        0x2 
 .bss.Motor1_Step_Corrector
                0x20000438       0x28 ./source/control/control.o
                0x20000438                Motor1_Step_Corrector
 .bss.Motor2_Step_Corrector
                0x20000460       0x28 ./source/control/control.o
                0x20000460                Motor2_Step_Corrector
 .bss.Motor3_Step_Corrector
                0x20000488       0x28 ./source/control/control.o
                0x20000488                Motor3_Step_Corrector
 .bss.M1_Last_Step
                0x200004b0        0x4 ./source/control/control.o
                0x200004b0                M1_Last_Step
 .bss.M2_Last_Step
                0x200004b4        0x4 ./source/control/control.o
                0x200004b4                M2_Last_Step
 .bss.M3_Last_Step
                0x200004b8        0x4 ./source/control/control.o
                0x200004b8                M3_Last_Step
 .bss.start     0x200004bc       0x38 ./source/com/term.o
 .bss.initCmd   0x200004f4       0x38 ./source/com/term.o
 .bss.cameraCmd
                0x2000052c       0x38 ./source/com/term.o
 .bss.puzzleBeginCmd
                0x20000564       0x38 ./source/com/term.o
 .bss.puzzleEndCmd
                0x2000059c       0x38 ./source/com/term.o
 .bss.head      0x200005d4        0x4 ./source/com/term.o
 .bss.rxBuf     0x200005d8      0x800 ./source/com/uart2.o
 .bss.txBuf     0x20000dd8      0x800 ./source/com/uart2.o
 .bss.g_xtal0Freq
                0x200015d8        0x4 ./drivers/fsl_clock.o
                0x200015d8                g_xtal0Freq
 .bss.g_dspiHandle
                0x200015dc        0x8 ./drivers/fsl_dspi.o
 .bss.s_dspiMasterIsr
                0x200015e4        0x4 ./drivers/fsl_dspi.o
 .bss.s_dspiSlaveIsr
                0x200015e8        0x4 ./drivers/fsl_dspi.o
 .bss.s_i2cHandle
                0x200015ec        0x8 ./drivers/fsl_i2c.o
 .bss.s_i2cMasterIsr
                0x200015f4        0x4 ./drivers/fsl_i2c.o
 .bss.s_i2cSlaveIsr
                0x200015f8        0x4 ./drivers/fsl_i2c.o
 .bss.s_uartHandle
                0x200015fc        0xc ./drivers/fsl_uart.o
                0x200015fc                s_uartHandle
 .bss.s_uartIsr
                0x20001608        0x4 ./drivers/fsl_uart.o
                0x20001608                s_uartIsr
 .bss.__malloc_sbrk_start
                0x2000160c        0x4 C:/nxp/MCUXpressoIDE_25.6.136/ide/plugins/com.nxp.mcuxpresso.tools.win32_25.6.0.202501151204/tools/bin/../lib/gcc/arm-none-eabi/14.2.1/thumb/v7e-m+fp/hard\libc_nano.a(libc_a-mallocr.o)
                0x2000160c                __malloc_sbrk_start
 .bss.__malloc_free_list
                0x20001610        0x4 C:/nxp/MCUXpressoIDE_25.6.136/ide/plugins/com.nxp.mcuxpresso.tools.win32_25.6.0.202501151204/tools/bin/../lib/gcc/arm-none-eabi/14.2.1/thumb/v7e-m+fp/hard\libc_nano.a(libc_a-mallocr.o)
                0x20001610                __malloc_free_list
 .bss.__sf      0x20001614      0x138 C:/nxp/MCUXpressoIDE_25.6.136/ide/plugins/com.nxp.mcuxpresso.tools.win32_25.6.0.202501151204/tools/bin/../lib/gcc/arm-none-eabi/14.2.1/thumb/v7e-m+fp/hard\libc_nano.a(libc_a-findfp.o)
                0x20001614                __sf
 .bss.__stdio_exit_handler
                0x2000174c        0x4 C:/nxp/MCUXpressoIDE_25.6.136/ide/plugins/com.nxp.mcuxpresso.tools.win32_25.6.0.202501151204/tools/bin/../lib/gcc/arm-none-eabi/14.2.1/thumb/v7e-m+fp/hard\libc_nano.a(libc_a-findfp.o)
                0x2000174c                __stdio_exit_handler
 .bss.errno     0x20001750        0x4 C:/nxp/MCUXpressoIDE_25.6.136/ide/plugins/com.nxp.mcuxpresso.tools.win32_25.6.0.202501151204/tools/bin/../lib/gcc/arm-none-eabi/14.2.1/thumb/v7e-m+fp/hard\libc_nano.a(libc_a-reent.o)
                0x20001750                errno
 .bss.__end_of_heap
                0x20001754        0x4 C:/nxp/MCUXpressoIDE_25.6.136/ide/plugins/com.nxp.mcuxpresso.tools.win32_25.6.0.202501151204/tools/bin/../lib/gcc/arm-none-eabi/14.2.1/../../../../arm-none-eabi/lib/thumb/v7e-m+fp/hard\libcr_newlib_nohost.a(_cr_sbrk.o)
                0x20001754                __end_of_heap
 .bss.Motor1_Pause
                0x20001758        0x2 ./source/control/control.o
                0x20001758                Motor1_Pause
 .bss.Motor2_Pause
                0x2000175a        0x2 ./source/control/control.o
                0x2000175a                Motor2_Pause
 .bss.Motor3_Pause
                0x2000175c        0x2 ./source/control/control.o
                0x2000175c                Motor3_Pause
 .bss.M1_Pause_min
                0x2000175e        0x2 ./source/control/control.o
                0x2000175e                M1_Pause_min
 .bss.M2_Pause_min
                0x20001760        0x2 ./source/control/control.o
                0x20001760                M2_Pause_min
 .bss.M3_Pause_min
                0x20001762        0x2 ./source/control/control.o
                0x20001762                M3_Pause_min
 .bss.M1_Pause_Ramp
                0x20001764        0x2 ./source/control/control.o
                0x20001764                M1_Pause_Ramp
 .bss.M2_Pause_Ramp
                0x20001766        0x2 ./source/control/control.o
                0x20001766                M2_Pause_Ramp
 .bss.M3_Pause_Ramp
                0x20001768        0x2 ./source/control/control.o
                0x20001768                M3_Pause_Ramp
 .bss.Ramp_Step_Curr
                0x2000176a        0x2 ./source/control/control.o
                0x2000176a                Ramp_Step_Curr
 .bss.MotorRot_Pause
                0x2000176c        0x2 ./source/control/control.o
                0x2000176c                MotorRot_Pause
 .bss.rxBufCount
                0x2000176e        0x2 ./source/com/uart2.o
 .bss.rxBufWritePos
                0x20001770        0x2 ./source/com/uart2.o
 .bss.rxBufReadPos
                0x20001772        0x2 ./source/com/uart2.o
 .bss.txBufCount
                0x20001774        0x2 ./source/com/uart2.o
 .bss.txBufWritePos
                0x20001776        0x2 ./source/com/uart2.o
 .bss.txBufReadPos
                0x20001778        0x2 ./source/com/uart2.o
 .bss.ramp_motor_state.0
                0x2000177a        0x1 ./source/utils/ftm0.o
 .bss.ramp_motor_state.1
                0x2000177b        0x1 ./source/utils/ftm0.o
 .bss.ramp_motor_state.2
                0x2000177c        0x1 ./source/utils/ftm0.o
 .bss.EndState_Check
                0x2000177d        0x1 ./source/control/control.o
                0x2000177d                EndState_Check
 .bss.destination
                0x2000177e        0x1 ./source/com/term.o
 .bss.__lock___malloc_recursive_mutex
                0x2000177f        0x1 C:/nxp/MCUXpressoIDE_25.6.136/ide/plugins/com.nxp.mcuxpresso.tools.win32_25.6.0.202501151204/tools/bin/../lib/gcc/arm-none-eabi/14.2.1/thumb/v7e-m+fp/hard\libc_nano.a(libc_a-lock.o)
                0x2000177f                __lock___malloc_recursive_mutex
 .bss.__lock___sfp_recursive_mutex
                0x20001780        0x1 C:/nxp/MCUXpressoIDE_25.6.136/ide/plugins/com.nxp.mcuxpresso.tools.win32_25.6.0.202501151204/tools/bin/../lib/gcc/arm-none-eabi/14.2.1/thumb/v7e-m+fp/hard\libc_nano.a(libc_a-lock.o)
                0x20001780                __lock___sfp_recursive_mutex
 *(SORT_BY_ALIGNMENT(COMMON))
                0x20001784                        . = ALIGN (0x4)
 *fill*         0x20001781        0x3 
                0x20001784                        _ebss = .
                [!provide]                        PROVIDE (__end_bss_RAM = .)
                [!provide]                        PROVIDE (__end_bss_SRAM_UPPER = .)
                [!provide]                        PROVIDE (end = .)

.noinit_RAM2    0x1fff0000        0x0
                [!provide]                        PROVIDE (__start_noinit_RAM2 = .)
                [!provide]                        PROVIDE (__start_noinit_SRAM_LOWER = .)
 *(SORT_BY_ALIGNMENT(.noinit.$RAM2))
 *(SORT_BY_ALIGNMENT(.noinit.$SRAM_LOWER))
 *(SORT_BY_ALIGNMENT(.noinit.$RAM2.*))
 *(SORT_BY_ALIGNMENT(.noinit.$SRAM_LOWER.*))
                0x1fff0000                        . = ALIGN (0x4)
                [!provide]                        PROVIDE (__end_noinit_RAM2 = .)
                [!provide]                        PROVIDE (__end_noinit_SRAM_LOWER = .)

.noinit         0x20001784        0x0
                0x20001784                        _noinit = .
                [!provide]                        PROVIDE (__start_noinit_RAM = .)
                [!provide]                        PROVIDE (__start_noinit_SRAM_UPPER = .)
 *(SORT_BY_ALIGNMENT(.noinit*))
                0x20001784                        . = ALIGN (0x4)
                0x20001784                        _end_noinit = .
                [!provide]                        PROVIDE (__end_noinit_RAM = .)
                [!provide]                        PROVIDE (__end_noinit_SRAM_UPPER = .)
                0x00001000                        _HeapSize = 0x1000

.heap           0x20001784     0x1000
                0x20001784                        _pvHeapStart = .
                0x20002784                        . = (. + _HeapSize)
 *fill*         0x20001784     0x1000 
                0x20002784                        . = ALIGN (0x4)
                0x20002784                        _pvHeapLimit = .
                0x00001000                        _StackSize = 0x1000

.heap2stackfill
                0x20002784     0x1000
                0x20003784                        . = (. + _StackSize)
 *fill*         0x20002784     0x1000 

.stack          0x2000f000        0x0
                0x2000f000                        _vStackBase = .
                0x2000f000                        . = ALIGN (0x4)
                0x20010000                        _vStackTop = (. + _StackSize)
                0x00000000                        _image_start = LOADADDR (.text)
                0x00006d20                        _image_end = (LOADADDR (.data) + SIZEOF (.data))
                0x00006d20                        _image_size = (_image_end - _image_start)
OUTPUT(PREN_Project_Share.axf elf32-littlearm)
LOAD linker stubs

.debug_info     0x00000000    0x12c41
 .debug_info    0x00000000      0xbc0 ./startup/startup_mk22f51212.o
 .debug_info    0x00000bc0      0x573 ./startup/system.o
 .debug_info    0x00001133       0xba ./source/utils/debug.o
 .debug_info    0x000011ed     0x105f ./source/utils/ftm0.o
 .debug_info    0x0000224c      0x6a4 ./source/utils/util.o
 .debug_info    0x000028f0      0xbcb ./source/utils/wait.o
 .debug_info    0x000034bb      0x1f3 ./source/control/sensor/sensor.o
 .debug_info    0x000036ae      0xc75 ./source/control/motor/calculation.o
 .debug_info    0x00004323      0x877 ./source/control/motor/motor.o
 .debug_info    0x00004b9a      0x228 ./source/control/coil/coil.o
 .debug_info    0x00004dc2      0xd3a ./source/control/control.o
 .debug_info    0x00005afc      0x7d6 ./source/com/term.o
 .debug_info    0x000062d2      0xeb8 ./source/com/uart2.o
 .debug_info    0x0000718a      0x155 ./source/main.o
 .debug_info    0x000072df     0x23ab ./drivers/fsl_clock.o
 .debug_info    0x0000968a     0x294d ./drivers/fsl_dspi.o
 .debug_info    0x0000bfd7     0x20f5 ./drivers/fsl_i2c.o
 .debug_info    0x0000e0cc      0xc0c ./drivers/fsl_smc.o
 .debug_info    0x0000ecd8     0x21c7 ./drivers/fsl_uart.o
 .debug_info    0x00010e9f      0x65e ./device/system_MK22F51212.o
 .debug_info    0x000114fd      0xc65 ./board/clock_config.o
 .debug_info    0x00012162       0x3c ./board/peripherals.o
 .debug_info    0x0001219e       0x3c ./board/pin_mux.o
 .debug_info    0x000121da      0x13e C:/nxp/MCUXpressoIDE_25.6.136/ide/plugins/com.nxp.mcuxpresso.tools.win32_25.6.0.202501151204/tools/bin/../lib/gcc/arm-none-eabi/14.2.1/../../../../arm-none-eabi/lib/thumb/v7e-m+fp/hard\libcr_newlib_nohost.a(_cr_sbrk.o)
 .debug_info    0x00012318       0xa3 C:/nxp/MCUXpressoIDE_25.6.136/ide/plugins/com.nxp.mcuxpresso.tools.win32_25.6.0.202501151204/tools/bin/../lib/gcc/arm-none-eabi/14.2.1/../../../../arm-none-eabi/lib/thumb/v7e-m+fp/hard\libcr_newlib_nohost.a(_exit.o)
 .debug_info    0x000123bb       0xb1 C:/nxp/MCUXpressoIDE_25.6.136/ide/plugins/com.nxp.mcuxpresso.tools.win32_25.6.0.202501151204/tools/bin/../lib/gcc/arm-none-eabi/14.2.1/../../../../arm-none-eabi/lib/thumb/v7e-m+fp/hard\libcr_newlib_nohost.a(close.o)
 .debug_info    0x0001246c      0x2cc C:/nxp/MCUXpressoIDE_25.6.136/ide/plugins/com.nxp.mcuxpresso.tools.win32_25.6.0.202501151204/tools/bin/../lib/gcc/arm-none-eabi/14.2.1/../../../../arm-none-eabi/lib/thumb/v7e-m+fp/hard\libcr_newlib_nohost.a(fstat.o)
 .debug_info    0x00012738       0x9c C:/nxp/MCUXpressoIDE_25.6.136/ide/plugins/com.nxp.mcuxpresso.tools.win32_25.6.0.202501151204/tools/bin/../lib/gcc/arm-none-eabi/14.2.1/../../../../arm-none-eabi/lib/thumb/v7e-m+fp/hard\libcr_newlib_nohost.a(getpid.o)
 .debug_info    0x000127d4       0xb1 C:/nxp/MCUXpressoIDE_25.6.136/ide/plugins/com.nxp.mcuxpresso.tools.win32_25.6.0.202501151204/tools/bin/../lib/gcc/arm-none-eabi/14.2.1/../../../../arm-none-eabi/lib/thumb/v7e-m+fp/hard\libcr_newlib_nohost.a(isatty.o)
 .debug_info    0x00012885       0xbf C:/nxp/MCUXpressoIDE_25.6.136/ide/plugins/com.nxp.mcuxpresso.tools.win32_25.6.0.202501151204/tools/bin/../lib/gcc/arm-none-eabi/14.2.1/../../../../arm-none-eabi/lib/thumb/v7e-m+fp/hard\libcr_newlib_nohost.a(kill.o)
 .debug_info    0x00012944       0xd3 C:/nxp/MCUXpressoIDE_25.6.136/ide/plugins/com.nxp.mcuxpresso.tools.win32_25.6.0.202501151204/tools/bin/../lib/gcc/arm-none-eabi/14.2.1/../../../../arm-none-eabi/lib/thumb/v7e-m+fp/hard\libcr_newlib_nohost.a(lseek.o)
 .debug_info    0x00012a17       0xd9 C:/nxp/MCUXpressoIDE_25.6.136/ide/plugins/com.nxp.mcuxpresso.tools.win32_25.6.0.202501151204/tools/bin/../lib/gcc/arm-none-eabi/14.2.1/../../../../arm-none-eabi/lib/thumb/v7e-m+fp/hard\libcr_newlib_nohost.a(read.o)
 .debug_info    0x00012af0       0xd9 C:/nxp/MCUXpressoIDE_25.6.136/ide/plugins/com.nxp.mcuxpresso.tools.win32_25.6.0.202501151204/tools/bin/../lib/gcc/arm-none-eabi/14.2.1/../../../../arm-none-eabi/lib/thumb/v7e-m+fp/hard\libcr_newlib_nohost.a(write.o)
 .debug_info    0x00012bc9       0x78 C:/nxp/MCUXpressoIDE_25.6.136/ide/plugins/com.nxp.mcuxpresso.tools.win32_25.6.0.202501151204/tools/bin/../lib/gcc/arm-none-eabi/14.2.1/../../../../arm-none-eabi/lib/thumb/v7e-m+fp/hard\libcr_newlib_nohost.a(_cr_check_heap.o)

.debug_abbrev   0x00000000     0x3397
 .debug_abbrev  0x00000000      0x19a ./startup/startup_mk22f51212.o
 .debug_abbrev  0x0000019a      0x1ba ./startup/system.o
 .debug_abbrev  0x00000354       0x74 ./source/utils/debug.o
 .debug_abbrev  0x000003c8      0x2d1 ./source/utils/ftm0.o
 .debug_abbrev  0x00000699      0x1d1 ./source/utils/util.o
 .debug_abbrev  0x0000086a      0x298 ./source/utils/wait.o
 .debug_abbrev  0x00000b02       0xb6 ./source/control/sensor/sensor.o
 .debug_abbrev  0x00000bb8      0x1d6 ./source/control/motor/calculation.o
 .debug_abbrev  0x00000d8e      0x226 ./source/control/motor/motor.o
 .debug_abbrev  0x00000fb4       0xe5 ./source/control/coil/coil.o
 .debug_abbrev  0x00001099      0x1cf ./source/control/control.o
 .debug_abbrev  0x00001268      0x1eb ./source/com/term.o
 .debug_abbrev  0x00001453      0x28e ./source/com/uart2.o
 .debug_abbrev  0x000016e1       0xb6 ./source/main.o
 .debug_abbrev  0x00001797      0x385 ./drivers/fsl_clock.o
 .debug_abbrev  0x00001b1c      0x3a6 ./drivers/fsl_dspi.o
 .debug_abbrev  0x00001ec2      0x39f ./drivers/fsl_i2c.o
 .debug_abbrev  0x00002261      0x301 ./drivers/fsl_smc.o
 .debug_abbrev  0x00002562      0x45f ./drivers/fsl_uart.o
 .debug_abbrev  0x000029c1      0x148 ./device/system_MK22F51212.o
 .debug_abbrev  0x00002b09      0x20b ./board/clock_config.o
 .debug_abbrev  0x00002d14       0x31 ./board/peripherals.o
 .debug_abbrev  0x00002d45       0x31 ./board/pin_mux.o
 .debug_abbrev  0x00002d76      0x10a C:/nxp/MCUXpressoIDE_25.6.136/ide/plugins/com.nxp.mcuxpresso.tools.win32_25.6.0.202501151204/tools/bin/../lib/gcc/arm-none-eabi/14.2.1/../../../../arm-none-eabi/lib/thumb/v7e-m+fp/hard\libcr_newlib_nohost.a(_cr_sbrk.o)