Archive member included to satisfy reference by file (symbol)

C:/nxp/MCUXpressoIDE_25.6.136/ide/plugins/com.nxp.mcuxpresso.tools.win32_25.6.0.202501151204/tools/bin/../lib/gcc/arm-none-eabi/14.2.1/thumb/v7e-m+fp/hard\libgcc.a(_arm_muldf3.o)
                              ./source/control/motor/motor.o (__aeabi_dmul)
C:/nxp/MCUXpressoIDE_25.6.136/ide/plugins/com.nxp.mcuxpresso.tools.win32_25.6.0.202501151204/tools/bin/../lib/gcc/arm-none-eabi/14.2.1/thumb/v7e-m+fp/hard\libgcc.a(_arm_addsubdf3.o)
                              ./source/control/motor/motor.o (__aeabi_dsub)
C:/nxp/MCUXpressoIDE_25.6.136/ide/plugins/com.nxp.mcuxpresso.tools.win32_25.6.0.202501151204/tools/bin/../lib/gcc/arm-none-eabi/14.2.1/thumb/v7e-m+fp/hard\libgcc.a(_arm_muldivdf3.o)
                              ./source/control/motor/motor.o (__aeabi_ddiv)
C:/nxp/MCUXpressoIDE_25.6.136/ide/plugins/com.nxp.mcuxpresso.tools.win32_25.6.0.202501151204/tools/bin/../lib/gcc/arm-none-eabi/14.2.1/thumb/v7e-m+fp/hard\libgcc.a(_arm_fixunsdfsi.o)
                              ./source/control/motor/motor.o (__aeabi_d2uiz)
C:/nxp/MCUXpressoIDE_25.6.136/ide/plugins/com.nxp.mcuxpresso.tools.win32_25.6.0.202501151204/tools/bin/../lib/gcc/arm-none-eabi/14.2.1/thumb/v7e-m+fp/hard\libgcc.a(_aeabi_uldivmod.o)
                              ./source/control/motor/motor.o (__aeabi_uldivmod)
C:/nxp/MCUXpressoIDE_25.6.136/ide/plugins/com.nxp.mcuxpresso.tools.win32_25.6.0.202501151204/tools/bin/../lib/gcc/arm-none-eabi/14.2.1/thumb/v7e-m+fp/hard\libgcc.a(_udivmoddi4.o)
                              C:/nxp/MCUXpressoIDE_25.6.136/ide/plugins/com.nxp.mcuxpresso.tools.win32_25.6.0.202501151204/tools/bin/../lib/gcc/arm-none-eabi/14.2.1/thumb/v7e-m+fp/hard\libgcc.a(_aeabi_uldivmod.o) (__udivmoddi4)
C:/nxp/MCUXpressoIDE_25.6.136/ide/plugins/com.nxp.mcuxpresso.tools.win32_25.6.0.202501151204/tools/bin/../lib/gcc/arm-none-eabi/14.2.1/thumb/v7e-m+fp/hard\libgcc.a(_dvmd_tls.o)
                              C:/nxp/MCUXpressoIDE_25.6.136/ide/plugins/com.nxp.mcuxpresso.tools.win32_25.6.0.202501151204/tools/bin/../lib/gcc/arm-none-eabi/14.2.1/thumb/v7e-m+fp/hard\libgcc.a(_aeabi_uldivmod.o) (__aeabi_ldiv0)
C:/nxp/MCUXpressoIDE_25.6.136/ide/plugins/com.nxp.mcuxpresso.tools.win32_25.6.0.202501151204/tools/bin/../lib/gcc/arm-none-eabi/14.2.1/thumb/v7e-m+fp/hard\libc_nano.a(libc_a-assert.o)
                              ./drivers/fsl_adc16.o (__assert_func)
C:/nxp/MCUXpressoIDE_25.6.136/ide/plugins/com.nxp.mcuxpresso.tools.win32_25.6.0.202501151204/tools/bin/../lib/gcc/arm-none-eabi/14.2.1/thumb/v7e-m+fp/hard\libc_nano.a(libc_a-malloc.o)
                              ./drivers/fsl_common.o (malloc)
C:/nxp/MCUXpressoIDE_25.6.136/ide/plugins/com.nxp.mcuxpresso.tools.win32_25.6.0.202501151204/tools/bin/../lib/gcc/arm-none-eabi/14.2.1/thumb/v7e-m+fp/hard\libc_nano.a(libc_a-mallocr.o)
                              C:/nxp/MCUXpressoIDE_25.6.136/ide/plugins/com.nxp.mcuxpresso.tools.win32_25.6.0.202501151204/tools/bin/../lib/gcc/arm-none-eabi/14.2.1/thumb/v7e-m+fp/hard\libc_nano.a(libc_a-malloc.o) (_malloc_r)
C:/nxp/MCUXpressoIDE_25.6.136/ide/plugins/com.nxp.mcuxpresso.tools.win32_25.6.0.202501151204/tools/bin/../lib/gcc/arm-none-eabi/14.2.1/thumb/v7e-m+fp/hard\libc_nano.a(libc_a-mlock.o)
                              C:/nxp/MCUXpressoIDE_25.6.136/ide/plugins/com.nxp.mcuxpresso.tools.win32_25.6.0.202501151204/tools/bin/../lib/gcc/arm-none-eabi/14.2.1/thumb/v7e-m+fp/hard\libc_nano.a(libc_a-mallocr.o) (__malloc_lock)
C:/nxp/MCUXpressoIDE_25.6.136/ide/plugins/com.nxp.mcuxpresso.tools.win32_25.6.0.202501151204/tools/bin/../lib/gcc/arm-none-eabi/14.2.1/thumb/v7e-m+fp/hard\libc_nano.a(libc_a-strtol.o)
                              ./source/com/term.o (strtol)
C:/nxp/MCUXpressoIDE_25.6.136/ide/plugins/com.nxp.mcuxpresso.tools.win32_25.6.0.202501151204/tools/bin/../lib/gcc/arm-none-eabi/14.2.1/thumb/v7e-m+fp/hard\libc_nano.a(libc_a-ctype_.o)
                              C:/nxp/MCUXpressoIDE_25.6.136/ide/plugins/com.nxp.mcuxpresso.tools.win32_25.6.0.202501151204/tools/bin/../lib/gcc/arm-none-eabi/14.2.1/thumb/v7e-m+fp/hard\libc_nano.a(libc_a-strtol.o) (_ctype_)
C:/nxp/MCUXpressoIDE_25.6.136/ide/plugins/com.nxp.mcuxpresso.tools.win32_25.6.0.202501151204/tools/bin/../lib/gcc/arm-none-eabi/14.2.1/thumb/v7e-m+fp/hard\libc_nano.a(libc_a-nano-vfprintf.o)
                              ./source/utils/wait.o (vfprintf)
C:/nxp/MCUXpressoIDE_25.6.136/ide/plugins/com.nxp.mcuxpresso.tools.win32_25.6.0.202501151204/tools/bin/../lib/gcc/arm-none-eabi/14.2.1/thumb/v7e-m+fp/hard\libc_nano.a(libc_a-nano-vfprintf_i.o)
                              C:/nxp/MCUXpressoIDE_25.6.136/ide/plugins/com.nxp.mcuxpresso.tools.win32_25.6.0.202501151204/tools/bin/../lib/gcc/arm-none-eabi/14.2.1/thumb/v7e-m+fp/hard\libc_nano.a(libc_a-nano-vfprintf.o) (_printf_i)
[...]
Memory Configuration

Name             Origin             Length             Attributes
PROGRAM_FLASH    0x00000000         0x00080000         xr
SRAM_UPPER       0x20000000         0x00010000         xrw
SRAM_LOWER       0x1fff0000         0x00010000         xrw
*default*        0x00000000         0xffffffff

Linker script and memory map

LOAD ./startup/startup_mk22f51212.o
LOAD ./startup/system.o
LOAD ./source/utils/debug.o
LOAD ./source/utils/ftm0.o
LOAD ./source/utils/util.o
LOAD ./source/utils/wait.o
LOAD ./source/control/motor/motor.o
LOAD ./source/control/coil/coil.o
LOAD ./source/control/control.o
LOAD ./source/com/term.o
LOAD ./source/com/uart2.o
LOAD ./source/main.o
LOAD ./drivers/fsl_adc16.o
LOAD ./drivers/fsl_clock.o
LOAD ./drivers/fsl_common.o
LOAD ./drivers/fsl_common_arm.o
LOAD ./drivers/fsl_dspi.o
LOAD ./drivers/fsl_gpio.o
LOAD ./drivers/fsl_i2c.o
LOAD ./drivers/fsl_rtc.o
LOAD ./drivers/fsl_smc.o
LOAD ./drivers/fsl_uart.o
LOAD ./device/system_MK22F51212.o
LOAD ./board/board.o
LOAD ./board/clock_config.o
LOAD ./board/peripherals.o
LOAD ./board/pin_mux.o
START GROUP
LOAD C:/nxp/MCUXpressoIDE_25.6.136/ide/plugins/com.nxp.mcuxpresso.tools.win32_25.6.0.202501151204/tools/bin/../lib/gcc/arm-none-eabi/14.2.1/thumb/v7e-m+fp/hard\libgcc.a
LOAD C:/nxp/MCUXpressoIDE_25.6.136/ide/plugins/com.nxp.mcuxpresso.tools.win32_25.6.0.202501151204/tools/bin/../lib/gcc/arm-none-eabi/14.2.1/thumb/v7e-m+fp/hard\libc_nano.a
LOAD C:/nxp/MCUXpressoIDE_25.6.136/ide/plugins/com.nxp.mcuxpresso.tools.win32_25.6.0.202501151204/tools/bin/../lib/gcc/arm-none-eabi/14.2.1/thumb/v7e-m+fp/hard\libm.a
LOAD C:/nxp/MCUXpressoIDE_25.6.136/ide/plugins/com.nxp.mcuxpresso.tools.win32_25.6.0.202501151204/tools/bin/../lib/gcc/arm-none-eabi/14.2.1/../../../../arm-none-eabi/lib/thumb/v7e-m+fp/hard\libcr_newlib_nohost.a
END GROUP
                0x00000000                        __base_PROGRAM_FLASH = 0x0
                0x00000000                        __base_Flash = 0x0
                0x00080000                        __top_PROGRAM_FLASH = 0x80000
                0x00080000                        __top_Flash = 0x80000
                0x20000000                        __base_SRAM_UPPER = 0x20000000
                0x20000000                        __base_RAM = 0x20000000
                0x20010000                        __top_SRAM_UPPER = 0x20010000
                0x20010000                        __top_RAM = 0x20010000
                0x1fff0000                        __base_SRAM_LOWER = 0x1fff0000
                0x1fff0000                        __base_RAM2 = 0x1fff0000
                0x20000000                        __top_SRAM_LOWER = 0x20000000
                0x20000000                        __top_RAM2 = 0x20000000

.text           0x00000000     0x4c00
 FILL mask 0xff
                0x00000000                        __vectors_start__ = ABSOLUTE (.)
 *(SORT_BY_ALIGNMENT(.isr_vector))
 .isr_vector    0x00000000      0x168 ./startup/startup_mk22f51212.o
                0x00000000                g_pfnVectors
                0x00000000                __Vectors
                0x00000168                        . = ALIGN (0x4)
                0x00000168                        __section_table_start = .
                0x00000168                        __data_section_table = .
                0x00000168        0x4 LONG 0x4c08 LOADADDR (.data)
                0x0000016c        0x4 LONG 0x20000000 ADDR (.data)
                0x00000170        0x4 LONG 0x78 SIZEOF (.data)
                0x00000174        0x4 LONG 0x4c08 LOADADDR (.data_RAM2)
                0x00000178        0x4 LONG 0x1fff0000 ADDR (.data_RAM2)
                0x0000017c        0x4 LONG 0x0 SIZEOF (.data_RAM2)
                0x00000180                        __data_section_table_end = .
                0x00000180                        __bss_section_table = .
                0x00000180        0x4 LONG 0x20000078 ADDR (.bss)
                0x00000184        0x4 LONG 0x6d4 SIZEOF (.bss)
                0x00000188        0x4 LONG 0x1fff0000 ADDR (.bss_RAM2)
                0x0000018c        0x4 LONG 0x0 SIZEOF (.bss_RAM2)
                0x00000190                        __bss_section_table_end = .
                0x00000190                        __section_table_end = .
 *(SORT_BY_ALIGNMENT(.after_vectors*))
 .after_vectors.reset
                0x00000190       0x50 ./startup/startup_mk22f51212.o
                0x00000190                ResetISR
 .after_vectors.init_data
                0x000001e0       0x1e ./startup/startup_mk22f51212.o
                0x000001e0                data_init
 .after_vectors.init_bss
                0x000001fe       0x12 ./startup/startup_mk22f51212.o
                0x000001fe                bss_init
 .after_vectors
                0x00000210       0x14 ./startup/startup_mk22f51212.o
                0x00000210                NMI_Handler
                0x00000214                MemManage_Handler
                0x00000216                BusFault_Handler
                0x00000218                UsageFault_Handler
                0x0000021a                SVC_Handler
                0x0000021c                DebugMon_Handler
                0x0000021e                PendSV_Handler
                0x00000220                SysTick_Handler
                0x00000222                DMA_Error_DriverIRQHandler
                0x00000222                FTM1_DriverIRQHandler
                0x00000222                FTM2_DriverIRQHandler
                0x00000222                PIT2_DriverIRQHandler
                0x00000222                Reserved82_DriverIRQHandler
                0x00000222                I2S0_Tx_DriverIRQHandler
                0x00000222                RTC_Seconds_DriverIRQHandler
                0x00000222                FTF_DriverIRQHandler
                0x00000222                DMA6_DriverIRQHandler
                0x00000222                LLWU_DriverIRQHandler
                0x00000222                MCM_DriverIRQHandler
                0x00000222                MCG_DriverIRQHandler
                0x00000222                DAC1_DriverIRQHandler
                0x00000222                LPTMR0_DriverIRQHandler
                0x00000222                CMP1_DriverIRQHandler
                0x00000222                FTM0_DriverIRQHandler
                0x00000222                IntDefaultHandler
                0x00000222                USB0_DriverIRQHandler
                0x00000222                PORTC_DriverIRQHandler
                0x00000222                DMA11_DriverIRQHandler
                0x00000222                DAC0_DriverIRQHandler
                0x00000222                DMA10_DriverIRQHandler
                0x00000222                UART2_ERR_DriverIRQHandler
                0x00000222                LVD_LVW_DriverIRQHandler
                0x00000222                Reserved84_DriverIRQHandler
                0x00000222                PIT0_DriverIRQHandler
                0x00000222                DMA12_DriverIRQHandler
                0x00000222                DMA5_DriverIRQHandler
                0x00000222                DMA4_DriverIRQHandler
                0x00000222                DMA3_DriverIRQHandler
                0x00000222                Reserved53_DriverIRQHandler
                0x00000222                DMA8_DriverIRQHandler
                0x00000222                DMA9_DriverIRQHandler
                0x00000222                UART0_ERR_DriverIRQHandler
                0x00000222                Reserved71_DriverIRQHandler
                0x00000222                ADC1_DriverIRQHandler
                0x00000222                PORTA_DriverIRQHandler
                0x00000222                DMA14_DriverIRQHandler
                0x00000222                PIT3_DriverIRQHandler
                0x00000222                PIT1_DriverIRQHandler
                0x00000222                WDOG_EWM_DriverIRQHandler
                0x00000222                PDB0_DriverIRQHandler
                0x00000222                Reserved83_DriverIRQHandler
                0x00000222                Reserved61_DriverIRQHandler
                0x00000222                RTC_DriverIRQHandler
                0x00000222                I2S0_Rx_DriverIRQHandler
                0x00000222                Read_Collision_DriverIRQHandler
                0x00000222                Reserved54_DriverIRQHandler
                0x00000222                SWI_DriverIRQHandler
                0x00000222                PORTB_DriverIRQHandler
                0x00000222                DMA0_DriverIRQHandler
                0x00000222                DMA1_DriverIRQHandler
                0x00000222                DMA13_DriverIRQHandler
                0x00000222                DMA15_DriverIRQHandler
                0x00000222                LPUART0_DriverIRQHandler
                0x00000222                Reserved85_DriverIRQHandler
                0x00000222                Reserved81_DriverIRQHandler
                0x00000222                ADC0_DriverIRQHandler
                0x00000222                CMP0_DriverIRQHandler
                0x00000222                FTM3_DriverIRQHandler
                0x00000222                RNG_DriverIRQHandler
                0x00000222                UART1_ERR_DriverIRQHandler
                0x00000222                DMA2_DriverIRQHandler
                0x00000222                PORTD_DriverIRQHandler
                0x00000222                Reserved70_DriverIRQHandler
                0x00000222                Reserved86_DriverIRQHandler
                0x00000222                PORTE_DriverIRQHandler
                0x00000222                DMA7_DriverIRQHandler
                0x00000400                        . = 0x400
 *fill*         0x00000224      0x1dc ff
                0x00000400                        PROVIDE (__FLASH_CONFIG_START__ = .)
 *(SORT_BY_ALIGNMENT(.FlashConfig))
 .FlashConfig   0x00000400       0x10 ./startup/startup_mk22f51212.o
                0x00000400                Flash_Config
                0x00000410                        PROVIDE (__FLASH_CONFIG_END__ = .)
                0x00000001                        ASSERT (! ((__FLASH_CONFIG_START__ == __FLASH_CONFIG_END__)), Linker Flash Config Support Enabled, but no .FlashConfig section provided within application)
 *(SORT_BY_ALIGNMENT(.text*))
 .text          0x00000410       0xa0 C:/nxp/MCUXpressoIDE_25.6.136/ide/plugins/com.nxp.mcuxpresso.tools.win32_25.6.0.202501151204/tools/bin/../lib/gcc/arm-none-eabi/14.2.1/thumb/v7e-m+fp/hard\libc_nano.a(libc_a-memchr.o)
                0x00000410                memchr
 .text.SystemInitHook
                0x000004b0       0x48 ./startup/system.o
                0x000004b0                SystemInitHook
 .text.McuHardFault_HandlerC
                0x000004f8       0xe4 ./startup/system.o
                0x000004f8                McuHardFault_HandlerC
 .text.__NVIC_EnableIRQ
                0x000005dc       0x3c ./source/utils/ftm0.o
 .text.__NVIC_DisableIRQ
                0x00000618       0x48 ./source/utils/ftm0.o
 .text.__NVIC_SetPriority
                0x00000660       0x54 ./source/utils/ftm0.o
 .text.FTM0_IRQHandler
                0x000006b4       0x9c ./source/utils/ftm0.o
                0x000006b4                FTM0_IRQHandler
 .text.ftm0Init
                0x00000750       0x4c ./source/utils/ftm0.o
                0x00000750                ftm0Init
 .text.ftm0StartClk
                0x0000079c       0x30 ./source/utils/ftm0.o
                0x0000079c                ftm0StartClk
 .text.ftm0StopClk
                0x000007cc       0x1c ./source/utils/ftm0.o
                0x000007cc                ftm0StopClk
 .text.ftm0StartIRQ
                0x000007e8       0x40 ./source/utils/ftm0.o
                0x000007e8                ftm0StartIRQ
 .text.ftm0StopIRQ
                0x00000828       0x74 ./source/utils/ftm0.o
                0x00000828                ftm0StopIRQ
 .text.FTM0TOF_IRQHandler
                0x0000089c       0x20 ./source/utils/ftm0.o
                0x0000089c                FTM0TOF_IRQHandler
 .text.FTM0CH0_IRQHandler
                0x000008bc       0x20 ./source/utils/ftm0.o
                0x000008bc                FTM0CH0_IRQHandler
 .text.FTM0CH1_IRQHandler
                0x000008dc       0xf4 ./source/utils/ftm0.o
                0x000008dc                FTM0CH1_IRQHandler
 .text.FTM0CH2_IRQHandler
                0x000009d0      0x104 ./source/utils/ftm0.o
                0x000009d0                FTM0CH2_IRQHandler
 .text.FTM0CH4_IRQHandler
                0x00000ad4       0xf8 ./source/utils/ftm0.o
                0x00000ad4                FTM0CH4_IRQHandler
 .text.logif    0x00000bcc       0x98 ./source/utils/wait.o
 .text.waitInit
                0x00000c64       0x38 ./source/utils/wait.o
                0x00000c64                waitInit
 .text.waitMs   0x00000c9c       0x64 ./source/utils/wait.o
                0x00000c9c                waitMs
 .text.motorInit
                0x00000d00       0xdc ./source/control/motor/motor.o
                0x00000d00                motorInit
 .text.moveWay  0x00000ddc      0x1e8 ./source/control/motor/motor.o
                0x00000ddc                moveWay
 .text.moveRotation
                0x00000fc4       0xc8 ./source/control/motor/motor.o
                0x00000fc4                moveRotation
 .text.resetMoveTimers
                0x0000108c       0x48 ./source/control/motor/motor.o
                0x0000108c                resetMoveTimers
 .text.resetRotTimers
                0x000010d4       0x20 ./source/control/motor/motor.o
                0x000010d4                resetRotTimers
 .text.setTimerValues
                0x000010f4      0x97c ./source/control/motor/motor.o
                0x000010f4                setTimerValues
 .text.initGlobalsMove
                0x00001a70       0xb0 ./source/control/motor/motor.o
                0x00001a70                initGlobalsMove
 .text.initGlobalsRot
                0x00001b20       0x24 ./source/control/motor/motor.o
                0x00001b20                initGlobalsRot
 .text.coilInit
                0x00001b44       0x2c ./source/control/coil/coil.o
                0x00001b44                coilInit
 .text.coil_ctrl
                0x00001b70       0x30 ./source/control/coil/coil.o
                0x00001b70                coil_ctrl
 .text.newCommand
                0x00001ba0       0xac ./source/control/control.o
                0x00001ba0                newCommand
 .text.clkGating
                0x00001c4c       0x78 ./source/control/control.o
                0x00001c4c                clkGating
 .text.termRegisterCommandLineHandler
                0x00001cc4       0x58 ./source/com/term.o
                0x00001cc4                termRegisterCommandLineHandler
 .text.termWriteChar
                0x00001d1c       0x2c ./source/com/term.o
                0x00001d1c                termWriteChar
 .text.termInit
                0x00001d48       0x2c ./source/com/term.o
                0x00001d48                termInit
 .text.startHandler
                0x00001d74       0xac ./source/com/term.o
 .text.commandInit
                0x00001e20       0x24 ./source/com/term.o
                0x00001e20                commandInit
 .text.__NVIC_EnableIRQ
                0x00001e44       0x3c ./source/com/uart2.o
 .text.__NVIC_DisableIRQ
                0x00001e80       0x48 ./source/com/uart2.o
 .text.__NVIC_SetPriority
                0x00001ec8       0x54 ./source/com/uart2.o
 .text.UART2_RX_TX_IRQHandler
                0x00001f1c       0xdc ./source/com/uart2.o
                0x00001f1c                UART2_RX_TX_IRQHandler
 .text.UART2_ERR_IRQHandler
                0x00001ff8       0x1c ./source/com/uart2.o
                0x00001ff8                UART2_ERR_IRQHandler
 .text.uart2WriteChar
                0x00002014       0x80 ./source/com/uart2.o
                0x00002014                uart2WriteChar
 .text.uart2Init
                0x00002094       0xf4 ./source/com/uart2.o
                0x00002094                uart2Init
 .text.main     0x00002188       0x74 ./source/main.o
                0x00002188                main
 .text.CLOCK_SetEr32kClock
                0x000021fc       0x30 ./drivers/fsl_clock.o
 .text.CLOCK_SetPllFllSelClock
                0x0000222c       0x38 ./drivers/fsl_clock.o
 .text.CLOCK_GetOscRangeFromFreq
                0x00002264       0x3c ./drivers/fsl_clock.o
 .text.CLOCK_SetSimConfig
                0x000022a0       0x34 ./drivers/fsl_clock.o
                0x000022a0                CLOCK_SetSimConfig
 .text.CLOCK_SetExternalRefClkConfig
                0x000022d4       0x6c ./drivers/fsl_clock.o
                0x000022d4                CLOCK_SetExternalRefClkConfig
 .text.CLOCK_EnablePll0
                0x00002340       0x98 ./drivers/fsl_clock.o
                0x00002340                CLOCK_EnablePll0
 .text.CLOCK_InitOsc0
                0x000023d8       0x8c ./drivers/fsl_clock.o
                0x000023d8                CLOCK_InitOsc0
 .text.CLOCK_SetPbeMode
                0x00002464       0xb8 ./drivers/fsl_clock.o
                0x00002464                CLOCK_SetPbeMode
 .text.CLOCK_BootToPeeMode
                0x0000251c       0x70 ./drivers/fsl_clock.o
                0x0000251c                CLOCK_BootToPeeMode
 .text.DSPI_CommonIRQHandler
                0x0000258c       0x44 ./drivers/fsl_dspi.o
 .text.SPI0_DriverIRQHandler
                0x000025d0       0x40 ./drivers/fsl_dspi.o
                0x000025d0                SPI0_DriverIRQHandler
 .text.SPI1_DriverIRQHandler
                0x00002610       0x40 ./drivers/fsl_dspi.o
                0x00002610                SPI1_DriverIRQHandler
 .text.I2C_TransferCommonIRQHandler
                0x00002650       0x58 ./drivers/fsl_i2c.o
 .text.I2C0_DriverIRQHandler
                0x000026a8       0x1c ./drivers/fsl_i2c.o
                0x000026a8                I2C0_DriverIRQHandler
 .text.I2C1_DriverIRQHandler
                0x000026c4       0x1c ./drivers/fsl_i2c.o
                0x000026c4                I2C1_DriverIRQHandler
 .text.UART0_DriverIRQHandler
                0x000026e0       0x28 ./drivers/fsl_uart.o
                0x000026e0                UART0_DriverIRQHandler
 .text.UART1_DriverIRQHandler
                0x00002708       0x28 ./drivers/fsl_uart.o
                0x00002708                UART1_DriverIRQHandler
 .text.SystemInit
                0x00002730       0x3c ./device/system_MK22F51212.o
                0x00002730                SystemInit
 .text.CLOCK_SetSimSafeDivs
                0x0000276c       0x24 ./board/clock_config.o
 .text.CLOCK_SetXtal0Freq
                0x00002790       0x20 ./board/clock_config.o
 .text.CLOCK_CONFIG_SetFllExtRefDiv
                0x000027b0       0x3c ./board/clock_config.o
 .text.BOARD_BootClockRUN
                0x000027ec       0x74 ./board/clock_config.o
                0x000027ec                BOARD_BootClockRUN
 .text          0x00002860      0x378 C:/nxp/MCUXpressoIDE_25.6.136/ide/plugins/com.nxp.mcuxpresso.tools.win32_25.6.0.202501151204/tools/bin/../lib/gcc/arm-none-eabi/14.2.1/thumb/v7e-m+fp/hard\libgcc.a(_arm_addsubdf3.o)
                0x00002860                __aeabi_drsub
                0x00002868                __aeabi_dsub
                0x00002868                __subdf3
                0x0000286c                __aeabi_dadd
                0x0000286c                __adddf3
                0x00002ae4                __floatunsidf
                0x00002ae4                __aeabi_ui2d
                0x00002b04                __floatsidf
                0x00002b04                __aeabi_i2d
                0x00002b28                __aeabi_f2d
                0x00002b28                __extendsfdf2
                0x00002b6c                __floatundidf
                0x00002b6c                __aeabi_ul2d
                0x00002b7c                __floatdidf
                0x00002b7c                __aeabi_l2d
 .text          0x00002bd8      0x424 C:/nxp/MCUXpressoIDE_25.6.136/ide/plugins/com.nxp.mcuxpresso.tools.win32_25.6.0.202501151204/tools/bin/../lib/gcc/arm-none-eabi/14.2.1/thumb/v7e-m+fp/hard\libgcc.a(_arm_muldivdf3.o)
                0x00002bd8                __aeabi_dmul
                0x00002bd8                __muldf3
                0x00002e2c                __divdf3
                0x00002e2c                __aeabi_ddiv
 .text          0x00002ffc       0x40 C:/nxp/MCUXpressoIDE_25.6.136/ide/plugins/com.nxp.mcuxpresso.tools.win32_25.6.0.202501151204/tools/bin/../lib/gcc/arm-none-eabi/14.2.1/thumb/v7e-m+fp/hard\libgcc.a(_arm_fixunsdfsi.o)
                0x00002ffc                __aeabi_d2uiz
                0x00002ffc                __fixunsdfsi
 .text          0x0000303c       0x30 C:/nxp/MCUXpressoIDE_25.6.136/ide/plugins/com.nxp.mcuxpresso.tools.win32_25.6.0.202501151204/tools/bin/../lib/gcc/arm-none-eabi/14.2.1/thumb/v7e-m+fp/hard\libgcc.a(_aeabi_uldivmod.o)
                0x0000303c                __aeabi_uldivmod
 .text.__udivmoddi4
                0x0000306c      0x2f8 C:/nxp/MCUXpressoIDE_25.6.136/ide/plugins/com.nxp.mcuxpresso.tools.win32_25.6.0.202501151204/tools/bin/../lib/gcc/arm-none-eabi/14.2.1/thumb/v7e-m+fp/hard\libgcc.a(_udivmoddi4.o)
                0x0000306c                __udivmoddi4
 .text          0x00003364        0x4 C:/nxp/MCUXpressoIDE_25.6.136/ide/plugins/com.nxp.mcuxpresso.tools.win32_25.6.0.202501151204/tools/bin/../lib/gcc/arm-none-eabi/14.2.1/thumb/v7e-m+fp/hard\libgcc.a(_dvmd_tls.o)
                0x00003364                __aeabi_idiv0
                0x00003364                __aeabi_ldiv0
 .text.__assert_func
                0x00003368       0x3c C:/nxp/MCUXpressoIDE_25.6.136/ide/plugins/com.nxp.mcuxpresso.tools.win32_25.6.0.202501151204/tools/bin/../lib/gcc/arm-none-eabi/14.2.1/thumb/v7e-m+fp/hard\libc_nano.a(libc_a-assert.o)
                0x00003368                __assert_func
 .text.sbrk_aligned
                0x000033a4       0x44 C:/nxp/MCUXpressoIDE_25.6.136/ide/plugins/com.nxp.mcuxpresso.tools.win32_25.6.0.202501151204/tools/bin/../lib/gcc/arm-none-eabi/14.2.1/thumb/v7e-m+fp/hard\libc_nano.a(libc_a-mallocr.o)
 .text._malloc_r
                0x000033e8      0x100 C:/nxp/MCUXpressoIDE_25.6.136/ide/plugins/com.nxp.mcuxpresso.tools.win32_25.6.0.202501151204/tools/bin/../lib/gcc/arm-none-eabi/14.2.1/thumb/v7e-m+fp/hard\libc_nano.a(libc_a-mallocr.o)
                0x000033e8                _malloc_r
 .text.__malloc_lock
                0x000034e8        0xc C:/nxp/MCUXpressoIDE_25.6.136/ide/plugins/com.nxp.mcuxpresso.tools.win32_25.6.0.202501151204/tools/bin/../lib/gcc/arm-none-eabi/14.2.1/thumb/v7e-m+fp/hard\libc_nano.a(libc_a-mlock.o)
                0x000034e8                __malloc_lock
 .text.__malloc_unlock
                0x000034f4        0xc C:/nxp/MCUXpressoIDE_25.6.136/ide/plugins/com.nxp.mcuxpresso.tools.win32_25.6.0.202501151204/tools/bin/../lib/gcc/arm-none-eabi/14.2.1/thumb/v7e-m+fp/hard\libc_nano.a(libc_a-mlock.o)
                0x000034f4                __malloc_unlock
 .text._strtol_l.isra.0
                0x00003500       0xf4 C:/nxp/MCUXpressoIDE_25.6.136/ide/plugins/com.nxp.mcuxpresso.tools.win32_25.6.0.202501151204/tools/bin/../lib/gcc/arm-none-eabi/14.2.1/thumb/v7e-m+fp/hard\libc_nano.a(libc_a-strtol.o)
 .text.strtol   0x000035f4       0x14 C:/nxp/MCUXpressoIDE_25.6.136/ide/plugins/com.nxp.mcuxpresso.tools.win32_25.6.0.202501151204/tools/bin/../lib/gcc/arm-none-eabi/14.2.1/thumb/v7e-m+fp/hard\libc_nano.a(libc_a-strtol.o)
                0x000035f4                strtol
 .text._vfprintf_r
                0x00003608      0x230 C:/nxp/MCUXpressoIDE_25.6.136/ide/plugins/com.nxp.mcuxpresso.tools.win32_25.6.0.202501151204/tools/bin/../lib/gcc/arm-none-eabi/14.2.1/thumb/v7e-m+fp/hard\libc_nano.a(libc_a-nano-vfprintf.o)
                0x00003608                _vfprintf_r
                0x00003608                _vfiprintf_r
 .text.vfprintf
                0x00003838       0x14 C:/nxp/MCUXpressoIDE_25.6.136/ide/plugins/com.nxp.mcuxpresso.tools.win32_25.6.0.202501151204/tools/bin/../lib/gcc/arm-none-eabi/14.2.1/thumb/v7e-m+fp/hard\libc_nano.a(libc_a-nano-vfprintf.o)
                0x00003838                vfprintf
                0x00003838                vfiprintf
 .text._printf_i
                0x0000384c      0x240 C:/nxp/MCUXpressoIDE_25.6.136/ide/plugins/com.nxp.mcuxpresso.tools.win32_25.6.0.202501151204/tools/bin/../lib/gcc/arm-none-eabi/14.2.1/thumb/v7e-m+fp/hard\libc_nano.a(libc_a-nano-vfprintf_i.o)
                0x0000384c                _printf_i
 .text.std      0x00003a8c       0x6c C:/nxp/MCUXpressoIDE_25.6.136/ide/plugins/com.nxp.mcuxpresso.tools.win32_25.6.0.202501151204/tools/bin/../lib/gcc/arm-none-eabi/14.2.1/thumb/v7e-m+fp/hard\libc_nano.a(libc_a-findfp.o)
 .text.stdio_exit_handler
                0x00003af8       0x18 C:/nxp/MCUXpressoIDE_25.6.136/ide/plugins/com.nxp.mcuxpresso.tools.win32_25.6.0.202501151204/tools/bin/../lib/gcc/arm-none-eabi/14.2.1/thumb/v7e-m+fp/hard\libc_nano.a(libc_a-findfp.o)
 .text.cleanup_stdio
                0x00003b10       0x40 C:/nxp/MCUXpressoIDE_25.6.136/ide/plugins/com.nxp.mcuxpresso.tools.win32_25.6.0.202501151204/tools/bin/../lib/gcc/arm-none-eabi/14.2.1/thumb/v7e-m+fp/hard\libc_nano.a(libc_a-findfp.o)
 .text.global_stdio_init.part.0
                0x00003b50       0x40 C:/nxp/MCUXpressoIDE_25.6.136/ide/plugins/com.nxp.mcuxpresso.tools.win32_25.6.0.202501151204/tools/bin/../lib/gcc/arm-none-eabi/14.2.1/thumb/v7e-m+fp/hard\libc_nano.a(libc_a-findfp.o)
 .text.__sfp_lock_acquire
                0x00003b90        0xc C:/nxp/MCUXpressoIDE_25.6.136/ide/plugins/com.nxp.mcuxpresso.tools.win32_25.6.0.202501151204/tools/bin/../lib/gcc/arm-none-eabi/14.2.1/thumb/v7e-m+fp/hard\libc_nano.a(libc_a-findfp.o)
                0x00003b90                __sfp_lock_acquire
 .text.__sfp_lock_release
                0x00003b9c        0xc C:/nxp/MCUXpressoIDE_25.6.136/ide/plugins/com.nxp.mcuxpresso.tools.win32_25.6.0.202501151204/tools/bin/../lib/gcc/arm-none-eabi/14.2.1/thumb/v7e-m+fp/hard\libc_nano.a(libc_a-findfp.o)
                0x00003b9c                __sfp_lock_release
 .text.__sinit  0x00003ba8       0x30 C:/nxp/MCUXpressoIDE_25.6.136/ide/plugins/com.nxp.mcuxpresso.tools.win32_25.6.0.202501151204/tools/bin/../lib/gcc/arm-none-eabi/14.2.1/thumb/v7e-m+fp/hard\libc_nano.a(libc_a-findfp.o)
                0x00003ba8                __sinit
 .text.fprintf  0x00003bd8       0x24 C:/nxp/MCUXpressoIDE_25.6.136/ide/plugins/com.nxp.mcuxpresso.tools.win32_25.6.0.202501151204/tools/bin/../lib/gcc/arm-none-eabi/14.2.1/thumb/v7e-m+fp/hard\libc_nano.a(libc_a-fprintf.o)
                0x00003bd8                fiprintf
                0x00003bd8                fprintf
 .text.__swsetup_r
                0x00003bfc       0xa8 C:/nxp/MCUXpressoIDE_25.6.136/ide/plugins/com.nxp.mcuxpresso.tools.win32_25.6.0.202501151204/tools/bin/../lib/gcc/arm-none-eabi/14.2.1/thumb/v7e-m+fp/hard\libc_nano.a(libc_a-wsetup.o)
                0x00003bfc                __swsetup_r
 .text._close_r
                0x00003ca4       0x20 C:/nxp/MCUXpressoIDE_25.6.136/ide/plugins/com.nxp.mcuxpresso.tools.win32_25.6.0.202501151204/tools/bin/../lib/gcc/arm-none-eabi/14.2.1/thumb/v7e-m+fp/hard\libc_nano.a(libc_a-closer.o)
                0x00003ca4                _close_r
 .text._lseek_r
                0x00003cc4       0x24 C:/nxp/MCUXpressoIDE_25.6.136/ide/plugins/com.nxp.mcuxpresso.tools.win32_25.6.0.202501151204/tools/bin/../lib/gcc/arm-none-eabi/14.2.1/thumb/v7e-m+fp/hard\libc_nano.a(libc_a-lseekr.o)
                0x00003cc4                _lseek_r
 .text._read_r  0x00003ce8       0x24 C:/nxp/MCUXpressoIDE_25.6.136/ide/plugins/com.nxp.mcuxpresso.tools.win32_25.6.0.202501151204/tools/bin/../lib/gcc/arm-none-eabi/14.2.1/thumb/v7e-m+fp/hard\libc_nano.a(libc_a-readr.o)
                0x00003ce8                _read_r
 .text._sbrk_r  0x00003d0c       0x20 C:/nxp/MCUXpressoIDE_25.6.136/ide/plugins/com.nxp.mcuxpresso.tools.win32_25.6.0.202501151204/tools/bin/../lib/gcc/arm-none-eabi/14.2.1/thumb/v7e-m+fp/hard\libc_nano.a(libc_a-sbrkr.o)
                0x00003d0c                _sbrk_r
 .text._write_r
                0x00003d2c       0x24 C:/nxp/MCUXpressoIDE_25.6.136/ide/plugins/com.nxp.mcuxpresso.tools.win32_25.6.0.202501151204/tools/bin/../lib/gcc/arm-none-eabi/14.2.1/thumb/v7e-m+fp/hard\libc_nano.a(libc_a-writer.o)
                0x00003d2c                _write_r
 .text.__errno  0x00003d50        0xc C:/nxp/MCUXpressoIDE_25.6.136/ide/plugins/com.nxp.mcuxpresso.tools.win32_25.6.0.202501151204/tools/bin/../lib/gcc/arm-none-eabi/14.2.1/thumb/v7e-m+fp/hard\libc_nano.a(libc_a-errno.o)
                0x00003d50                __errno
 .text._free_r  0x00003d5c       0x94 C:/nxp/MCUXpressoIDE_25.6.136/ide/plugins/com.nxp.mcuxpresso.tools.win32_25.6.0.202501151204/tools/bin/../lib/gcc/arm-none-eabi/14.2.1/thumb/v7e-m+fp/hard\libc_nano.a(libc_a-freer.o)
                0x00003d5c                _free_r
 .text.__sflush_r
                0x00003df0      0x104 C:/nxp/MCUXpressoIDE_25.6.136/ide/plugins/com.nxp.mcuxpresso.tools.win32_25.6.0.202501151204/tools/bin/../lib/gcc/arm-none-eabi/14.2.1/thumb/v7e-m+fp/hard\libc_nano.a(libc_a-fflush.o)
                0x00003df0                __sflush_r
 .text.raise    0x00003ef4       0x10 C:/nxp/MCUXpressoIDE_25.6.136/ide/plugins/com.nxp.mcuxpresso.tools.win32_25.6.0.202501151204/tools/bin/../lib/gcc/arm-none-eabi/14.2.1/thumb/v7e-m+fp/hard\libc_nano.a(libc_a-signal.o)
                0x00003ef4                raise
 .text._fstat_r
                0x00003f04       0x24 C:/nxp/MCUXpressoIDE_25.6.136/ide/plugins/com.nxp.mcuxpresso.tools.win32_25.6.0.202501151204/tools/bin/../lib/gcc/arm-none-eabi/14.2.1/thumb/v7e-m+fp/hard\libc_nano.a(libc_a-fstatr.o)
                0x00003f04                _fstat_r
 .text._isatty_r
                0x00003f28       0x20 C:/nxp/MCUXpressoIDE_25.6.136/ide/plugins/com.nxp.mcuxpresso.tools.win32_25.6.0.202501151204/tools/bin/../lib/gcc/arm-none-eabi/14.2.1/thumb/v7e-m+fp/hard\libc_nano.a(libc_a-isattyr.o)
                0x00003f28                _isatty_r
 .text._kill_r  0x00003f48       0x24 C:/nxp/MCUXpressoIDE_25.6.136/ide/plugins/com.nxp.mcuxpresso.tools.win32_25.6.0.202501151204/tools/bin/../lib/gcc/arm-none-eabi/14.2.1/thumb/v7e-m+fp/hard\libc_nano.a(libc_a-signalr.o)
                0x00003f48                _kill_r
 .text._sbrk    0x00003f6c       0x3c C:/nxp/MCUXpressoIDE_25.6.136/ide/plugins/com.nxp.mcuxpresso.tools.win32_25.6.0.202501151204/tools/bin/../lib/gcc/arm-none-eabi/14.2.1/../../../../arm-none-eabi/lib/thumb/v7e-m+fp/hard\libcr_newlib_nohost.a(_cr_sbrk.o)
                0x00003f6c                _sbrk
 .text._close   0x00003fa8       0x10 C:/nxp/MCUXpressoIDE_25.6.136/ide/plugins/com.nxp.mcuxpresso.tools.win32_25.6.0.202501151204/tools/bin/../lib/gcc/arm-none-eabi/14.2.1/../../../../arm-none-eabi/lib/thumb/v7e-m+fp/hard\libcr_newlib_nohost.a(close.o)
                0x00003fa8                _close
 .text._fstat   0x00003fb8       0x10 C:/nxp/MCUXpressoIDE_25.6.136/ide/plugins/com.nxp.mcuxpresso.tools.win32_25.6.0.202501151204/tools/bin/../lib/gcc/arm-none-eabi/14.2.1/../../../../arm-none-eabi/lib/thumb/v7e-m+fp/hard\libcr_newlib_nohost.a(fstat.o)
                0x00003fb8                _fstat
 .text._getpid  0x00003fc8       0x10 C:/nxp/MCUXpressoIDE_25.6.136/ide/plugins/com.nxp.mcuxpresso.tools.win32_25.6.0.202501151204/tools/bin/../lib/gcc/arm-none-eabi/14.2.1/../../../../arm-none-eabi/lib/thumb/v7e-m+fp/hard\libcr_newlib_nohost.a(getpid.o)
                0x00003fc8                _getpid
 .text._isatty  0x00003fd8       0x10 C:/nxp/MCUXpressoIDE_25.6.136/ide/plugins/com.nxp.mcuxpresso.tools.win32_25.6.0.202501151204/tools/bin/../lib/gcc/arm-none-eabi/14.2.1/../../../../arm-none-eabi/lib/thumb/v7e-m+fp/hard\libcr_newlib_nohost.a(isatty.o)
                0x00003fd8                _isatty
 .text._kill    0x00003fe8       0x10 C:/nxp/MCUXpressoIDE_25.6.136/ide/plugins/com.nxp.mcuxpresso.tools.win32_25.6.0.202501151204/tools/bin/../lib/gcc/arm-none-eabi/14.2.1/../../../../arm-none-eabi/lib/thumb/v7e-m+fp/hard\libcr_newlib_nohost.a(kill.o)
                0x00003fe8                _kill
 .text._lseek   0x00003ff8       0x10 C:/nxp/MCUXpressoIDE_25.6.136/ide/plugins/com.nxp.mcuxpresso.tools.win32_25.6.0.202501151204/tools/bin/../lib/gcc/arm-none-eabi/14.2.1/../../../../arm-none-eabi/lib/thumb/v7e-m+fp/hard\libcr_newlib_nohost.a(lseek.o)
                0x00003ff8                _lseek
 .text._read    0x00004008       0x10 C:/nxp/MCUXpressoIDE_25.6.136/ide/plugins/com.nxp.mcuxpresso.tools.win32_25.6.0.202501151204/tools/bin/../lib/gcc/arm-none-eabi/14.2.1/../../../../arm-none-eabi/lib/thumb/v7e-m+fp/hard\libcr_newlib_nohost.a(read.o)
                0x00004008                _read
 .text._write   0x00004018       0x10 C:/nxp/MCUXpressoIDE_25.6.136/ide/plugins/com.nxp.mcuxpresso.tools.win32_25.6.0.202501151204/tools/bin/../lib/gcc/arm-none-eabi/14.2.1/../../../../arm-none-eabi/lib/thumb/v7e-m+fp/hard\libcr_newlib_nohost.a(write.o)
                0x00004018                _write
 .text.__check_heap_overflow
                0x00004028       0x18 C:/nxp/MCUXpressoIDE_25.6.136/ide/plugins/com.nxp.mcuxpresso.tools.win32_25.6.0.202501151204/tools/bin/../lib/gcc/arm-none-eabi/14.2.1/../../../../arm-none-eabi/lib/thumb/v7e-m+fp/hard\libcr_newlib_nohost.a(_cr_check_heap.o)
                0x00004028                __check_heap_overflow
 .text.DMA0_IRQHandler
                0x00004040        0x8 ./startup/startup_mk22f51212.o
                0x00004040                DMA0_IRQHandler
 .text.DMA1_IRQHandler
                0x00004048        0x8 ./startup/startup_mk22f51212.o
                0x00004048                DMA1_IRQHandler
 .text.DMA2_IRQHandler
                0x00004050        0x8 ./startup/startup_mk22f51212.o
                0x00004050                DMA2_IRQHandler
 .text.DMA3_IRQHandler
                0x00004058        0x8 ./startup/startup_mk22f51212.o
                0x00004058                DMA3_IRQHandler
 .text.DMA4_IRQHandler
                0x00004060        0x8 ./startup/startup_mk22f51212.o
                0x00004060                DMA4_IRQHandler
 .text.DMA5_IRQHandler
                0x00004068        0x8 ./startup/startup_mk22f51212.o
                0x00004068                DMA5_IRQHandler
 .text.DMA6_IRQHandler
                0x00004070        0x8 ./startup/startup_mk22f51212.o
                0x00004070                DMA6_IRQHandler
 .text.DMA7_IRQHandler
                0x00004078        0x8 ./startup/startup_mk22f51212.o
                0x00004078                DMA7_IRQHandler
 .text.DMA8_IRQHandler
                0x00004080        0x8 ./startup/startup_mk22f51212.o
                0x00004080                DMA8_IRQHandler
 .text.DMA9_IRQHandler
                0x00004088        0x8 ./startup/startup_mk22f51212.o
                0x00004088                DMA9_IRQHandler
 .text.DMA10_IRQHandler
                0x00004090        0x8 ./startup/startup_mk22f51212.o
                0x00004090                DMA10_IRQHandler
 .text.DMA11_IRQHandler
                0x00004098        0x8 ./startup/startup_mk22f51212.o
                0x00004098                DMA11_IRQHandler
 .text.DMA12_IRQHandler
                0x000040a0        0x8 ./startup/startup_mk22f51212.o
                0x000040a0                DMA12_IRQHandler
 .text.DMA13_IRQHandler
                0x000040a8        0x8 ./startup/startup_mk22f51212.o
                0x000040a8                DMA13_IRQHandler
 .text.DMA14_IRQHandler
                0x000040b0        0x8 ./startup/startup_mk22f51212.o
                0x000040b0                DMA14_IRQHandler
 .text.DMA15_IRQHandler
                0x000040b8        0x8 ./startup/startup_mk22f51212.o
                0x000040b8                DMA15_IRQHandler
 .text.DMA_Error_IRQHandler
                0x000040c0        0x8 ./startup/startup_mk22f51212.o
                0x000040c0                DMA_Error_IRQHandler
 .text.MCM_IRQHandler
                0x000040c8        0x8 ./startup/startup_mk22f51212.o
                0x000040c8                MCM_IRQHandler
 .text.FTF_IRQHandler
                0x000040d0        0x8 ./startup/startup_mk22f51212.o
                0x000040d0                FTF_IRQHandler
 .text.Read_Collision_IRQHandler
                0x000040d8        0x8 ./startup/startup_mk22f51212.o
                0x000040d8                Read_Collision_IRQHandler
 .text.LVD_LVW_IRQHandler
                0x000040e0        0x8 ./startup/startup_mk22f51212.o
                0x000040e0                LVD_LVW_IRQHandler
 .text.LLWU_IRQHandler
                0x000040e8        0x8 ./startup/startup_mk22f51212.o
                0x000040e8                LLWU_IRQHandler
 .text.WDOG_EWM_IRQHandler
                0x000040f0        0x8 ./startup/startup_mk22f51212.o
                0x000040f0                WDOG_EWM_IRQHandler
 .text.RNG_IRQHandler
                0x000040f8        0x8 ./startup/startup_mk22f51212.o
                0x000040f8                RNG_IRQHandler
 .text.I2C0_IRQHandler
                0x00004100        0x8 ./startup/startup_mk22f51212.o
                0x00004100                I2C0_IRQHandler
 .text.I2C1_IRQHandler
                0x00004108        0x8 ./startup/startup_mk22f51212.o
                0x00004108                I2C1_IRQHandler
 .text.SPI0_IRQHandler
                0x00004110        0x8 ./startup/startup_mk22f51212.o
                0x00004110                SPI0_IRQHandler
 .text.SPI1_IRQHandler
                0x00004118        0x8 ./startup/startup_mk22f51212.o
                0x00004118                SPI1_IRQHandler
 .text.I2S0_Tx_IRQHandler
                0x00004120        0x8 ./startup/startup_mk22f51212.o
                0x00004120                I2S0_Tx_IRQHandler
 .text.I2S0_Rx_IRQHandler
                0x00004128        0x8 ./startup/startup_mk22f51212.o
                0x00004128                I2S0_Rx_IRQHandler
 .text.LPUART0_IRQHandler
                0x00004130        0x8 ./startup/startup_mk22f51212.o
                0x00004130                LPUART0_IRQHandler
 .text.UART0_RX_TX_IRQHandler
                0x00004138        0x8 ./startup/startup_mk22f51212.o
                0x00004138                UART0_RX_TX_IRQHandler
 .text.UART0_ERR_IRQHandler
                0x00004140        0x8 ./startup/startup_mk22f51212.o
                0x00004140                UART0_ERR_IRQHandler
 .text.UART1_RX_TX_IRQHandler
                0x00004148        0x8 ./startup/startup_mk22f51212.o
                0x00004148                UART1_RX_TX_IRQHandler
 .text.UART1_ERR_IRQHandler
                0x00004150        0x8 ./startup/startup_mk22f51212.o
                0x00004150                UART1_ERR_IRQHandler
 .text.Reserved53_IRQHandler
                0x00004158        0x8 ./startup/startup_mk22f51212.o
                0x00004158                Reserved53_IRQHandler
 .text.Reserved54_IRQHandler
                0x00004160        0x8 ./startup/startup_mk22f51212.o
                0x00004160                Reserved54_IRQHandler
 .text.ADC0_IRQHandler
                0x00004168        0x8 ./startup/startup_mk22f51212.o
                0x00004168                ADC0_IRQHandler
 .text.CMP0_IRQHandler
                0x00004170        0x8 ./startup/startup_mk22f51212.o
                0x00004170                CMP0_IRQHandler
 .text.CMP1_IRQHandler
                0x00004178        0x8 ./startup/startup_mk22f51212.o
                0x00004178                CMP1_IRQHandler
 .text.FTM1_IRQHandler
                0x00004180        0x8 ./startup/startup_mk22f51212.o
                0x00004180                FTM1_IRQHandler
 .text.FTM2_IRQHandler
                0x00004188        0x8 ./startup/startup_mk22f51212.o
                0x00004188                FTM2_IRQHandler
 .text.Reserved61_IRQHandler
                0x00004190        0x8 ./startup/startup_mk22f51212.o
                0x00004190                Reserved61_IRQHandler
 .text.RTC_IRQHandler
                0x00004198        0x8 ./startup/startup_mk22f51212.o
                0x00004198                RTC_IRQHandler
 .text.RTC_Seconds_IRQHandler
                0x000041a0        0x8 ./startup/startup_mk22f51212.o
                0x000041a0                RTC_Seconds_IRQHandler
 .text.PIT0_IRQHandler
                0x000041a8        0x8 ./startup/startup_mk22f51212.o
                0x000041a8                PIT0_IRQHandler
 .text.PIT1_IRQHandler
                0x000041b0        0x8 ./startup/startup_mk22f51212.o
                0x000041b0                PIT1_IRQHandler
 .text.PIT2_IRQHandler
                0x000041b8        0x8 ./startup/startup_mk22f51212.o
                0x000041b8                PIT2_IRQHandler
 .text.PIT3_IRQHandler
                0x000041c0        0x8 ./startup/startup_mk22f51212.o
                0x000041c0                PIT3_IRQHandler
 .text.PDB0_IRQHandler
                0x000041c8        0x8 ./startup/startup_mk22f51212.o
                0x000041c8                PDB0_IRQHandler
 .text.USB0_IRQHandler
                0x000041d0        0x8 ./startup/startup_mk22f51212.o
                0x000041d0                USB0_IRQHandler
 .text.Reserved70_IRQHandler
                0x000041d8        0x8 ./startup/startup_mk22f51212.o
                0x000041d8                Reserved70_IRQHandler
 .text.Reserved71_IRQHandler
                0x000041e0        0x8 ./startup/startup_mk22f51212.o
                0x000041e0                Reserved71_IRQHandler
 .text.DAC0_IRQHandler
                0x000041e8        0x8 ./startup/startup_mk22f51212.o
                0x000041e8                DAC0_IRQHandler
 .text.MCG_IRQHandler
                0x000041f0        0x8 ./startup/startup_mk22f51212.o
                0x000041f0                MCG_IRQHandler
 .text.LPTMR0_IRQHandler
                0x000041f8        0x8 ./startup/startup_mk22f51212.o
                0x000041f8                LPTMR0_IRQHandler
 .text.PORTA_IRQHandler
                0x00004200        0x8 ./startup/startup_mk22f51212.o
                0x00004200                PORTA_IRQHandler
 .text.PORTB_IRQHandler
                0x00004208        0x8 ./startup/startup_mk22f51212.o
                0x00004208                PORTB_IRQHandler
 .text.PORTC_IRQHandler
                0x00004210        0x8 ./startup/startup_mk22f51212.o
                0x00004210                PORTC_IRQHandler
 .text.PORTD_IRQHandler
                0x00004218        0x8 ./startup/startup_mk22f51212.o
                0x00004218                PORTD_IRQHandler
 .text.PORTE_IRQHandler
                0x00004220        0x8 ./startup/startup_mk22f51212.o
                0x00004220                PORTE_IRQHandler
 .text.SWI_IRQHandler
                0x00004228        0x8 ./startup/startup_mk22f51212.o
                0x00004228                SWI_IRQHandler
 .text.Reserved81_IRQHandler
                0x00004230        0x8 ./startup/startup_mk22f51212.o
                0x00004230                Reserved81_IRQHandler
 .text.Reserved82_IRQHandler
                0x00004238        0x8 ./startup/startup_mk22f51212.o
                0x00004238                Reserved82_IRQHandler
 .text.Reserved83_IRQHandler
                0x00004240        0x8 ./startup/startup_mk22f51212.o
                0x00004240                Reserved83_IRQHandler
 .text.Reserved84_IRQHandler
                0x00004248        0x8 ./startup/startup_mk22f51212.o
                0x00004248                Reserved84_IRQHandler
 .text.Reserved85_IRQHandler
                0x00004250        0x8 ./startup/startup_mk22f51212.o
                0x00004250                Reserved85_IRQHandler
 .text.Reserved86_IRQHandler
                0x00004258        0x8 ./startup/startup_mk22f51212.o
                0x00004258                Reserved86_IRQHandler
 .text.FTM3_IRQHandler
                0x00004260        0x8 ./startup/startup_mk22f51212.o
                0x00004260                FTM3_IRQHandler
 .text.DAC1_IRQHandler
                0x00004268        0x8 ./startup/startup_mk22f51212.o
                0x00004268                DAC1_IRQHandler
 .text.ADC1_IRQHandler
                0x00004270        0x8 ./startup/startup_mk22f51212.o
                0x00004270                ADC1_IRQHandler
 .text.systemPostInit
                0x00004278       0x14 ./startup/system.o
                0x00004278                systemPostInit
 .text.HardFault_Handler
                0x0000428c       0x1a ./startup/system.o
                0x0000428c                HardFault_Handler
 .text.Default_Handler_FTM0
                0x000042a6       0x10 ./source/utils/ftm0.o
                0x000042a6                FTM0CH7_IRQHandler
                0x000042a6                Default_Handler_FTM0
                0x000042a6                FTM0CH6_IRQHandler
                0x000042a6                FTM0CH3_IRQHandler
                0x000042a6                FTM0CH5_IRQHandler
 .text.controlInit
                0x000042b6       0x18 ./source/control/control.o
                0x000042b6                controlInit
 .text.termWrite
                0x000042ce       0x30 ./source/com/term.o
                0x000042ce                termWrite
 .text.termWriteLine
                0x000042fe       0x1c ./source/com/term.o
                0x000042fe                termWriteLine
 .text.NVIC_DisableIRQEx
                0x0000431a       0x24 ./source/com/uart2.o
 .text.OSC_SetExtRefClkConfig
                0x0000433e       0x40 ./drivers/fsl_clock.o
 .text.OSC_SetCapLoad
                0x0000437e       0x34 ./drivers/fsl_clock.o
 .text.DSPI_IsMaster
                0x000043b2       0x26 ./drivers/fsl_dspi.o
 .text.SMC_SetPowerModeHsrun
                0x000043d8       0x32 ./drivers/fsl_smc.o
                0x000043d8                SMC_SetPowerModeHsrun
 .text.UART0_RX_TX_DriverIRQHandler
                0x0000440a       0x12 ./drivers/fsl_uart.o
                0x0000440a                UART0_RX_TX_DriverIRQHandler
 .text.UART1_RX_TX_DriverIRQHandler
                0x0000441c       0x12 ./drivers/fsl_uart.o
                0x0000441c                UART1_RX_TX_DriverIRQHandler
 .text.SMC_SetPowerModeProtection
                0x0000442e       0x1e ./board/clock_config.o
 .text.SMC_GetPowerModeState
                0x0000444c       0x1a ./board/clock_config.o
 .text.BOARD_InitBootClocks
                0x00004466        0xc ./board/clock_config.o
                0x00004466                BOARD_InitBootClocks
 .text.BOARD_InitBootPeripherals
                0x00004472        0xe ./board/peripherals.o
                0x00004472                BOARD_InitBootPeripherals
 .text.BOARD_InitBootPins
                0x00004480        0xe ./board/pin_mux.o
                0x00004480                BOARD_InitBootPins
 .text.__sfputc_r
                0x0000448e       0x2e C:/nxp/MCUXpressoIDE_25.6.136/ide/plugins/com.nxp.mcuxpresso.tools.win32_25.6.0.202501151204/tools/bin/../lib/gcc/arm-none-eabi/14.2.1/thumb/v7e-m+fp/hard\libc_nano.a(libc_a-nano-vfprintf.o)
 .text.__sfputs_r
                0x000044bc       0x24 C:/nxp/MCUXpressoIDE_25.6.136/ide/plugins/com.nxp.mcuxpresso.tools.win32_25.6.0.202501151204/tools/bin/../lib/gcc/arm-none-eabi/14.2.1/thumb/v7e-m+fp/hard\libc_nano.a(libc_a-nano-vfprintf.o)
                0x000044bc                __sfputs_r
 .text._printf_common
                0x000044e0       0xda C:/nxp/MCUXpressoIDE_25.6.136/ide/plugins/com.nxp.mcuxpresso.tools.win32_25.6.0.202501151204/tools/bin/../lib/gcc/arm-none-eabi/14.2.1/thumb/v7e-m+fp/hard\libc_nano.a(libc_a-nano-vfprintf_i.o)
                0x000044e0                _printf_common
 .text._fwalk_sglue
                0x000045ba       0x3c C:/nxp/MCUXpressoIDE_25.6.136/ide/plugins/com.nxp.mcuxpresso.tools.win32_25.6.0.202501151204/tools/bin/../lib/gcc/arm-none-eabi/14.2.1/thumb/v7e-m+fp/hard\libc_nano.a(libc_a-fwalk.o)
                0x000045ba                _fwalk_sglue
 .text.__sread  0x000045f6       0x22 C:/nxp/MCUXpressoIDE_25.6.136/ide/plugins/com.nxp.mcuxpresso.tools.win32_25.6.0.202501151204/tools/bin/../lib/gcc/arm-none-eabi/14.2.1/thumb/v7e-m+fp/hard\libc_nano.a(libc_a-stdio.o)
                0x000045f6                __sread
 .text.__swrite
                0x00004618       0x38 C:/nxp/MCUXpressoIDE_25.6.136/ide/plugins/com.nxp.mcuxpresso.tools.win32_25.6.0.202501151204/tools/bin/../lib/gcc/arm-none-eabi/14.2.1/thumb/v7e-m+fp/hard\libc_nano.a(libc_a-stdio.o)
                0x00004618                __swrite
 .text.__sseek  0x00004650       0x26 C:/nxp/MCUXpressoIDE_25.6.136/ide/plugins/com.nxp.mcuxpresso.tools.win32_25.6.0.202501151204/tools/bin/../lib/gcc/arm-none-eabi/14.2.1/thumb/v7e-m+fp/hard\libc_nano.a(libc_a-stdio.o)
                0x00004650                __sseek
 .text.__sclose
                0x00004676        0x8 C:/nxp/MCUXpressoIDE_25.6.136/ide/plugins/com.nxp.mcuxpresso.tools.win32_25.6.0.202501151204/tools/bin/../lib/gcc/arm-none-eabi/14.2.1/thumb/v7e-m+fp/hard\libc_nano.a(libc_a-stdio.o)
                0x00004676                __sclose
 .text.__swbuf_r
                0x0000467e       0x7c C:/nxp/MCUXpressoIDE_25.6.136/ide/plugins/com.nxp.mcuxpresso.tools.win32_25.6.0.202501151204/tools/bin/../lib/gcc/arm-none-eabi/14.2.1/thumb/v7e-m+fp/hard\libc_nano.a(libc_a-wbuf.o)
                0x0000467e                __swbuf_r
 .text.memset   0x000046fa       0x10 C:/nxp/MCUXpressoIDE_25.6.136/ide/plugins/com.nxp.mcuxpresso.tools.win32_25.6.0.202501151204/tools/bin/../lib/gcc/arm-none-eabi/14.2.1/thumb/v7e-m+fp/hard\libc_nano.a(libc_a-memset.o)
                0x000046fa                memset
 .text.strcat   0x0000470a       0x1e C:/nxp/MCUXpressoIDE_25.6.136/ide/plugins/com.nxp.mcuxpresso.tools.win32_25.6.0.202501151204/tools/bin/../lib/gcc/arm-none-eabi/14.2.1/thumb/v7e-m+fp/hard\libc_nano.a(libc_a-strcat.o)
                0x0000470a                strcat
 .text.strncpy  0x00004728       0x26 C:/nxp/MCUXpressoIDE_25.6.136/ide/plugins/com.nxp.mcuxpresso.tools.win32_25.6.0.202501151204/tools/bin/../lib/gcc/arm-none-eabi/14.2.1/thumb/v7e-m+fp/hard\libc_nano.a(libc_a-strncpy.o)
                0x00004728                strncpy
 .text.__retarget_lock_init_recursive
                0x0000474e        0x2 C:/nxp/MCUXpressoIDE_25.6.136/ide/plugins/com.nxp.mcuxpresso.tools.win32_25.6.0.202501151204/tools/bin/../lib/gcc/arm-none-eabi/14.2.1/thumb/v7e-m+fp/hard\libc_nano.a(libc_a-lock.o)
                0x0000474e                __retarget_lock_init_recursive
 .text.__retarget_lock_acquire_recursive
                0x00004750        0x2 C:/nxp/MCUXpressoIDE_25.6.136/ide/plugins/com.nxp.mcuxpresso.tools.win32_25.6.0.202501151204/tools/bin/../lib/gcc/arm-none-eabi/14.2.1/thumb/v7e-m+fp/hard\libc_nano.a(libc_a-lock.o)
                0x00004750                __retarget_lock_acquire_recursive
 .text.__retarget_lock_release_recursive
                0x00004752        0x2 C:/nxp/MCUXpressoIDE_25.6.136/ide/plugins/com.nxp.mcuxpresso.tools.win32_25.6.0.202501151204/tools/bin/../lib/gcc/arm-none-eabi/14.2.1/thumb/v7e-m+fp/hard\libc_nano.a(libc_a-lock.o)
                0x00004752                __retarget_lock_release_recursive
 .text.abort    0x00004754        0xe C:/nxp/MCUXpressoIDE_25.6.136/ide/plugins/com.nxp.mcuxpresso.tools.win32_25.6.0.202501151204/tools/bin/../lib/gcc/arm-none-eabi/14.2.1/thumb/v7e-m+fp/hard\libc_nano.a(libc_a-abort.o)
                0x00004754                abort
 .text._fflush_r
                0x00004762       0x50 C:/nxp/MCUXpressoIDE_25.6.136/ide/plugins/com.nxp.mcuxpresso.tools.win32_25.6.0.202501151204/tools/bin/../lib/gcc/arm-none-eabi/14.2.1/thumb/v7e-m+fp/hard\libc_nano.a(libc_a-fflush.o)
                0x00004762                _fflush_r
 .text.__swhatbuf_r
                0x000047b2       0x48 C:/nxp/MCUXpressoIDE_25.6.136/ide/plugins/com.nxp.mcuxpresso.tools.win32_25.6.0.202501151204/tools/bin/../lib/gcc/arm-none-eabi/14.2.1/thumb/v7e-m+fp/hard\libc_nano.a(libc_a-makebuf.o)
                0x000047b2                __swhatbuf_r
 .text.__smakebuf_r
                0x000047fa       0x72 C:/nxp/MCUXpressoIDE_25.6.136/ide/plugins/com.nxp.mcuxpresso.tools.win32_25.6.0.202501151204/tools/bin/../lib/gcc/arm-none-eabi/14.2.1/thumb/v7e-m+fp/hard\libc_nano.a(libc_a-makebuf.o)
                0x000047fa                __smakebuf_r
 .text._raise_r
                0x0000486c       0x50 C:/nxp/MCUXpressoIDE_25.6.136/ide/plugins/com.nxp.mcuxpresso.tools.win32_25.6.0.202501151204/tools/bin/../lib/gcc/arm-none-eabi/14.2.1/thumb/v7e-m+fp/hard\libc_nano.a(libc_a-signal.o)
                0x0000486c                _raise_r
 .text._getpid_r
                0x000048bc        0x4 C:/nxp/MCUXpressoIDE_25.6.136/ide/plugins/com.nxp.mcuxpresso.tools.win32_25.6.0.202501151204/tools/bin/../lib/gcc/arm-none-eabi/14.2.1/thumb/v7e-m+fp/hard\libc_nano.a(libc_a-signalr.o)
                0x000048bc                _getpid_r
 .text._exit    0x000048c0        0x2 C:/nxp/MCUXpressoIDE_25.6.136/ide/plugins/com.nxp.mcuxpresso.tools.win32_25.6.0.202501151204/tools/bin/../lib/gcc/arm-none-eabi/14.2.1/../../../../arm-none-eabi/lib/thumb/v7e-m+fp/hard\libcr_newlib_nohost.a(_exit.o)
                0x000048c0                _exit
 *(SORT_BY_ALIGNMENT(.rodata) SORT_BY_ALIGNMENT(.rodata.*) SORT_BY_ALIGNMENT(.constdata) SORT_BY_ALIGNMENT(.constdata.*))
 *fill*         0x000048c2        0x2 ff
 .rodata.str1.4
                0x000048c4      0x13c ./source/utils/debug.o
                                 0x2e (size before relaxing)
 .rodata.logif.str1.4
                0x00004a00        0xf ./source/utils/wait.o
 .rodata.waitMs.str1.4
                0x00004a00       0x1f ./source/utils/wait.o
 .rodata.__func__.0
                0x00004a00        0x7 ./source/utils/wait.o
 .rodata.termRegisterCommandLineHandler.str1.4
                0x00004a07        0x2 ./source/com/term.o
 .rodata.termInit.str1.4
                0x00004a07       0x15 ./source/com/term.o
 .rodata.startHandler.str1.4
                0x00004a07        0xa ./source/com/term.o
 .rodata.commandInit.str1.4
                0x00004a07       0x16 ./source/com/term.o
 .rodata.CLOCK_GetMcgExtClkFreq.str1.4
                0x00004a07       0x33 ./drivers/fsl_clock.o
 .rodata.CLOCK_EnablePll0.str1.4
                0x00004a07        0x7 ./drivers/fsl_clock.o
 *fill*         0x00004a07        0x1 ff
 .rodata.__func__.4
                0x00004a08       0x11 ./drivers/fsl_clock.o
 *fill*         0x00004a19        0x3 ff
 .rodata.__func__.2
                0x00004a1c       0x11 ./drivers/fsl_clock.o
 *fill*         0x00004a2d        0x3 ff
 .rodata.__func__.1
                0x00004a30       0x14 ./drivers/fsl_clock.o
 .rodata.DSPI_GetInstance.str1.4
                0x00004a44       0x2f ./drivers/fsl_dspi.o
 .rodata.SPI0_DriverIRQHandler.str1.4
                0x00004a44       0x18 ./drivers/fsl_dspi.o
 .rodata.SPI1_DriverIRQHandler.str1.4
                0x00004a44       0x18 ./drivers/fsl_dspi.o
 .rodata.__func__.1
                0x00004a44       0x16 ./drivers/fsl_dspi.o
 *fill*         0x00004a5a        0x2 ff
 .rodata.__func__.0
                0x00004a5c       0x16 ./drivers/fsl_dspi.o
 *fill*         0x00004a72        0x2 ff
 .rodata.mcgConfig_BOARD_BootClockRUN
                0x00004a74        0xb ./board/clock_config.o
                0x00004a74                mcgConfig_BOARD_BootClockRUN
 *fill*         0x00004a7f        0x1 ff
 .rodata.simConfig_BOARD_BootClockRUN
                0x00004a80        0x8 ./board/clock_config.o
                0x00004a80                simConfig_BOARD_BootClockRUN
 .rodata.oscConfig_BOARD_BootClockRUN
                0x00004a88        0x8 ./board/clock_config.o
                0x00004a88                oscConfig_BOARD_BootClockRUN
 .rodata.__assert_func.str1.1
                0x00004a90       0x6f C:/nxp/MCUXpressoIDE_25.6.136/ide/plugins/com.nxp.mcuxpresso.tools.win32_25.6.0.202501151204/tools/bin/../lib/gcc/arm-none-eabi/14.2.1/thumb/v7e-m+fp/hard\libc_nano.a(libc_a-assert.o)
                                 0x3d (size before relaxing)
 .rodata._ctype_
                0x00004aff      0x101 C:/nxp/MCUXpressoIDE_25.6.136/ide/plugins/com.nxp.mcuxpresso.tools.win32_25.6.0.202501151204/tools/bin/../lib/gcc/arm-none-eabi/14.2.1/thumb/v7e-m+fp/hard\libc_nano.a(libc_a-ctype_.o)
                0x00004aff                _ctype_
 .rodata._vfprintf_r.str1.1
                0x00004c00       0x11 C:/nxp/MCUXpressoIDE_25.6.136/ide/plugins/com.nxp.mcuxpresso.tools.win32_25.6.0.202501151204/tools/bin/../lib/gcc/arm-none-eabi/14.2.1/thumb/v7e-m+fp/hard\libc_nano.a(libc_a-nano-vfprintf.o)
 .rodata._printf_i.str1.1
                0x00004c00       0x22 C:/nxp/MCUXpressoIDE_25.6.136/ide/plugins/com.nxp.mcuxpresso.tools.win32_25.6.0.202501151204/tools/bin/../lib/gcc/arm-none-eabi/14.2.1/thumb/v7e-m+fp/hard\libc_nano.a(libc_a-nano-vfprintf_i.o)
                0x00004c24                        . = ALIGN (0x4)

.glue_7         0x00004c00        0x0
 .glue_7        0x00004c00        0x0 linker stubs

.glue_7t        0x00004c00        0x0
 .glue_7t       0x00004c00        0x0 linker stubs

.vfp11_veneer   0x00004c00        0x0
 .vfp11_veneer  0x00004c00        0x0 linker stubs

.v4_bx          0x00004c00        0x0
 .v4_bx         0x00004c00        0x0 linker stubs

.iplt           0x00004c00        0x0
 .iplt          0x00004c00        0x0 ./startup/startup_mk22f51212.o

.ARM.extab
 *(SORT_BY_ALIGNMENT(.ARM.extab*) SORT_BY_ALIGNMENT(.gnu.linkonce.armextab.*))

.ARM.exidx      0x00004c00        0x8
                0x00004c00                        __exidx_start = .
 *(SORT_BY_ALIGNMENT(.ARM.exidx*) SORT_BY_ALIGNMENT(.gnu.linkonce.armexidx.*))
 .ARM.exidx     0x00004c00        0x8 C:/nxp/MCUXpressoIDE_25.6.136/ide/plugins/com.nxp.mcuxpresso.tools.win32_25.6.0.202501151204/tools/bin/../lib/gcc/arm-none-eabi/14.2.1/thumb/v7e-m+fp/hard\libc_nano.a(libc_a-memchr.o)
 .ARM.exidx.text.__udivmoddi4
                0x00004c08        0x0 C:/nxp/MCUXpressoIDE_25.6.136/ide/plugins/com.nxp.mcuxpresso.tools.win32_25.6.0.202501151204/tools/bin/../lib/gcc/arm-none-eabi/14.2.1/thumb/v7e-m+fp/hard\libgcc.a(_udivmoddi4.o)
                                  0x8 (size before relaxing)
                0x00004c08                        __exidx_end = .
                0x00004c08                        _etext = .

.rel.dyn        0x00004c08        0x0
 .rel.iplt      0x00004c08        0x0 ./startup/startup_mk22f51212.o

.data_RAM2      0x1fff0000        0x0 load address 0x00004c08
 FILL mask 0xff
                [!provide]                        PROVIDE (__start_data_RAM2 = .)
                [!provide]                        PROVIDE (__start_data_SRAM_LOWER = .)
 *(SORT_BY_ALIGNMENT(.ramfunc.$RAM2))
 *(SORT_BY_ALIGNMENT(.ramfunc.$SRAM_LOWER))
 *(SORT_BY_ALIGNMENT(.data.$RAM2))
 *(SORT_BY_ALIGNMENT(.data.$SRAM_LOWER))
 *(SORT_BY_ALIGNMENT(.data.$RAM2.*))
 *(SORT_BY_ALIGNMENT(.data.$SRAM_LOWER.*))
                0x1fff0000                        . = ALIGN (0x4)
                [!provide]                        PROVIDE (__end_data_RAM2 = .)
                [!provide]                        PROVIDE (__end_data_SRAM_LOWER = .)

.uninit_RESERVED
                0x20000000        0x0
                0x20000000                        _start_uninit_RESERVED = .
 *(SORT_BY_ALIGNMENT(.bss.$RESERVED*))
                0x20000000                        . = ALIGN (0x4)
                0x20000000                        _end_uninit_RESERVED = .

.data           0x20000000       0x78 load address 0x00004c08
 FILL mask 0xff
                0x20000000                        _data = .
                [!provide]                        PROVIDE (__start_data_RAM = .)
                [!provide]                        PROVIDE (__start_data_SRAM_UPPER = .)
 *(SORT_BY_ALIGNMENT(vtable))
 *(SORT_BY_ALIGNMENT(.ramfunc*))
 *(SORT_BY_ALIGNMENT(CodeQuickAccess))
 *(SORT_BY_ALIGNMENT(DataQuickAccess))
 *(SORT_BY_ALIGNMENT(RamFunction))
 *(SORT_BY_ALIGNMENT(.data*))
 .data.loglevels
                0x20000000       0x18 ./source/utils/debug.o
                0x20000000                loglevels
 .data.SystemCoreClock
                0x20000018        0x4 ./device/system_MK22F51212.o
                0x20000018                SystemCoreClock
 .data.__sglue  0x2000001c        0xc C:/nxp/MCUXpressoIDE_25.6.136/ide/plugins/com.nxp.mcuxpresso.tools.win32_25.6.0.202501151204/tools/bin/../lib/gcc/arm-none-eabi/14.2.1/thumb/v7e-m+fp/hard\libc_nano.a(libc_a-findfp.o)
                0x2000001c                __sglue
 .data._impure_ptr
                0x20000028        0x4 C:/nxp/MCUXpressoIDE_25.6.136/ide/plugins/com.nxp.mcuxpresso.tools.win32_25.6.0.202501151204/tools/bin/../lib/gcc/arm-none-eabi/14.2.1/thumb/v7e-m+fp/hard\libc_nano.a(libc_a-impure.o)
                0x20000028                _impure_ptr
 .data._impure_data
                0x2000002c       0x4c C:/nxp/MCUXpressoIDE_25.6.136/ide/plugins/com.nxp.mcuxpresso.tools.win32_25.6.0.202501151204/tools/bin/../lib/gcc/arm-none-eabi/14.2.1/thumb/v7e-m+fp/hard\libc_nano.a(libc_a-impure.o)
                0x2000002c                _impure_data
                0x20000078                        . = ALIGN (0x4)
                0x20000078                        _edata = .
                [!provide]                        PROVIDE (__end_data_RAM = .)
                [!provide]                        PROVIDE (__end_data_SRAM_UPPER = .)

.igot.plt       0x20000078        0x0 load address 0x00004c80
 .igot.plt      0x20000078        0x0 ./startup/startup_mk22f51212.o

.bss_RAM2       0x1fff0000        0x0
                [!provide]                        PROVIDE (__start_bss_RAM2 = .)
                [!provide]                        PROVIDE (__start_bss_SRAM_LOWER = .)
 *(SORT_BY_ALIGNMENT(.bss.$RAM2))
 *(SORT_BY_ALIGNMENT(.bss.$SRAM_LOWER))
 *(SORT_BY_ALIGNMENT(.bss.$RAM2.*))
 *(SORT_BY_ALIGNMENT(.bss.$SRAM_LOWER.*))
                0x1fff0000                        . = ALIGN ((. != 0x0)?0x4:0x1)
                [!provide]                        PROVIDE (__end_bss_RAM2 = .)
                [!provide]                        PROVIDE (__end_bss_SRAM_LOWER = .)

.bss            0x20000078      0x6d4
                0x20000078                        _bss = .
                [!provide]                        PROVIDE (__start_bss_RAM = .)
                [!provide]                        PROVIDE (__start_bss_SRAM_UPPER = .)
 *(SORT_BY_ALIGNMENT(.bss*))
 .bss.stacked_r0.13
                0x20000078        0x4 ./startup/system.o
 .bss.stacked_r1.12
                0x2000007c        0x4 ./startup/system.o
 .bss.stacked_r2.11
                0x20000080        0x4 ./startup/system.o
 .bss.stacked_r3.10
                0x20000084        0x4 ./startup/system.o
 .bss.stacked_r12.9
                0x20000088        0x4 ./startup/system.o
 .bss.stacked_lr.8
                0x2000008c        0x4 ./startup/system.o
 .bss.stacked_pc.7
                0x20000090        0x4 ./startup/system.o
 .bss.stacked_psr.6
                0x20000094        0x4 ./startup/system.o
 .bss._CFSR.5   0x20000098        0x4 ./startup/system.o
 .bss._HFSR.4   0x2000009c        0x4 ./startup/system.o
 .bss._DFSR.3   0x200000a0        0x4 ./startup/system.o
 .bss._AFSR.2   0x200000a4        0x4 ./startup/system.o
 .bss._MMAR.1   0x200000a8        0x4 ./startup/system.o
 .bss._BFAR.0   0x200000ac        0x4 ./startup/system.o
 .bss.Motor1_Step_Curr
                0x200000b0        0x4 ./source/control/control.o
                0x200000b0                Motor1_Step_Curr
 .bss.Motor2_Step_Curr
                0x200000b4        0x4 ./source/control/control.o
                0x200000b4                Motor2_Step_Curr
 .bss.Motor3_Step_Curr
                0x200000b8        0x4 ./source/control/control.o
                0x200000b8                Motor3_Step_Curr
 .bss.MotorRot_Step_Curr
                0x200000bc        0x4 ./source/control/control.o
                0x200000bc                MotorRot_Step_Curr
 .bss.Motor1_Step_Max
                0x200000c0        0x4 ./source/control/control.o
                0x200000c0                Motor1_Step_Max
 .bss.Motor2_Step_Max
                0x200000c4        0x4 ./source/control/control.o
                0x200000c4                Motor2_Step_Max
 .bss.Motor3_Step_Max
                0x200000c8        0x4 ./source/control/control.o
                0x200000c8                Motor3_Step_Max
 .bss.MotorRot_Step_Max
                0x200000cc        0x4 ./source/control/control.o
                0x200000cc                MotorRot_Step_Max
 .bss.Motor1_Step_OF
                0x200000d0        0x4 ./source/control/control.o
                0x200000d0                Motor1_Step_OF
 .bss.Motor2_Step_OF
                0x200000d4        0x4 ./source/control/control.o
                0x200000d4                Motor2_Step_OF
 .bss.Motor3_Step_OF
                0x200000d8        0x4 ./source/control/control.o
                0x200000d8                Motor3_Step_OF
 .bss.MotorRot_Step_OF
                0x200000dc        0x4 ./source/control/control.o
                0x200000dc                MotorRot_Step_OF
 .bss.Motor1_Step_OF_Curr
                0x200000e0        0x4 ./source/control/control.o
                0x200000e0                Motor1_Step_OF_Curr
 .bss.Motor2_Step_OF_Curr
                0x200000e4        0x4 ./source/control/control.o
                0x200000e4                Motor2_Step_OF_Curr
 .bss.Motor3_Step_OF_Curr
                0x200000e8        0x4 ./source/control/control.o
                0x200000e8                Motor3_Step_OF_Curr
 .bss.MotorRot_Step_OF_Curr
                0x200000ec        0x4 ./source/control/control.o
                0x200000ec                MotorRot_Step_OF_Curr
 .bss.Motor1_Step_Corrector
                0x200000f0       0x28 ./source/control/control.o
                0x200000f0                Motor1_Step_Corrector
 .bss.Motor2_Step_Corrector
                0x20000118       0x28 ./source/control/control.o
                0x20000118                Motor2_Step_Corrector
 .bss.Motor3_Step_Corrector
                0x20000140       0x28 ./source/control/control.o
                0x20000140                Motor3_Step_Corrector
 .bss.M1_Last_Step
                0x20000168        0x4 ./source/control/control.o
                0x20000168                M1_Last_Step
 .bss.M2_Last_Step
                0x2000016c        0x4 ./source/control/control.o
                0x2000016c                M2_Last_Step
 .bss.M3_Last_Step
                0x20000170        0x4 ./source/control/control.o
                0x20000170                M3_Last_Step
 .bss.MR_Last_Step
                0x20000174        0x4 ./source/control/control.o
                0x20000174                MR_Last_Step
 .bss.start     0x20000178       0x38 ./source/com/term.o
 .bss.head      0x200001b0        0x4 ./source/com/term.o
 .bss.rxBuf     0x200001b4      0x200 ./source/com/uart2.o
 .bss.txBuf     0x200003b4      0x200 ./source/com/uart2.o
 .bss.g_xtal0Freq
                0x200005b4        0x4 ./drivers/fsl_clock.o
                0x200005b4                g_xtal0Freq
 .bss.g_dspiHandle
                0x200005b8        0x8 ./drivers/fsl_dspi.o
 .bss.s_dspiMasterIsr
                0x200005c0        0x4 ./drivers/fsl_dspi.o
 .bss.s_dspiSlaveIsr
                0x200005c4        0x4 ./drivers/fsl_dspi.o
 .bss.s_i2cHandle
                0x200005c8        0x8 ./drivers/fsl_i2c.o
 .bss.s_i2cMasterIsr
                0x200005d0        0x4 ./drivers/fsl_i2c.o
 .bss.s_i2cSlaveIsr
                0x200005d4        0x4 ./drivers/fsl_i2c.o
 .bss.s_uartHandle
                0x200005d8        0xc ./drivers/fsl_uart.o
                0x200005d8                s_uartHandle
 .bss.s_uartIsr
                0x200005e4        0x4 ./drivers/fsl_uart.o
                0x200005e4                s_uartIsr
 .bss.__malloc_sbrk_start
                0x200005e8        0x4 C:/nxp/MCUXpressoIDE_25.6.136/ide/plugins/com.nxp.mcuxpresso.tools.win32_25.6.0.202501151204/tools/bin/../lib/gcc/arm-none-eabi/14.2.1/thumb/v7e-m+fp/hard\libc_nano.a(libc_a-mallocr.o)
                0x200005e8                __malloc_sbrk_start
 .bss.__malloc_free_list
                0x200005ec        0x4 C:/nxp/MCUXpressoIDE_25.6.136/ide/plugins/com.nxp.mcuxpresso.tools.win32_25.6.0.202501151204/tools/bin/../lib/gcc/arm-none-eabi/14.2.1/thumb/v7e-m+fp/hard\libc_nano.a(libc_a-mallocr.o)
                0x200005ec                __malloc_free_list
 .bss.__sf      0x200005f0      0x138 C:/nxp/MCUXpressoIDE_25.6.136/ide/plugins/com.nxp.mcuxpresso.tools.win32_25.6.0.202501151204/tools/bin/../lib/gcc/arm-none-eabi/14.2.1/thumb/v7e-m+fp/hard\libc_nano.a(libc_a-findfp.o)
                0x200005f0                __sf
 .bss.__stdio_exit_handler
                0x20000728        0x4 C:/nxp/MCUXpressoIDE_25.6.136/ide/plugins/com.nxp.mcuxpresso.tools.win32_25.6.0.202501151204/tools/bin/../lib/gcc/arm-none-eabi/14.2.1/thumb/v7e-m+fp/hard\libc_nano.a(libc_a-findfp.o)
                0x20000728                __stdio_exit_handler
 .bss.errno     0x2000072c        0x4 C:/nxp/MCUXpressoIDE_25.6.136/ide/plugins/com.nxp.mcuxpresso.tools.win32_25.6.0.202501151204/tools/bin/../lib/gcc/arm-none-eabi/14.2.1/thumb/v7e-m+fp/hard\libc_nano.a(libc_a-reent.o)
                0x2000072c                errno
 .bss.__end_of_heap
                0x20000730        0x4 C:/nxp/MCUXpressoIDE_25.6.136/ide/plugins/com.nxp.mcuxpresso.tools.win32_25.6.0.202501151204/tools/bin/../lib/gcc/arm-none-eabi/14.2.1/../../../../arm-none-eabi/lib/thumb/v7e-m+fp/hard\libcr_newlib_nohost.a(_cr_sbrk.o)
                0x20000730                __end_of_heap
 .bss.Motor1_Pause
                0x20000734        0x2 ./source/control/control.o
                0x20000734                Motor1_Pause
 .bss.Motor2_Pause
                0x20000736        0x2 ./source/control/control.o
                0x20000736                Motor2_Pause
 .bss.Motor3_Pause
                0x20000738        0x2 ./source/control/control.o
                0x20000738                Motor3_Pause
 .bss.rxBufCount
                0x2000073a        0x2 ./source/com/uart2.o
 .bss.rxBufWritePos
                0x2000073c        0x2 ./source/com/uart2.o
 .bss.rxBufReadPos
                0x2000073e        0x2 ./source/com/uart2.o
 .bss.txBufCount
                0x20000740        0x2 ./source/com/uart2.o
 .bss.txBufWritePos
                0x20000742        0x2 ./source/com/uart2.o
 .bss.txBufReadPos
                0x20000744        0x2 ./source/com/uart2.o
 .bss.destination
                0x20000746        0x1 ./source/com/term.o
 .bss.__lock___malloc_recursive_mutex
                0x20000747        0x1 C:/nxp/MCUXpressoIDE_25.6.136/ide/plugins/com.nxp.mcuxpresso.tools.win32_25.6.0.202501151204/tools/bin/../lib/gcc/arm-none-eabi/14.2.1/thumb/v7e-m+fp/hard\libc_nano.a(libc_a-lock.o)
                0x20000747                __lock___malloc_recursive_mutex
 .bss.__lock___sfp_recursive_mutex
                0x20000748        0x1 C:/nxp/MCUXpressoIDE_25.6.136/ide/plugins/com.nxp.mcuxpresso.tools.win32_25.6.0.202501151204/tools/bin/../lib/gcc/arm-none-eabi/14.2.1/thumb/v7e-m+fp/hard\libc_nano.a(libc_a-lock.o)
                0x20000748                __lock___sfp_recursive_mutex
 *(SORT_BY_ALIGNMENT(COMMON))
                0x2000074c                        . = ALIGN (0x4)
 *fill*         0x20000749        0x3 
                0x2000074c                        _ebss = .
                [!provide]                        PROVIDE (__end_bss_RAM = .)
                [!provide]                        PROVIDE (__end_bss_SRAM_UPPER = .)
                [!provide]                        PROVIDE (end = .)

.noinit_RAM2    0x1fff0000        0x0
                [!provide]                        PROVIDE (__start_noinit_RAM2 = .)
                [!provide]                        PROVIDE (__start_noinit_SRAM_LOWER = .)
 *(SORT_BY_ALIGNMENT(.noinit.$RAM2))
 *(SORT_BY_ALIGNMENT(.noinit.$SRAM_LOWER))
 *(SORT_BY_ALIGNMENT(.noinit.$RAM2.*))
 *(SORT_BY_ALIGNMENT(.noinit.$SRAM_LOWER.*))
                0x1fff0000                        . = ALIGN (0x4)
                [!provide]                        PROVIDE (__end_noinit_RAM2 = .)
                [!provide]                        PROVIDE (__end_noinit_SRAM_LOWER = .)

.noinit         0x2000074c        0x0
                0x2000074c                        _noinit = .
                [!provide]                        PROVIDE (__start_noinit_RAM = .)
                [!provide]                        PROVIDE (__start_noinit_SRAM_UPPER = .)
 *(SORT_BY_ALIGNMENT(.noinit*))
                0x2000074c                        . = ALIGN (0x4)
                0x2000074c                        _end_noinit = .
                [!provide]                        PROVIDE (__end_noinit_RAM = .)
                [!provide]                        PROVIDE (__end_noinit_SRAM_UPPER = .)
                0x00001000                        _HeapSize = 0x1000

.heap           0x2000074c     0x1000
                0x2000074c                        _pvHeapStart = .
                0x2000174c                        . = (. + _HeapSize)
 *fill*         0x2000074c     0x1000 
                0x2000174c                        . = ALIGN (0x4)
                0x2000174c                        _pvHeapLimit = .
                0x00001000                        _StackSize = 0x1000

.heap2stackfill
                0x2000174c     0x1000
                0x2000274c                        . = (. + _StackSize)
 *fill*         0x2000174c     0x1000 

.stack          0x2000f000        0x0
                0x2000f000                        _vStackBase = .
                0x2000f000                        . = ALIGN (0x4)
                0x20010000                        _vStackTop = (. + _StackSize)
                0x00000000                        _image_start = LOADADDR (.text)
                0x00004c80                        _image_end = (LOADADDR (.data) + SIZEOF (.data))
                0x00004c80                        _image_size = (_image_end - _image_start)
OUTPUT(PREN_Project_Share.axf elf32-littlearm)
LOAD linker stubs

.debug_info     0x00000000    0x10e6e
 .debug_info    0x00000000      0xbc0 ./startup/startup_mk22f51212.o
 .debug_info    0x00000bc0      0x573 ./startup/system.o
 .debug_info    0x00001133       0xba ./source/utils/debug.o
 .debug_info    0x000011ed      0xd10 ./source/utils/ftm0.o
 .debug_info    0x00001efd      0xbcb ./source/utils/wait.o
 .debug_info    0x00002ac8      0x8de ./source/control/motor/motor.o
 .debug_info    0x000033a6      0x228 ./source/control/coil/coil.o
 .debug_info    0x000035ce      0x767 ./source/control/control.o
 .debug_info    0x00003d35      0x6ad ./source/com/term.o
 .debug_info    0x000043e2      0xeb8 ./source/com/uart2.o
 .debug_info    0x0000529a      0x272 ./source/main.o
 .debug_info    0x0000550c     0x23ab ./drivers/fsl_clock.o
 .debug_info    0x000078b7     0x294d ./drivers/fsl_dspi.o
 .debug_info    0x0000a204     0x20f5 ./drivers/fsl_i2c.o
 .debug_info    0x0000c2f9      0xc0c ./drivers/fsl_smc.o
 .debug_info    0x0000cf05     0x21c7 ./drivers/fsl_uart.o
 .debug_info    0x0000f0cc      0x65e ./device/system_MK22F51212.o
 .debug_info    0x0000f72a      0xc65 ./board/clock_config.o
 .debug_info    0x0001038f       0x3c ./board/peripherals.o
 .debug_info    0x000103cb       0x3c ./board/pin_mux.o
 .debug_info    0x00010407      0x13e C:/nxp/MCUXpressoIDE_25.6.136/ide/plugins/com.nxp.mcuxpresso.tools.win32_25.6.0.202501151204/tools/bin/../lib/gcc/arm-none-eabi/14.2.1/../../../../arm-none-eabi/lib/thumb/v7e-m+fp/hard\libcr_newlib_nohost.a(_cr_sbrk.o)
 .debug_info    0x00010545       0xa3 C:/nxp/MCUXpressoIDE_25.6.136/ide/plugins/com.nxp.mcuxpresso.tools.win32_25.6.0.202501151204/tools/bin/../lib/gcc/arm-none-eabi/14.2.1/../../../../arm-none-eabi/lib/thumb/v7e-m+fp/hard\libcr_newlib_nohost.a(_exit.o)
 .debug_info    0x000105e8       0xb1 C:/nxp/MCUXpressoIDE_25.6.136/ide/plugins/com.nxp.mcuxpresso.tools.win32_25.6.0.202501151204/tools/bin/../lib/gcc/arm-none-eabi/14.2.1/../../../../arm-none-eabi/lib/thumb/v7e-m+fp/hard\libcr_newlib_nohost.a(close.o)
 .debug_info    0x00010699      0x2cc C:/nxp/MCUXpressoIDE_25.6.136/ide/plugins/com.nxp.mcuxpresso.tools.win32_25.6.0.202501151204/tools/bin/../lib/gcc/arm-none-eabi/14.2.1/../../../../arm-none-eabi/lib/thumb/v7e-m+fp/hard\libcr_newlib_nohost.a(fstat.o)
 .debug_info    0x00010965       0x9c C:/nxp/MCUXpressoIDE_25.6.136/ide/plugins/com.nxp.mcuxpresso.tools.win32_25.6.0.202501151204/tools/bin/../lib/gcc/arm-none-eabi/14.2.1/../../../../arm-none-eabi/lib/thumb/v7e-m+fp/hard\libcr_newlib_nohost.a(getpid.o)
 .debug_info    0x00010a01       0xb1 C:/nxp/MCUXpressoIDE_25.6.136/ide/plugins/com.nxp.mcuxpresso.tools.win32_25.6.0.202501151204/tools/bin/../lib/gcc/arm-none-eabi/14.2.1/../../../../arm-none-eabi/lib/thumb/v7e-m+fp/hard\libcr_newlib_nohost.a(isatty.o)
 .debug_info    0x00010ab2       0xbf C:/nxp/MCUXpressoIDE_25.6.136/ide/plugins/com.nxp.mcuxpresso.tools.win32_25.6.0.202501151204/tools/bin/../lib/gcc/arm-none-eabi/14.2.1/../../../../arm-none-eabi/lib/thumb/v7e-m+fp/hard\libcr_newlib_nohost.a(kill.o)
 .debug_info    0x00010b71       0xd3 C:/nxp/MCUXpressoIDE_25.6.136/ide/plugins/com.nxp.mcuxpresso.tools.win32_25.6.0.202501151204/tools/bin/../lib/gcc/arm-none-eabi/14.2.1/../../../../arm-none-eabi/lib/thumb/v7e-m+fp/hard\libcr_newlib_nohost.a(lseek.o)
 .debug_info    0x00010c44       0xd9 C:/nxp/MCUXpressoIDE_25.6.136/ide/plugins/com.nxp.mcuxpresso.tools.win32_25.6.0.202501151204/tools/bin/../lib/gcc/arm-none-eabi/14.2.1/../../../../arm-none-eabi/lib/thumb/v7e-m+fp/hard\libcr_newlib_nohost.a(read.o)
 .debug_info    0x00010d1d       0xd9 C:/nxp/MCUXpressoIDE_25.6.136/ide/plugins/com.nxp.mcuxpresso.tools.win32_25.6.0.202501151204/tools/bin/../lib/gcc/arm-none-eabi/14.2.1/../../../../arm-none-eabi/lib/thumb/v7e-m+fp/hard\libcr_newlib_nohost.a(write.o)
 .debug_info    0x00010df6       0x78 C:/nxp/MCUXpressoIDE_25.6.136/ide/plugins/com.nxp.mcuxpresso.tools.win32_25.6.0.202501151204/tools/bin/../lib/gcc/arm-none-eabi/14.2.1/../../../../arm-none-eabi/lib/thumb/v7e-m+fp/hard\libcr_newlib_nohost.a(_cr_check_heap.o)

.debug_abbrev   0x00000000     0x2e78
 .debug_abbrev  0x00000000      0x19a ./startup/startup_mk22f51212.o
 .debug_abbrev  0x0000019a      0x1ba ./startup/system.o
 .debug_abbrev  0x00000354       0x74 ./source/utils/debug.o
 .debug_abbrev  0x000003c8      0x20d ./source/utils/ftm0.o
 .debug_abbrev  0x000005d5      0x298 ./source/utils/wait.o
 .debug_abbrev  0x0000086d      0x21b ./source/control/motor/motor.o
 .debug_abbrev  0x00000a88       0xe5 ./source/control/coil/coil.o
 .debug_abbrev  0x00000b6d      0x1bc ./source/control/control.o
 .debug_abbrev  0x00000d29      0x1be ./source/com/term.o
 .debug_abbrev  0x00000ee7      0x28e ./source/com/uart2.o
 .debug_abbrev  0x00001175      0x103 ./source/main.o
 .debug_abbrev  0x00001278      0x385 ./drivers/fsl_clock.o
 .debug_abbrev  0x000015fd      0x3a6 ./drivers/fsl_dspi.o
 .debug_abbrev  0x000019a3      0x39f ./drivers/fsl_i2c.o
 .debug_abbrev  0x00001d42      0x301 ./drivers/fsl_smc.o
 .debug_abbrev  0x00002043      0x45f ./drivers/fsl_uart.o
 .debug_abbrev  0x000024a2      0x148 ./device/system_MK22F51212.o
 .debug_abbrev  0x000025ea      0x20b ./board/clock_config.o
 .debug_abbrev  0x000027f5       0x31 ./board/peripherals.o
 .debug_abbrev  0x00002826       0x31 ./board/pin_mux.o
 .debug_abbrev  0x00002857      0x10a C:/nxp/MCUXpressoIDE_25.6.136/ide/plugins/com.nxp.mcuxpresso.tools.win32_25.6.0.202501151204/tools/bin/../lib/gcc/arm-none-eabi/14.2.1/../../../../arm-none-eabi/lib/thumb/v7e-m+fp/hard\libcr_newlib_nohost.a(_cr_sbrk.o)
 .debug_abbrev  0x00002961       0x67 C:/nxp/MCUXpressoIDE_25.6.136/ide/plugins/com.nxp.mcuxpresso.tools.win32_25.6.0.202501151204/tools/bin/../lib/gcc/arm-none-eabi/14.2.1/../../../../arm-none-eabi/lib/thumb/v7e-m+fp/hard\libcr_newlib_nohost.a(_exit.o)
 .debug_abbrev  0x000029c8       0x6d C:/nxp/MCUXpressoIDE_25.6.136/ide/plugins/com.nxp.mcuxpresso.tools.win32_25.6.0.202501151204/tools/bin/../lib/gcc/arm-none-eabi/14.2.1/../../../../arm-none-eabi/lib/thumb/v7e-m+fp/hard\libcr_newlib_nohost.a(close.o)
 .debug_abbrev  0x00002a35       0xcc C:/nxp/MCUXpressoIDE_25.6.136/ide/plugins/com.nxp.mcuxpresso.tools.win32_25.6.0.202501151204/tools/bin/../lib/gcc/arm-none-eabi/14.2.1/../../../../arm-none-eabi/lib/thumb/v7e-m+fp/hard\libcr_newlib_nohost.a(fstat.o)
 .debug_abbrev  0x00002b01       0x59 C:/nxp/MCUXpressoIDE_25.6.136/ide/plugins/com.nxp.mcuxpresso.tools.win32_25.6.0.202501151204/tools/bin/../lib/gcc/arm-none-eabi/14.2.1/../../../../arm-none-eabi/lib/thumb/v7e-m+fp/hard\libcr_newlib_nohost.a(getpid.o)
 .debug_abbrev  0x00002b5a       0x6d C:/nxp/MCUXpressoIDE_25.6.136/ide/plugins/com.nxp.mcuxpresso.tools.win32_25.6.0.202501151204/tools/bin/../lib/gcc/arm-none-eabi/14.2.1/../../../../arm-none-eabi/lib/thumb/v7e-m+fp/hard\libcr_newlib_nohost.a(isatty.o)
 .debug_abbrev  0x00002bc7       0x7e C:/nxp/MCUXpressoIDE_25.6.136/ide/plugins/com.nxp.mcuxpresso.tools.win32_25.6.0.202501151204/tools/bin/../lib/gcc/arm-none-eabi/14.2.1/../../../../arm-none-eabi/lib/thumb/v7e-m+fp/hard\libcr_newlib_nohost.a(kill.o)
 .debug_abbrev  0x00002c45       0x92 C:/nxp/MCUXpressoIDE_25.6.136/ide/plugins/com.nxp.mcuxpresso.tools.win32_25.6.0.202501151204/tools/bin/../lib/gcc/arm-none-eabi/14.2.1/../../../../arm-none-eabi/lib/thumb/v7e-m+fp/hard\libcr_newlib_nohost.a(lseek.o)
 .debug_abbrev  0x00002cd7       0x9b C:/nxp/MCUXpressoIDE_25.6.136/ide/plugins/com.nxp.mcuxpresso.tools.win32_25.6.0.202501151204/tools/bin/../lib/gcc/arm-none-eabi/14.2.1/../../../../arm-none-eabi/lib/thumb/v7e-m+fp/hard\libcr_newlib_nohost.a(read.o)
 .debug_abbrev  0x00002d72       0x9b C:/nxp/MCUXpressoIDE_25.6.136/ide/plugins/com.nxp.mcuxpresso.tools.win32_25.6.0.202501151204/tools/bin/../lib/gcc/arm-none-eabi/14.2.1/../../../../arm-none-eabi/lib/thumb/v7e-m+fp/hard\libcr_newlib_nohost.a(write.o)
 .debug_abbrev  0x00002e0d       0x6b C:/nxp/MCUXpressoIDE_25.6.136/ide/plugins/com.nxp.mcuxpresso.tools.win32_25.6.0.202501151204/tools/bin/../lib/gcc/arm-none-eabi/14.2.1/../../../../arm-none-eabi/lib/thumb/v7e-m+fp/hard\libcr_newlib_nohost.a(_cr_check_heap.o)

.debug_loc      0x00000000      0x463
 .debug_loc     0x00000000      0x1f9 ./startup/startup_mk22f51212.o
 .debug_loc     0x000001f9       0x59 C:/nxp/MCUXpressoIDE_25.6.136/ide/plugins/com.nxp.mcuxpresso.tools.win32_25.6.0.202501151204/tools/bin/../lib/gcc/arm-none-eabi/14.2.1/../../../../arm-none-eabi/lib/thumb/v7e-m+fp/hard\libcr_newlib_nohost.a(_cr_sbrk.o)
 .debug_loc     0x00000252       0x15 C:/nxp/MCUXpressoIDE_25.6.136/ide/plugins/com.nxp.mcuxpresso.tools.win32_25.6.0.202501151204/tools/bin/../lib/gcc/arm-none-eabi/14.2.1/../../../../arm-none-eabi/lib/thumb/v7e-m+fp/hard\libcr_newlib_nohost.a(_exit.o)
 .debug_loc     0x00000267       0x2b C:/nxp/MCUXpressoIDE_25.6.136/ide/plugins/com.nxp.mcuxpresso.tools.win32_25.6.0.202501151204/tools/bin/../lib/gcc/arm-none-eabi/14.2.1/../../../../arm-none-eabi/lib/thumb/v7e-m+fp/hard\libcr_newlib_nohost.a(close.o)
 .debug_loc     0x00000292       0x2b C:/nxp/MCUXpressoIDE_25.6.136/ide/plugins/com.nxp.mcuxpresso.tools.win32_25.6.0.202501151204/tools/bin/../lib/gcc/arm-none-eabi/14.2.1/../../../../arm-none-eabi/lib/thumb/v7e-m+fp/hard\libcr_newlib_nohost.a(fstat.o)
 .debug_loc     0x000002bd       0x2b C:/nxp/MCUXpressoIDE_25.6.136/ide/plugins/com.nxp.mcuxpresso.tools.win32_25.6.0.202501151204/tools/bin/../lib/gcc/arm-none-eabi/14.2.1/../../../../arm-none-eabi/lib/thumb/v7e-m+fp/hard\libcr_newlib_nohost.a(isatty.o)
 .debug_loc     0x000002e8       0x2b C:/nxp/MCUXpressoIDE_25.6.136/ide/plugins/com.nxp.mcuxpresso.tools.win32_25.6.0.202501151204/tools/bin/../lib/gcc/arm-none-eabi/14.2.1/../../../../arm-none-eabi/lib/thumb/v7e-m+fp/hard\libcr_newlib_nohost.a(kill.o)
 .debug_loc     0x00000313       0x56 C:/nxp/MCUXpressoIDE_25.6.136/ide/plugins/com.nxp.mcuxpresso.tools.win32_25.6.0.202501151204/tools/bin/../lib/gcc/arm-none-eabi/14.2.1/../../../../arm-none-eabi/lib/thumb/v7e-m+fp/hard\libcr_newlib_nohost.a(lseek.o)
 .debug_loc     0x00000369       0x56 C:/nxp/MCUXpressoIDE_25.6.136/ide/plugins/com.nxp.mcuxpresso.tools.win32_25.6.0.202501151204/tools/bin/../lib/gcc/arm-none-eabi/14.2.1/../../../../arm-none-eabi/lib/thumb/v7e-m+fp/hard\libcr_newlib_nohost.a(read.o)
 .debug_loc     0x000003bf       0x56 C:/nxp/MCUXpressoIDE_25.6.136/ide/plugins/com.nxp.mcuxpresso.tools.win32_25.6.0.202501151204/tools/bin/../lib/gcc/arm-none-eabi/14.2.1/../../../../arm-none-eabi/lib/thumb/v7e-m+fp/hard\libcr_newlib_nohost.a(write.o)
 .debug_loc     0x00000415       0x4e C:/nxp/MCUXpressoIDE_25.6.136/ide/plugins/com.nxp.mcuxpresso.tools.win32_25.6.0.202501151204/tools/bin/../lib/gcc/arm-none-eabi/14.2.1/../../../../arm-none-eabi/lib/thumb/v7e-m+fp/hard\libcr_newlib_nohost.a(_cr_check_heap.o)

.debug_aranges  0x00000000      0xf78
 .debug_aranges
                0x00000000      0x2d0 ./startup/startup_mk22f51212.o
 .debug_aranges
                0x000002d0       0x40 ./startup/system.o
 .debug_aranges
                0x00000310       0x18 ./source/utils/debug.o
 .debug_aranges
                0x00000328       0x90 ./source/utils/ftm0.o
 .debug_aranges
                0x000003b8       0x60 ./source/utils/wait.o
 .debug_aranges
                0x00000418       0x58 ./source/control/motor/motor.o
 .debug_aranges
                0x00000470       0x28 ./source/control/coil/coil.o
 .debug_aranges
                0x00000498       0x30 ./source/control/control.o
 .debug_aranges
                0x000004c8       0x78 ./source/com/term.o
 .debug_aranges
                0x00000540       0x88 ./source/com/uart2.o
 .debug_aranges
                0x000005c8       0x20 ./source/main.o
 .debug_aranges
                0x000005e8      0x208 ./drivers/fsl_clock.o
 .debug_aranges
                0x000007f0      0x1d0 ./drivers/fsl_dspi.o
 .debug_aranges
                0x000009c0      0x178 ./drivers/fsl_i2c.o
 .debug_aranges
                0x00000b38       0x98 ./drivers/fsl_smc.o
 .debug_aranges
                0x00000bd0      0x188 ./drivers/fsl_uart.o
 .debug_aranges
                0x00000d58       0x30 ./device/system_MK22F51212.o
 .debug_aranges
                0x00000d88       0x50 ./board/clock_config.o
 .debug_aranges
                0x00000dd8       0x20 ./board/peripherals.o
 .debug_aranges
                0x00000df8       0x20 ./board/pin_mux.o
 .debug_aranges
                0x00000e18       0x20 C:/nxp/MCUXpressoIDE_25.6.136/ide/plugins/com.nxp.mcuxpresso.tools.win32_25.6.0.202501151204/tools/bin/../lib/gcc/arm-none-eabi/14.2.1/../../../../arm-none-eabi/lib/thumb/v7e-m+fp/hard\libcr_newlib_nohost.a(_cr_sbrk.o)
 .debug_aranges
                0x00000e38       0x20 C:/nxp/MCUXpressoIDE_25.6.136/ide/plugins/com.nxp.mcuxpresso.tools.win32_25.6.0.202501151204/tools/bin/../lib/gcc/arm-none-eabi/14.2.1/../../../../arm-none-eabi/lib/thumb/v7e-m+fp/hard\libcr_newlib_nohost.a(_exit.o)
 .debug_aranges
                0x00000e58       0x20 C:/nxp/MCUXpressoIDE_25.6.136/ide/plugins/com.nxp.mcuxpresso.tools.win32_25.6.0.202501151204/tools/bin/../lib/gcc/arm-none-eabi/14.2.1/../../../../arm-none-eabi/lib/thumb/v7e-m+fp/hard\libcr_newlib_nohost.a(close.o)
 .debug_aranges
                0x00000e78       0x20 C:/nxp/MCUXpressoIDE_25.6.136/ide/plugins/com.nxp.mcuxpresso.tools.win32_25.6.0.202501151204/tools/bin/../lib/gcc/arm-none-eabi/14.2.1/../../../../arm-none-eabi/lib/thumb/v7e-m+fp/hard\libcr_newlib_nohost.a(fstat.o)
 .debug_aranges
                0x00000e98       0x20 C:/nxp/MCUXpressoIDE_25.6.136/ide/plugins/com.nxp.mcuxpresso.tools.win32_25.6.0.202501151204/tools/bin/../lib/gcc/arm-none-eabi/14.2.1/../../../../arm-none-eabi/lib/thumb/v7e-m+fp/hard\libcr_newlib_nohost.a(getpid.o)
 .debug_aranges
                0x00000eb8       0x20 C:/nxp/MCUXpressoIDE_25.6.136/ide/plugins/com.nxp.mcuxpresso.tools.win32_25.6.0.202501151204/tools/bin/../lib/gcc/arm-none-eabi/14.2.1/../../../../arm-none-eabi/lib/thumb/v7e-m+fp/hard\libcr_newlib_nohost.a(isatty.o)
 .debug_aranges
                0x00000ed8       0x20 C:/nxp/MCUXpressoIDE_25.6.136/ide/plugins/com.nxp.mcuxpresso.tools.win32_25.6.0.202501151204/tools/bin/../lib/gcc/arm-none-eabi/14.2.1/../../../../arm-none-eabi/lib/thumb/v7e-m+fp/hard\libcr_newlib_nohost.a(kill.o)
 .debug_aranges
                0x00000ef8       0x20 C:/nxp/MCUXpressoIDE_25.6.136/ide/plugins/com.nxp.mcuxpresso.tools.win32_25.6.0.202501151204/tools/bin/../lib/gcc/arm-none-eabi/14.2.1/../../../../arm-none-eabi/lib/thumb/v7e-m+fp/hard\libcr_newlib_nohost.a(lseek.o)
 .debug_aranges
                0x00000f18       0x20 C:/nxp/MCUXpressoIDE_25.6.136/ide/plugins/com.nxp.mcuxpresso.tools.win32_25.6.0.202501151204/tools/bin/../lib/gcc/arm-none-eabi/14.2.1/../../../../arm-none-eabi/lib/thumb/v7e-m+fp/hard\libcr_newlib_nohost.a(read.o)
 .debug_aranges
                0x00000f38       0x20 C:/nxp/MCUXpressoIDE_25.6.136/ide/plugins/com.nxp.mcuxpresso.tools.win32_25.6.0.202501151204/tools/bin/../lib/gcc/arm-none-eabi/14.2.1/../../../../arm-none-eabi/lib/thumb/v7e-m+fp/hard\libcr_newlib_nohost.a(write.o)
 .debug_aranges
                0x00000f58       0x20 C:/nxp/MCUXpressoIDE_25.6.136/ide/plugins/com.nxp.mcuxpresso.tools.win32_25.6.0.202501151204/tools/bin/../lib/gcc/arm-none-eabi/14.2.1/../../../../arm-none-eabi/lib/thumb/v7e-m+fp/hard\libcr_newlib_nohost.a(_cr_check_heap.o)

.debug_ranges   0x00000000      0xd80
 .debug_ranges  0x00000000      0x2c0 ./startup/startup_mk22f51212.o
 .debug_ranges  0x000002c0       0x30 ./startup/system.o
 .debug_ranges  0x000002f0       0x80 ./source/utils/ftm0.o
 .debug_ranges  0x00000370       0x50 ./source/utils/wait.o
 .debug_ranges  0x000003c0       0x48 ./source/control/motor/motor.o
 .debug_ranges  0x00000408       0x18 ./source/control/coil/coil.o
 .debug_ranges  0x00000420       0x20 ./source/control/control.o
 .debug_ranges  0x00000440       0x68 ./source/com/term.o
 .debug_ranges  0x000004a8       0x78 ./source/com/uart2.o
 .debug_ranges  0x00000520       0x10 ./source/main.o
 .debug_ranges  0x00000530      0x1f8 ./drivers/fsl_clock.o
 .debug_ranges  0x00000728      0x1c0 ./drivers/fsl_dspi.o
 .debug_ranges  0x000008e8      0x168 ./drivers/fsl_i2c.o
 .debug_ranges  0x00000a50       0x88 ./drivers/fsl_smc.o
 .debug_ranges  0x00000ad8      0x178 ./drivers/fsl_uart.o
 .debug_ranges  0x00000c50       0x20 ./device/system_MK22F51212.o
 .debug_ranges  0x00000c70       0x40 ./board/clock_config.o
 .debug_ranges  0x00000cb0       0x10 ./board/peripherals.o
 .debug_ranges  0x00000cc0       0x10 ./board/pin_mux.o
 .debug_ranges  0x00000cd0       0x10 C:/nxp/MCUXpressoIDE_25.6.136/ide/plugins/com.nxp.mcuxpresso.tools.win32_25.6.0.202501151204/tools/bin/../lib/gcc/arm-none-eabi/14.2.1/../../../../arm-none-eabi/lib/thumb/v7e-m+fp/hard\libcr_newlib_nohost.a(_cr_sbrk.o)
 .debug_ranges  0x00000ce0       0x10 C:/nxp/MCUXpressoIDE_25.6.136/ide/plugins/com.nxp.mcuxpresso.tools.win32_25.6.0.202501151204/tools/bin/../lib/gcc/arm-none-eabi/14.2.1/../../../../arm-none-eabi/lib/thumb/v7e-m+fp/hard\libcr_newlib_nohost.a(_exit.o)
 .debug_ranges  0x00000cf0       0x10 C:/nxp/MCUXpressoIDE_25.6.136/ide/plugins/com.nxp.mcuxpresso.tools.win32_25.6.0.202501151204/tools/bin/../lib/gcc/arm-none-eabi/14.2.1/../../../../arm-none-eabi/lib/thumb/v7e-m+fp/hard\libcr_newlib_nohost.a(close.o)
 .debug_ranges  0x00000d00       0x10 C:/nxp/MCUXpressoIDE_25.6.136/ide/plugins/com.nxp.mcuxpresso.tools.win32_25.6.0.202501151204/tools/bin/../lib/gcc/arm-none-eabi/14.2.1/../../../../arm-none-eabi/lib/thumb/v7e-m+fp/hard\libcr_newlib_nohost.a(fstat.o)
 .debug_ranges  0x00000d10       0x10 C:/nxp/MCUXpressoIDE_25.6.136/ide/plugins/com.nxp.mcuxpresso.tools.win32_25.6.0.202501151204/tools/bin/../lib/gcc/arm-none-eabi/14.2.1/../../../../arm-none-eabi/lib/thumb/v7e-m+fp/hard\libcr_newlib_nohost.a(getpid.o)
 .debug_ranges  0x00000d20       0x10 C:/nxp/MCUXpressoIDE_25.6.136/ide/plugins/com.nxp.mcuxpresso.tools.win32_25.6.0.202501151204/tools/bin/../lib/gcc/arm-none-eabi/14.2.1/../../../../arm-none-eabi/lib/thumb/v7e-m+fp/hard\libcr_newlib_nohost.a(isatty.o)
 .debug_ranges  0x00000d30       0x10 C:/nxp/MCUXpressoIDE_25.6.136/ide/plugins/com.nxp.mcuxpresso.tools.win32_25.6.0.202501151204/tools/bin/../lib/gcc/arm-none-eabi/14.2.1/../../../../arm-none-eabi/lib/thumb/v7e-m+fp/hard\libcr_newlib_nohost.a(kill.o)
 .debug_ranges  0x00000d40       0x10 C:/nxp/MCUXpressoIDE_25.6.136/ide/plugins/com.nxp.mcuxpresso.tools.win32_25.6.0.202501151204/tools/bin/../lib/gcc/arm-none-eabi/14.2.1/../../../../arm-none-eabi/lib/thumb/v7e-m+fp/hard\libcr_newlib_nohost.a(lseek.o)
 .debug_ranges  0x00000d50       0x10 C:/nxp/MCUXpressoIDE_25.6.136/ide/plugins/com.nxp.mcuxpresso.tools.win32_25.6.0.202501151204/tools/bin/../lib/gcc/arm-none-eabi/14.2.1/../../../../arm-none-eabi/lib/thumb/v7e-m+fp/hard\libcr_newlib_nohost.a(read.o)
 .debug_ranges  0x00000d60       0x10 C:/nxp/MCUXpressoIDE_25.6.136/ide/plugins/com.nxp.mcuxpresso.tools.win32_25.6.0.202501151204/tools/bin/../lib/gcc/arm-none-eabi/14.2.1/../../../../arm-none-eabi/lib/thumb/v7e-m+fp/hard\libcr_newlib_nohost.a(write.o)
 .debug_ranges  0x00000d70       0x10 C:/nxp/MCUXpressoIDE_25.6.136/ide/plugins/com.nxp.mcuxpresso.tools.win32_25.6.0.202501151204/tools/bin/../lib/gcc/arm-none-eabi/14.2.1/../../../../arm-none-eabi/lib/thumb/v7e-m+fp/hard\libcr_newlib_nohost.a(_cr_check_heap.o)

.debug_macro    0x00000000     0xf9b9
 .debug_macro   0x00000000       0x29 ./startup/startup_mk22f51212.o
 .debug_macro   0x00000029      0xb02 ./startup/startup_mk22f51212.o
 .debug_macro   0x00000b2b      0x244 ./startup/system.o
 .debug_macro   0x00000d6f       0x57 ./startup/system.o
 .debug_macro   0x00000dc6       0x22 ./startup/system.o
 .debug_macro   0x00000de8       0x8e ./startup/system.o
 .debug_macro   0x00000e76       0x51 ./startup/system.o
 .debug_macro   0x00000ec7      0x103 ./startup/system.o
 .debug_macro   0x00000fca       0x6a ./startup/system.o
 .debug_macro   0x00001034      0x1df ./startup/system.o
 .debug_macro   0x00001213       0x1c ./startup/system.o
 .debug_macro   0x0000122f       0x22 ./startup/system.o
 .debug_macro   0x00001251       0xfb ./startup/system.o
 .debug_macro   0x0000134c      0xeeb ./startup/system.o
 .debug_macro   0x00002237       0x40 ./startup/system.o
 .debug_macro   0x00002277     0x8fa0 ./startup/system.o
 .debug_macro   0x0000b217       0x16 ./startup/system.o