C:\Users\Pascal\Desktop\HSLU\4_Semester\PREN\Ueb06_Uart\CMSIS/core_cm4.h:1684:22:__NVIC_EnableIRQ	16	static
C:\Users\Pascal\Desktop\HSLU\4_Semester\PREN\Ueb06_Uart\CMSIS/core_cm4.h:1722:22:__NVIC_DisableIRQ	16	static
C:\Users\Pascal\Desktop\HSLU\4_Semester\PREN\Ueb06_Uart\CMSIS/core_cm4.h:1814:22:__NVIC_SetPriority	16	static
C:\Users\Pascal\Desktop\HSLU\4_Semester\PREN\Ueb06_Uart\source/platform.h:68:22:NVIC_DisableIRQEx	16	static
../source/com/uart0.c:44:6:UART0_RX_TX_IRQHandler	16	static
../source/com/uart0.c:76:6:UART0_ERR_IRQHandler	4	static
../source/com/uart0.c:93:6:uart0WriteChar	16	static
../source/com/uart0.c:111:6:uart0Write	16	static
../source/com/uart0.c:124:6:uart0WriteLine	16	static
../source/com/uart0.c:138:6:uart0ReadChar	16	static
../source/com/uart0.c:166:10:uart0ReadLine	24	static
../source/com/uart0.c:189:6:uart0HasLineReceived	16	static
../source/com/uart0.c:208:10:uart0RxBufCount	4	static
../source/com/uart0.c:228:5:_write	32	static
../source/com/uart0.c:251:5:_read	24	static
../source/com/uart0.c:274:6:uart0Init	16	static
