Archive member included to satisfy reference by file (symbol)

C:/nxp/MCUXpressoIDE_25.6.136/ide/plugins/com.nxp.mcuxpresso.tools.win32_25.6.0.202501151204/tools/bin/../lib/gcc/arm-none-eabi/14.2.1/thumb/v7e-m+fp/hard\libgcc.a(_arm_muldf3.o)
                              ./source/control/motor/motor.o (__aeabi_dmul)
C:/nxp/MCUXpressoIDE_25.6.136/ide/plugins/com.nxp.mcuxpresso.tools.win32_25.6.0.202501151204/tools/bin/../lib/gcc/arm-none-eabi/14.2.1/thumb/v7e-m+fp/hard\libgcc.a(_arm_addsubdf3.o)
                              ./source/control/motor/motor.o (__aeabi_dsub)
C:/nxp/MCUXpressoIDE_25.6.136/ide/plugins/com.nxp.mcuxpresso.tools.win32_25.6.0.202501151204/tools/bin/../lib/gcc/arm-none-eabi/14.2.1/thumb/v7e-m+fp/hard\libgcc.a(_arm_muldivdf3.o)
                              ./source/control/motor/motor.o (__aeabi_ddiv)
C:/nxp/MCUXpressoIDE_25.6.136/ide/plugins/com.nxp.mcuxpresso.tools.win32_25.6.0.202501151204/tools/bin/../lib/gcc/arm-none-eabi/14.2.1/thumb/v7e-m+fp/hard\libgcc.a(_arm_fixunsdfsi.o)
                              ./source/control/motor/motor.o (__aeabi_d2uiz)
C:/nxp/MCUXpressoIDE_25.6.136/ide/plugins/com.nxp.mcuxpresso.tools.win32_25.6.0.202501151204/tools/bin/../lib/gcc/arm-none-eabi/14.2.1/thumb/v7e-m+fp/hard\libgcc.a(_aeabi_uldivmod.o)
                              ./drivers/fsl_common_arm.o (__aeabi_uldivmod)
C:/nxp/MCUXpressoIDE_25.6.136/ide/plugins/com.nxp.mcuxpresso.tools.win32_25.6.0.202501151204/tools/bin/../lib/gcc/arm-none-eabi/14.2.1/thumb/v7e-m+fp/hard\libgcc.a(_udivmoddi4.o)
                              C:/nxp/MCUXpressoIDE_25.6.136/ide/plugins/com.nxp.mcuxpresso.tools.win32_25.6.0.202501151204/tools/bin/../lib/gcc/arm-none-eabi/14.2.1/thumb/v7e-m+fp/hard\libgcc.a(_aeabi_uldivmod.o) (__udivmoddi4)
C:/nxp/MCUXpressoIDE_25.6.136/ide/plugins/com.nxp.mcuxpresso.tools.win32_25.6.0.202501151204/tools/bin/../lib/gcc/arm-none-eabi/14.2.1/thumb/v7e-m+fp/hard\libgcc.a(_dvmd_tls.o)
                              C:/nxp/MCUXpressoIDE_25.6.136/ide/plugins/com.nxp.mcuxpresso.tools.win32_25.6.0.202501151204/tools/bin/../lib/gcc/arm-none-eabi/14.2.1/thumb/v7e-m+fp/hard\libgcc.a(_aeabi_uldivmod.o) (__aeabi_ldiv0)
C:/nxp/MCUXpressoIDE_25.6.136/ide/plugins/com.nxp.mcuxpresso.tools.win32_25.6.0.202501151204/tools/bin/../lib/gcc/arm-none-eabi/14.2.1/thumb/v7e-m+fp/hard\libc_nano.a(libc_a-assert.o)
                              ./drivers/fsl_adc16.o (__assert_func)
C:/nxp/MCUXpressoIDE_25.6.136/ide/plugins/com.nxp.mcuxpresso.tools.win32_25.6.0.202501151204/tools/bin/../lib/gcc/arm-none-eabi/14.2.1/thumb/v7e-m+fp/hard\libc_nano.a(libc_a-malloc.o)
                              ./drivers/fsl_common.o (malloc)
C:/nxp/MCUXpressoIDE_25.6.136/ide/plugins/com.nxp.mcuxpresso.tools.win32_25.6.0.202501151204/tools/bin/../lib/gcc/arm-none-eabi/14.2.1/thumb/v7e-m+fp/hard\libc_nano.a(libc_a-mallocr.o)
                              C:/nxp/MCUXpressoIDE_25.6.136/ide/plugins/com.nxp.mcuxpresso.tools.win32_25.6.0.202501151204/tools/bin/../lib/gcc/arm-none-eabi/14.2.1/thumb/v7e-m+fp/hard\libc_nano.a(libc_a-malloc.o) (_malloc_r)
C:/nxp/MCUXpressoIDE_25.6.136/ide/plugins/com.nxp.mcuxpresso.tools.win32_25.6.0.202501151204/tools/bin/../lib/gcc/arm-none-eabi/14.2.1/thumb/v7e-m+fp/hard\libc_nano.a(libc_a-mlock.o)
                              C:/nxp/MCUXpressoIDE_25.6.136/ide/plugins/com.nxp.mcuxpresso.tools.win32_25.6.0.202501151204/tools/bin/../lib/gcc/arm-none-eabi/14.2.1/thumb/v7e-m+fp/hard\libc_nano.a(libc_a-mallocr.o) (__malloc_lock)
C:/nxp/MCUXpressoIDE_25.6.136/ide/plugins/com.nxp.mcuxpresso.tools.win32_25.6.0.202501151204/tools/bin/../lib/gcc/arm-none-eabi/14.2.1/thumb/v7e-m+fp/hard\libc_nano.a(libc_a-strtol.o)
                              ./source/com/term.o (strtol)
C:/nxp/MCUXpressoIDE_25.6.136/ide/plugins/com.nxp.mcuxpresso.tools.win32_25.6.0.202501151204/tools/bin/../lib/gcc/arm-none-eabi/14.2.1/thumb/v7e-m+fp/hard\libc_nano.a(libc_a-ctype_.o)
                              C:/nxp/MCUXpressoIDE_25.6.136/ide/plugins/com.nxp.mcuxpresso.tools.win32_25.6.0.202501151204/tools/bin/../lib/gcc/arm-none-eabi/14.2.1/thumb/v7e-m+fp/hard\libc_nano.a(libc_a-strtol.o) (_ctype_)
C:/nxp/MCUXpressoIDE_25.6.136/ide/plugins/com.nxp.mcuxpresso.tools.win32_25.6.0.202501151204/tools/bin/../lib/gcc/arm-none-eabi/14.2.1/thumb/v7e-m+fp/hard\libc_nano.a(libc_a-nano-vfprintf.o)
                              ./source/utils/wait.o (vfprintf)
C:/nxp/MCUXpressoIDE_25.6.136/ide/plugins/com.nxp.mcuxpresso.tools.win32_25.6.0.202501151204/tools/bin/../lib/gcc/arm-none-eabi/14.2.1/thumb/v7e-m+fp/hard\libc_nano.a(libc_a-nano-vfprintf_i.o)
                              C:/nxp/MCUXpressoIDE_25.6.136/ide/plugins/com.nxp.mcuxpresso.tools.win32_25.6.0.202501151204/tools/bin/../lib/gcc/arm-none-eabi/14.2.1/thumb/v7e-m+fp/hard\libc_nano.a(libc_a-nano-vfprintf.o) (_printf_i)
[...]
Memory Configuration

Name             Origin             Length             Attributes
PROGRAM_FLASH    0x00000000         0x00080000         xr
SRAM_UPPER       0x20000000         0x00010000         xrw
SRAM_LOWER       0x1fff0000         0x00010000         xrw
*default*        0x00000000         0xffffffff

Linker script and memory map

LOAD ./startup/startup_mk22f51212.o
LOAD ./startup/system.o
LOAD ./source/utils/debug.o
LOAD ./source/utils/ftm0.o
LOAD ./source/utils/util.o
LOAD ./source/utils/wait.o
LOAD ./source/control/motor/motor.o
LOAD ./source/control/control.o
LOAD ./source/com/term.o
LOAD ./source/com/uart2.o
LOAD ./source/main.o
LOAD ./drivers/fsl_adc16.o
LOAD ./drivers/fsl_clock.o
LOAD ./drivers/fsl_common.o
LOAD ./drivers/fsl_common_arm.o
LOAD ./drivers/fsl_dspi.o
LOAD ./drivers/fsl_gpio.o
LOAD ./drivers/fsl_i2c.o
LOAD ./drivers/fsl_rtc.o
LOAD ./drivers/fsl_smc.o
LOAD ./drivers/fsl_uart.o
LOAD ./device/system_MK22F51212.o
LOAD ./board/board.o
LOAD ./board/clock_config.o
LOAD ./board/peripherals.o
LOAD ./board/pin_mux.o
START GROUP
LOAD C:/nxp/MCUXpressoIDE_25.6.136/ide/plugins/com.nxp.mcuxpresso.tools.win32_25.6.0.202501151204/tools/bin/../lib/gcc/arm-none-eabi/14.2.1/thumb/v7e-m+fp/hard\libgcc.a
LOAD C:/nxp/MCUXpressoIDE_25.6.136/ide/plugins/com.nxp.mcuxpresso.tools.win32_25.6.0.202501151204/tools/bin/../lib/gcc/arm-none-eabi/14.2.1/thumb/v7e-m+fp/hard\libc_nano.a
LOAD C:/nxp/MCUXpressoIDE_25.6.136/ide/plugins/com.nxp.mcuxpresso.tools.win32_25.6.0.202501151204/tools/bin/../lib/gcc/arm-none-eabi/14.2.1/thumb/v7e-m+fp/hard\libm.a
LOAD C:/nxp/MCUXpressoIDE_25.6.136/ide/plugins/com.nxp.mcuxpresso.tools.win32_25.6.0.202501151204/tools/bin/../lib/gcc/arm-none-eabi/14.2.1/../../../../arm-none-eabi/lib/thumb/v7e-m+fp/hard\libcr_newlib_nohost.a
END GROUP
                0x00000000                        __base_PROGRAM_FLASH = 0x0
                0x00000000                        __base_Flash = 0x0
                0x00080000                        __top_PROGRAM_FLASH = 0x80000
                0x00080000                        __top_Flash = 0x80000
                0x20000000                        __base_SRAM_UPPER = 0x20000000
                0x20000000                        __base_RAM = 0x20000000
                0x20010000                        __top_SRAM_UPPER = 0x20010000
                0x20010000                        __top_RAM = 0x20010000
                0x1fff0000                        __base_SRAM_LOWER = 0x1fff0000
                0x1fff0000                        __base_RAM2 = 0x1fff0000
                0x20000000                        __top_SRAM_LOWER = 0x20000000
                0x20000000                        __top_RAM2 = 0x20000000

.text           0x00000000     0x4174
 FILL mask 0xff
                0x00000000                        __vectors_start__ = ABSOLUTE (.)
 *(SORT_BY_ALIGNMENT(.isr_vector))
 .isr_vector    0x00000000      0x168 ./startup/startup_mk22f51212.o
                0x00000000                g_pfnVectors
                0x00000000                __Vectors
                0x00000168                        . = ALIGN (0x4)
                0x00000168                        __section_table_start = .
                0x00000168                        __data_section_table = .
                0x00000168        0x4 LONG 0x417c LOADADDR (.data)
                0x0000016c        0x4 LONG 0x20000000 ADDR (.data)
                0x00000170        0x4 LONG 0x78 SIZEOF (.data)
                0x00000174        0x4 LONG 0x417c LOADADDR (.data_RAM2)
                0x00000178        0x4 LONG 0x1fff0000 ADDR (.data_RAM2)
                0x0000017c        0x4 LONG 0x0 SIZEOF (.data_RAM2)
                0x00000180                        __data_section_table_end = .
                0x00000180                        __bss_section_table = .
                0x00000180        0x4 LONG 0x20000078 ADDR (.bss)
                0x00000184        0x4 LONG 0x634 SIZEOF (.bss)
                0x00000188        0x4 LONG 0x1fff0000 ADDR (.bss_RAM2)
                0x0000018c        0x4 LONG 0x0 SIZEOF (.bss_RAM2)
                0x00000190                        __bss_section_table_end = .
                0x00000190                        __section_table_end = .
 *(SORT_BY_ALIGNMENT(.after_vectors*))
 .after_vectors.reset
                0x00000190       0x50 ./startup/startup_mk22f51212.o
                0x00000190                ResetISR
 .after_vectors.init_data
                0x000001e0       0x1e ./startup/startup_mk22f51212.o
                0x000001e0                data_init
 .after_vectors.init_bss
                0x000001fe       0x12 ./startup/startup_mk22f51212.o
                0x000001fe                bss_init
 .after_vectors
                0x00000210       0x14 ./startup/startup_mk22f51212.o
                0x00000210                NMI_Handler
                0x00000214                MemManage_Handler
                0x00000216                BusFault_Handler
                0x00000218                UsageFault_Handler
                0x0000021a                SVC_Handler
                0x0000021c                DebugMon_Handler
                0x0000021e                PendSV_Handler
                0x00000220                SysTick_Handler
                0x00000222                DMA_Error_DriverIRQHandler
                0x00000222                FTM1_DriverIRQHandler
                0x00000222                FTM2_DriverIRQHandler
                0x00000222                PIT2_DriverIRQHandler
                0x00000222                Reserved82_DriverIRQHandler
                0x00000222                I2S0_Tx_DriverIRQHandler
                0x00000222                RTC_Seconds_DriverIRQHandler
                0x00000222                FTF_DriverIRQHandler
                0x00000222                DMA6_DriverIRQHandler
                0x00000222                LLWU_DriverIRQHandler
                0x00000222                MCM_DriverIRQHandler
                0x00000222                MCG_DriverIRQHandler
                0x00000222                DAC1_DriverIRQHandler
                0x00000222                LPTMR0_DriverIRQHandler
                0x00000222                CMP1_DriverIRQHandler
                0x00000222                FTM0_DriverIRQHandler
                0x00000222                IntDefaultHandler
                0x00000222                USB0_DriverIRQHandler
                0x00000222                PORTC_DriverIRQHandler
                0x00000222                DMA11_DriverIRQHandler
                0x00000222                DAC0_DriverIRQHandler
                0x00000222                DMA10_DriverIRQHandler
                0x00000222                UART2_ERR_DriverIRQHandler
                0x00000222                LVD_LVW_DriverIRQHandler
                0x00000222                Reserved84_DriverIRQHandler
                0x00000222                PIT0_DriverIRQHandler
                0x00000222                DMA12_DriverIRQHandler
                0x00000222                DMA5_DriverIRQHandler
                0x00000222                DMA4_DriverIRQHandler
                0x00000222                DMA3_DriverIRQHandler
                0x00000222                Reserved53_DriverIRQHandler
                0x00000222                DMA8_DriverIRQHandler
                0x00000222                DMA9_DriverIRQHandler
                0x00000222                UART0_ERR_DriverIRQHandler
                0x00000222                Reserved71_DriverIRQHandler
                0x00000222                ADC1_DriverIRQHandler
                0x00000222                PORTA_DriverIRQHandler
                0x00000222                DMA14_DriverIRQHandler
                0x00000222                PIT3_DriverIRQHandler
                0x00000222                PIT1_DriverIRQHandler
                0x00000222                WDOG_EWM_DriverIRQHandler
                0x00000222                PDB0_DriverIRQHandler
                0x00000222                Reserved83_DriverIRQHandler
                0x00000222                Reserved61_DriverIRQHandler
                0x00000222                RTC_DriverIRQHandler
                0x00000222                I2S0_Rx_DriverIRQHandler
                0x00000222                Read_Collision_DriverIRQHandler
                0x00000222                Reserved54_DriverIRQHandler
                0x00000222                SWI_DriverIRQHandler
                0x00000222                PORTB_DriverIRQHandler
                0x00000222                DMA0_DriverIRQHandler
                0x00000222                DMA1_DriverIRQHandler
                0x00000222                DMA13_DriverIRQHandler
                0x00000222                DMA15_DriverIRQHandler
                0x00000222                LPUART0_DriverIRQHandler
                0x00000222                Reserved85_DriverIRQHandler
                0x00000222                Reserved81_DriverIRQHandler
                0x00000222                ADC0_DriverIRQHandler
                0x00000222                CMP0_DriverIRQHandler
                0x00000222                FTM3_DriverIRQHandler
                0x00000222                RNG_DriverIRQHandler
                0x00000222                UART1_ERR_DriverIRQHandler
                0x00000222                DMA2_DriverIRQHandler
                0x00000222                PORTD_DriverIRQHandler
                0x00000222                Reserved70_DriverIRQHandler
                0x00000222                Reserved86_DriverIRQHandler
                0x00000222                PORTE_DriverIRQHandler
                0x00000222                DMA7_DriverIRQHandler
                0x00000400                        . = 0x400
 *fill*         0x00000224      0x1dc ff
                0x00000400                        PROVIDE (__FLASH_CONFIG_START__ = .)
 *(SORT_BY_ALIGNMENT(.FlashConfig))
 .FlashConfig   0x00000400       0x10 ./startup/startup_mk22f51212.o
                0x00000400                Flash_Config
                0x00000410                        PROVIDE (__FLASH_CONFIG_END__ = .)
                0x00000001                        ASSERT (! ((__FLASH_CONFIG_START__ == __FLASH_CONFIG_END__)), Linker Flash Config Support Enabled, but no .FlashConfig section provided within application)
 *(SORT_BY_ALIGNMENT(.text*))
 .text          0x00000410       0xa0 C:/nxp/MCUXpressoIDE_25.6.136/ide/plugins/com.nxp.mcuxpresso.tools.win32_25.6.0.202501151204/tools/bin/../lib/gcc/arm-none-eabi/14.2.1/thumb/v7e-m+fp/hard\libc_nano.a(libc_a-memchr.o)
                0x00000410                memchr
 .text.setTimerValues
                0x000004b0      0x24c ./source/control/motor/motor.o
                0x000004b0                setTimerValues
 .text.SystemInitHook
                0x000006fc       0x48 ./startup/system.o
                0x000006fc                SystemInitHook
 .text.McuHardFault_HandlerC
                0x00000744       0xe4 ./startup/system.o
                0x00000744                McuHardFault_HandlerC
 .text.__NVIC_EnableIRQ
                0x00000828       0x3c ./source/utils/ftm0.o
 .text.__NVIC_DisableIRQ
                0x00000864       0x48 ./source/utils/ftm0.o
 .text.__NVIC_SetPriority
                0x000008ac       0x54 ./source/utils/ftm0.o
 .text.FTM0_IRQHandler
                0x00000900       0x9c ./source/utils/ftm0.o
                0x00000900                FTM0_IRQHandler
 .text.ftm0Init
                0x0000099c       0x4c ./source/utils/ftm0.o
                0x0000099c                ftm0Init
 .text.ftm0StartClk
                0x000009e8       0x30 ./source/utils/ftm0.o
                0x000009e8                ftm0StartClk
 .text.ftm0StopIRQ
                0x00000a18       0x74 ./source/utils/ftm0.o
                0x00000a18                ftm0StopIRQ
 .text.FTM0TOF_IRQHandler
                0x00000a8c       0x20 ./source/utils/ftm0.o
                0x00000a8c                FTM0TOF_IRQHandler
 .text.FTM0CH0_IRQHandler
                0x00000aac       0x20 ./source/utils/ftm0.o
                0x00000aac                FTM0CH0_IRQHandler
 .text.FTM0CH1_IRQHandler
                0x00000acc       0x84 ./source/utils/ftm0.o
                0x00000acc                FTM0CH1_IRQHandler
 .text.FTM0CH2_IRQHandler
                0x00000b50       0x84 ./source/utils/ftm0.o
                0x00000b50                FTM0CH2_IRQHandler
 .text.FTM0CH4_IRQHandler
                0x00000bd4       0x84 ./source/utils/ftm0.o
                0x00000bd4                FTM0CH4_IRQHandler
 .text.utilNum16uToStr
                0x00000c58       0xec ./source/utils/util.o
                0x00000c58                utilNum16uToStr
 .text.logif    0x00000d44       0x98 ./source/utils/wait.o
 .text.waitInit
                0x00000ddc       0x38 ./source/utils/wait.o
                0x00000ddc                waitInit
 .text.waitMs   0x00000e14       0x64 ./source/utils/wait.o
                0x00000e14                waitMs
 .text.motorInit
                0x00000e78       0x48 ./source/control/motor/motor.o
                0x00000e78                motorInit
 .text.moveWay  0x00000ec0      0x1d4 ./source/control/motor/motor.o
                0x00000ec0                moveWay
 .text.resetTimers
                0x00001094       0x48 ./source/control/motor/motor.o
                0x00001094                resetTimers
 .text.newCommand
                0x000010dc      0x108 ./source/control/control.o
                0x000010dc                newCommand
 .text.termRegisterCommandLineHandler
                0x000011e4       0x58 ./source/com/term.o
                0x000011e4                termRegisterCommandLineHandler
 .text.termWriteChar
                0x0000123c       0x2c ./source/com/term.o
                0x0000123c                termWriteChar
 .text.termParseCommand
                0x00001268      0x13c ./source/com/term.o
                0x00001268                termParseCommand
 .text.termDoWork
                0x000013a4       0x3c ./source/com/term.o
                0x000013a4                termDoWork
 .text.termInit
                0x000013e0       0x2c ./source/com/term.o
                0x000013e0                termInit
 .text.startHandler
                0x0000140c       0xb8 ./source/com/term.o
 .text.commandInit
                0x000014c4       0x24 ./source/com/term.o
                0x000014c4                commandInit
 .text.__NVIC_EnableIRQ
                0x000014e8       0x3c ./source/com/uart2.o
 .text.__NVIC_DisableIRQ
                0x00001524       0x48 ./source/com/uart2.o
 .text.__NVIC_SetPriority
                0x0000156c       0x54 ./source/com/uart2.o
 .text.UART2_RX_TX_IRQHandler
                0x000015c0       0xdc ./source/com/uart2.o
                0x000015c0                UART2_RX_TX_IRQHandler
 .text.UART2_ERR_IRQHandler
                0x0000169c       0x1c ./source/com/uart2.o
                0x0000169c                UART2_ERR_IRQHandler
 .text.uart2WriteChar
                0x000016b8       0x80 ./source/com/uart2.o
                0x000016b8                uart2WriteChar
 .text.uart2ReadChar
                0x00001738       0x68 ./source/com/uart2.o
                0x00001738                uart2ReadChar
 .text.uart2HasLineReceived
                0x000017a0       0x60 ./source/com/uart2.o
                0x000017a0                uart2HasLineReceived
 .text.uart2Init
                0x00001800       0xf4 ./source/com/uart2.o
                0x00001800                uart2Init
 .text.CLOCK_SetEr32kClock
                0x000018f4       0x30 ./drivers/fsl_clock.o
 .text.CLOCK_SetPllFllSelClock
                0x00001924       0x38 ./drivers/fsl_clock.o
 .text.CLOCK_GetOscRangeFromFreq
                0x0000195c       0x3c ./drivers/fsl_clock.o
 .text.CLOCK_SetSimConfig
                0x00001998       0x34 ./drivers/fsl_clock.o
                0x00001998                CLOCK_SetSimConfig
 .text.CLOCK_SetExternalRefClkConfig
                0x000019cc       0x6c ./drivers/fsl_clock.o
                0x000019cc                CLOCK_SetExternalRefClkConfig
 .text.CLOCK_EnablePll0
                0x00001a38       0x98 ./drivers/fsl_clock.o
                0x00001a38                CLOCK_EnablePll0
 .text.CLOCK_InitOsc0
                0x00001ad0       0x8c ./drivers/fsl_clock.o
                0x00001ad0                CLOCK_InitOsc0
 .text.CLOCK_SetPbeMode
                0x00001b5c       0xb8 ./drivers/fsl_clock.o
                0x00001b5c                CLOCK_SetPbeMode
 .text.CLOCK_BootToPeeMode
                0x00001c14       0x70 ./drivers/fsl_clock.o
                0x00001c14                CLOCK_BootToPeeMode
 .text.DSPI_CommonIRQHandler
                0x00001c84       0x44 ./drivers/fsl_dspi.o
 .text.SPI0_DriverIRQHandler
                0x00001cc8       0x40 ./drivers/fsl_dspi.o
                0x00001cc8                SPI0_DriverIRQHandler
 .text.SPI1_DriverIRQHandler
                0x00001d08       0x40 ./drivers/fsl_dspi.o
                0x00001d08                SPI1_DriverIRQHandler
 .text.I2C_TransferCommonIRQHandler
                0x00001d48       0x58 ./drivers/fsl_i2c.o
 .text.I2C0_DriverIRQHandler
                0x00001da0       0x1c ./drivers/fsl_i2c.o
                0x00001da0                I2C0_DriverIRQHandler
 .text.I2C1_DriverIRQHandler
                0x00001dbc       0x1c ./drivers/fsl_i2c.o
                0x00001dbc                I2C1_DriverIRQHandler
 .text.UART0_DriverIRQHandler
                0x00001dd8       0x28 ./drivers/fsl_uart.o
                0x00001dd8                UART0_DriverIRQHandler
 .text.UART1_DriverIRQHandler
                0x00001e00       0x28 ./drivers/fsl_uart.o
                0x00001e00                UART1_DriverIRQHandler
 .text.SystemInit
                0x00001e28       0x3c ./device/system_MK22F51212.o
                0x00001e28                SystemInit
 .text.CLOCK_SetSimSafeDivs
                0x00001e64       0x24 ./board/clock_config.o
 .text.CLOCK_SetXtal0Freq
                0x00001e88       0x20 ./board/clock_config.o
 .text.CLOCK_CONFIG_SetFllExtRefDiv
                0x00001ea8       0x3c ./board/clock_config.o
 .text.BOARD_BootClockRUN
                0x00001ee4       0x74 ./board/clock_config.o
                0x00001ee4                BOARD_BootClockRUN
 .text          0x00001f58      0x378 C:/nxp/MCUXpressoIDE_25.6.136/ide/plugins/com.nxp.mcuxpresso.tools.win32_25.6.0.202501151204/tools/bin/../lib/gcc/arm-none-eabi/14.2.1/thumb/v7e-m+fp/hard\libgcc.a(_arm_addsubdf3.o)
                0x00001f58                __aeabi_drsub
                0x00001f60                __aeabi_dsub
                0x00001f60                __subdf3
                0x00001f64                __aeabi_dadd
                0x00001f64                __adddf3
                0x000021dc                __floatunsidf
                0x000021dc                __aeabi_ui2d
                0x000021fc                __floatsidf
                0x000021fc                __aeabi_i2d
                0x00002220                __aeabi_f2d
                0x00002220                __extendsfdf2
                0x00002264                __floatundidf
                0x00002264                __aeabi_ul2d
                0x00002274                __floatdidf
                0x00002274                __aeabi_l2d
 .text          0x000022d0      0x424 C:/nxp/MCUXpressoIDE_25.6.136/ide/plugins/com.nxp.mcuxpresso.tools.win32_25.6.0.202501151204/tools/bin/../lib/gcc/arm-none-eabi/14.2.1/thumb/v7e-m+fp/hard\libgcc.a(_arm_muldivdf3.o)
                0x000022d0                __aeabi_dmul
                0x000022d0                __muldf3
                0x00002524                __divdf3
                0x00002524                __aeabi_ddiv
 .text          0x000026f4       0x40 C:/nxp/MCUXpressoIDE_25.6.136/ide/plugins/com.nxp.mcuxpresso.tools.win32_25.6.0.202501151204/tools/bin/../lib/gcc/arm-none-eabi/14.2.1/thumb/v7e-m+fp/hard\libgcc.a(_arm_fixunsdfsi.o)
                0x000026f4                __aeabi_d2uiz
                0x000026f4                __fixunsdfsi
 .text.__assert_func
                0x00002734       0x3c C:/nxp/MCUXpressoIDE_25.6.136/ide/plugins/com.nxp.mcuxpresso.tools.win32_25.6.0.202501151204/tools/bin/../lib/gcc/arm-none-eabi/14.2.1/thumb/v7e-m+fp/hard\libc_nano.a(libc_a-assert.o)
                0x00002734                __assert_func
 .text.sbrk_aligned
                0x00002770       0x44 C:/nxp/MCUXpressoIDE_25.6.136/ide/plugins/com.nxp.mcuxpresso.tools.win32_25.6.0.202501151204/tools/bin/../lib/gcc/arm-none-eabi/14.2.1/thumb/v7e-m+fp/hard\libc_nano.a(libc_a-mallocr.o)
 .text._malloc_r
                0x000027b4      0x100 C:/nxp/MCUXpressoIDE_25.6.136/ide/plugins/com.nxp.mcuxpresso.tools.win32_25.6.0.202501151204/tools/bin/../lib/gcc/arm-none-eabi/14.2.1/thumb/v7e-m+fp/hard\libc_nano.a(libc_a-mallocr.o)
                0x000027b4                _malloc_r
 .text.__malloc_lock
                0x000028b4        0xc C:/nxp/MCUXpressoIDE_25.6.136/ide/plugins/com.nxp.mcuxpresso.tools.win32_25.6.0.202501151204/tools/bin/../lib/gcc/arm-none-eabi/14.2.1/thumb/v7e-m+fp/hard\libc_nano.a(libc_a-mlock.o)
                0x000028b4                __malloc_lock
 .text.__malloc_unlock
                0x000028c0        0xc C:/nxp/MCUXpressoIDE_25.6.136/ide/plugins/com.nxp.mcuxpresso.tools.win32_25.6.0.202501151204/tools/bin/../lib/gcc/arm-none-eabi/14.2.1/thumb/v7e-m+fp/hard\libc_nano.a(libc_a-mlock.o)
                0x000028c0                __malloc_unlock
 .text._strtol_l.isra.0
                0x000028cc       0xf4 C:/nxp/MCUXpressoIDE_25.6.136/ide/plugins/com.nxp.mcuxpresso.tools.win32_25.6.0.202501151204/tools/bin/../lib/gcc/arm-none-eabi/14.2.1/thumb/v7e-m+fp/hard\libc_nano.a(libc_a-strtol.o)
 .text.strtol   0x000029c0       0x14 C:/nxp/MCUXpressoIDE_25.6.136/ide/plugins/com.nxp.mcuxpresso.tools.win32_25.6.0.202501151204/tools/bin/../lib/gcc/arm-none-eabi/14.2.1/thumb/v7e-m+fp/hard\libc_nano.a(libc_a-strtol.o)
                0x000029c0                strtol
 .text._vfprintf_r
                0x000029d4      0x230 C:/nxp/MCUXpressoIDE_25.6.136/ide/plugins/com.nxp.mcuxpresso.tools.win32_25.6.0.202501151204/tools/bin/../lib/gcc/arm-none-eabi/14.2.1/thumb/v7e-m+fp/hard\libc_nano.a(libc_a-nano-vfprintf.o)
                0x000029d4                _vfprintf_r
                0x000029d4                _vfiprintf_r
 .text.vfprintf
                0x00002c04       0x14 C:/nxp/MCUXpressoIDE_25.6.136/ide/plugins/com.nxp.mcuxpresso.tools.win32_25.6.0.202501151204/tools/bin/../lib/gcc/arm-none-eabi/14.2.1/thumb/v7e-m+fp/hard\libc_nano.a(libc_a-nano-vfprintf.o)
                0x00002c04                vfprintf
                0x00002c04                vfiprintf
 .text._printf_i
                0x00002c18      0x240 C:/nxp/MCUXpressoIDE_25.6.136/ide/plugins/com.nxp.mcuxpresso.tools.win32_25.6.0.202501151204/tools/bin/../lib/gcc/arm-none-eabi/14.2.1/thumb/v7e-m+fp/hard\libc_nano.a(libc_a-nano-vfprintf_i.o)
                0x00002c18                _printf_i
 .text.std      0x00002e58       0x6c C:/nxp/MCUXpressoIDE_25.6.136/ide/plugins/com.nxp.mcuxpresso.tools.win32_25.6.0.202501151204/tools/bin/../lib/gcc/arm-none-eabi/14.2.1/thumb/v7e-m+fp/hard\libc_nano.a(libc_a-findfp.o)
 .text.stdio_exit_handler
                0x00002ec4       0x18 C:/nxp/MCUXpressoIDE_25.6.136/ide/plugins/com.nxp.mcuxpresso.tools.win32_25.6.0.202501151204/tools/bin/../lib/gcc/arm-none-eabi/14.2.1/thumb/v7e-m+fp/hard\libc_nano.a(libc_a-findfp.o)
 .text.cleanup_stdio
                0x00002edc       0x40 C:/nxp/MCUXpressoIDE_25.6.136/ide/plugins/com.nxp.mcuxpresso.tools.win32_25.6.0.202501151204/tools/bin/../lib/gcc/arm-none-eabi/14.2.1/thumb/v7e-m+fp/hard\libc_nano.a(libc_a-findfp.o)
 .text.global_stdio_init.part.0
                0x00002f1c       0x40 C:/nxp/MCUXpressoIDE_25.6.136/ide/plugins/com.nxp.mcuxpresso.tools.win32_25.6.0.202501151204/tools/bin/../lib/gcc/arm-none-eabi/14.2.1/thumb/v7e-m+fp/hard\libc_nano.a(libc_a-findfp.o)
 .text.__sfp_lock_acquire
                0x00002f5c        0xc C:/nxp/MCUXpressoIDE_25.6.136/ide/plugins/com.nxp.mcuxpresso.tools.win32_25.6.0.202501151204/tools/bin/../lib/gcc/arm-none-eabi/14.2.1/thumb/v7e-m+fp/hard\libc_nano.a(libc_a-findfp.o)
                0x00002f5c                __sfp_lock_acquire
 .text.__sfp_lock_release
                0x00002f68        0xc C:/nxp/MCUXpressoIDE_25.6.136/ide/plugins/com.nxp.mcuxpresso.tools.win32_25.6.0.202501151204/tools/bin/../lib/gcc/arm-none-eabi/14.2.1/thumb/v7e-m+fp/hard\libc_nano.a(libc_a-findfp.o)
                0x00002f68                __sfp_lock_release
 .text.__sinit  0x00002f74       0x30 C:/nxp/MCUXpressoIDE_25.6.136/ide/plugins/com.nxp.mcuxpresso.tools.win32_25.6.0.202501151204/tools/bin/../lib/gcc/arm-none-eabi/14.2.1/thumb/v7e-m+fp/hard\libc_nano.a(libc_a-findfp.o)
                0x00002f74                __sinit
 .text.fprintf  0x00002fa4       0x24 C:/nxp/MCUXpressoIDE_25.6.136/ide/plugins/com.nxp.mcuxpresso.tools.win32_25.6.0.202501151204/tools/bin/../lib/gcc/arm-none-eabi/14.2.1/thumb/v7e-m+fp/hard\libc_nano.a(libc_a-fprintf.o)
                0x00002fa4                fiprintf
                0x00002fa4                fprintf
 .text.__swsetup_r
                0x00002fc8       0xa8 C:/nxp/MCUXpressoIDE_25.6.136/ide/plugins/com.nxp.mcuxpresso.tools.win32_25.6.0.202501151204/tools/bin/../lib/gcc/arm-none-eabi/14.2.1/thumb/v7e-m+fp/hard\libc_nano.a(libc_a-wsetup.o)
                0x00002fc8                __swsetup_r
 .text._close_r
                0x00003070       0x20 C:/nxp/MCUXpressoIDE_25.6.136/ide/plugins/com.nxp.mcuxpresso.tools.win32_25.6.0.202501151204/tools/bin/../lib/gcc/arm-none-eabi/14.2.1/thumb/v7e-m+fp/hard\libc_nano.a(libc_a-closer.o)
                0x00003070                _close_r
 .text._lseek_r
                0x00003090       0x24 C:/nxp/MCUXpressoIDE_25.6.136/ide/plugins/com.nxp.mcuxpresso.tools.win32_25.6.0.202501151204/tools/bin/../lib/gcc/arm-none-eabi/14.2.1/thumb/v7e-m+fp/hard\libc_nano.a(libc_a-lseekr.o)
                0x00003090                _lseek_r
 .text._read_r  0x000030b4       0x24 C:/nxp/MCUXpressoIDE_25.6.136/ide/plugins/com.nxp.mcuxpresso.tools.win32_25.6.0.202501151204/tools/bin/../lib/gcc/arm-none-eabi/14.2.1/thumb/v7e-m+fp/hard\libc_nano.a(libc_a-readr.o)
                0x000030b4                _read_r
 .text._sbrk_r  0x000030d8       0x20 C:/nxp/MCUXpressoIDE_25.6.136/ide/plugins/com.nxp.mcuxpresso.tools.win32_25.6.0.202501151204/tools/bin/../lib/gcc/arm-none-eabi/14.2.1/thumb/v7e-m+fp/hard\libc_nano.a(libc_a-sbrkr.o)
                0x000030d8                _sbrk_r
 .text._write_r
                0x000030f8       0x24 C:/nxp/MCUXpressoIDE_25.6.136/ide/plugins/com.nxp.mcuxpresso.tools.win32_25.6.0.202501151204/tools/bin/../lib/gcc/arm-none-eabi/14.2.1/thumb/v7e-m+fp/hard\libc_nano.a(libc_a-writer.o)
                0x000030f8                _write_r
 .text.__errno  0x0000311c        0xc C:/nxp/MCUXpressoIDE_25.6.136/ide/plugins/com.nxp.mcuxpresso.tools.win32_25.6.0.202501151204/tools/bin/../lib/gcc/arm-none-eabi/14.2.1/thumb/v7e-m+fp/hard\libc_nano.a(libc_a-errno.o)
                0x0000311c                __errno
 .text._free_r  0x00003128       0x94 C:/nxp/MCUXpressoIDE_25.6.136/ide/plugins/com.nxp.mcuxpresso.tools.win32_25.6.0.202501151204/tools/bin/../lib/gcc/arm-none-eabi/14.2.1/thumb/v7e-m+fp/hard\libc_nano.a(libc_a-freer.o)
                0x00003128                _free_r
 .text.__sflush_r
                0x000031bc      0x104 C:/nxp/MCUXpressoIDE_25.6.136/ide/plugins/com.nxp.mcuxpresso.tools.win32_25.6.0.202501151204/tools/bin/../lib/gcc/arm-none-eabi/14.2.1/thumb/v7e-m+fp/hard\libc_nano.a(libc_a-fflush.o)
                0x000031bc                __sflush_r
 .text.raise    0x000032c0       0x10 C:/nxp/MCUXpressoIDE_25.6.136/ide/plugins/com.nxp.mcuxpresso.tools.win32_25.6.0.202501151204/tools/bin/../lib/gcc/arm-none-eabi/14.2.1/thumb/v7e-m+fp/hard\libc_nano.a(libc_a-signal.o)
                0x000032c0                raise
 .text._fstat_r
                0x000032d0       0x24 C:/nxp/MCUXpressoIDE_25.6.136/ide/plugins/com.nxp.mcuxpresso.tools.win32_25.6.0.202501151204/tools/bin/../lib/gcc/arm-none-eabi/14.2.1/thumb/v7e-m+fp/hard\libc_nano.a(libc_a-fstatr.o)
                0x000032d0                _fstat_r
 .text._isatty_r
                0x000032f4       0x20 C:/nxp/MCUXpressoIDE_25.6.136/ide/plugins/com.nxp.mcuxpresso.tools.win32_25.6.0.202501151204/tools/bin/../lib/gcc/arm-none-eabi/14.2.1/thumb/v7e-m+fp/hard\libc_nano.a(libc_a-isattyr.o)
                0x000032f4                _isatty_r
 .text._kill_r  0x00003314       0x24 C:/nxp/MCUXpressoIDE_25.6.136/ide/plugins/com.nxp.mcuxpresso.tools.win32_25.6.0.202501151204/tools/bin/../lib/gcc/arm-none-eabi/14.2.1/thumb/v7e-m+fp/hard\libc_nano.a(libc_a-signalr.o)
                0x00003314                _kill_r
 .text._sbrk    0x00003338       0x3c C:/nxp/MCUXpressoIDE_25.6.136/ide/plugins/com.nxp.mcuxpresso.tools.win32_25.6.0.202501151204/tools/bin/../lib/gcc/arm-none-eabi/14.2.1/../../../../arm-none-eabi/lib/thumb/v7e-m+fp/hard\libcr_newlib_nohost.a(_cr_sbrk.o)
                0x00003338                _sbrk
 .text._close   0x00003374       0x10 C:/nxp/MCUXpressoIDE_25.6.136/ide/plugins/com.nxp.mcuxpresso.tools.win32_25.6.0.202501151204/tools/bin/../lib/gcc/arm-none-eabi/14.2.1/../../../../arm-none-eabi/lib/thumb/v7e-m+fp/hard\libcr_newlib_nohost.a(close.o)
                0x00003374                _close
 .text._fstat   0x00003384       0x10 C:/nxp/MCUXpressoIDE_25.6.136/ide/plugins/com.nxp.mcuxpresso.tools.win32_25.6.0.202501151204/tools/bin/../lib/gcc/arm-none-eabi/14.2.1/../../../../arm-none-eabi/lib/thumb/v7e-m+fp/hard\libcr_newlib_nohost.a(fstat.o)
                0x00003384                _fstat
 .text._getpid  0x00003394       0x10 C:/nxp/MCUXpressoIDE_25.6.136/ide/plugins/com.nxp.mcuxpresso.tools.win32_25.6.0.202501151204/tools/bin/../lib/gcc/arm-none-eabi/14.2.1/../../../../arm-none-eabi/lib/thumb/v7e-m+fp/hard\libcr_newlib_nohost.a(getpid.o)
                0x00003394                _getpid
 .text._isatty  0x000033a4       0x10 C:/nxp/MCUXpressoIDE_25.6.136/ide/plugins/com.nxp.mcuxpresso.tools.win32_25.6.0.202501151204/tools/bin/../lib/gcc/arm-none-eabi/14.2.1/../../../../arm-none-eabi/lib/thumb/v7e-m+fp/hard\libcr_newlib_nohost.a(isatty.o)
                0x000033a4                _isatty
 .text._kill    0x000033b4       0x10 C:/nxp/MCUXpressoIDE_25.6.136/ide/plugins/com.nxp.mcuxpresso.tools.win32_25.6.0.202501151204/tools/bin/../lib/gcc/arm-none-eabi/14.2.1/../../../../arm-none-eabi/lib/thumb/v7e-m+fp/hard\libcr_newlib_nohost.a(kill.o)
                0x000033b4                _kill
 .text._lseek   0x000033c4       0x10 C:/nxp/MCUXpressoIDE_25.6.136/ide/plugins/com.nxp.mcuxpresso.tools.win32_25.6.0.202501151204/tools/bin/../lib/gcc/arm-none-eabi/14.2.1/../../../../arm-none-eabi/lib/thumb/v7e-m+fp/hard\libcr_newlib_nohost.a(lseek.o)
                0x000033c4                _lseek
 .text._read    0x000033d4       0x10 C:/nxp/MCUXpressoIDE_25.6.136/ide/plugins/com.nxp.mcuxpresso.tools.win32_25.6.0.202501151204/tools/bin/../lib/gcc/arm-none-eabi/14.2.1/../../../../arm-none-eabi/lib/thumb/v7e-m+fp/hard\libcr_newlib_nohost.a(read.o)
                0x000033d4                _read
 .text._write   0x000033e4       0x10 C:/nxp/MCUXpressoIDE_25.6.136/ide/plugins/com.nxp.mcuxpresso.tools.win32_25.6.0.202501151204/tools/bin/../lib/gcc/arm-none-eabi/14.2.1/../../../../arm-none-eabi/lib/thumb/v7e-m+fp/hard\libcr_newlib_nohost.a(write.o)
                0x000033e4                _write
 .text.__check_heap_overflow
                0x000033f4       0x18 C:/nxp/MCUXpressoIDE_25.6.136/ide/plugins/com.nxp.mcuxpresso.tools.win32_25.6.0.202501151204/tools/bin/../lib/gcc/arm-none-eabi/14.2.1/../../../../arm-none-eabi/lib/thumb/v7e-m+fp/hard\libcr_newlib_nohost.a(_cr_check_heap.o)
                0x000033f4                __check_heap_overflow
 .text.DMA0_IRQHandler
                0x0000340c        0x8 ./startup/startup_mk22f51212.o
                0x0000340c                DMA0_IRQHandler
 .text.DMA1_IRQHandler
                0x00003414        0x8 ./startup/startup_mk22f51212.o
                0x00003414                DMA1_IRQHandler
 .text.DMA2_IRQHandler
                0x0000341c        0x8 ./startup/startup_mk22f51212.o
                0x0000341c                DMA2_IRQHandler
 .text.DMA3_IRQHandler
                0x00003424        0x8 ./startup/startup_mk22f51212.o
                0x00003424                DMA3_IRQHandler
 .text.DMA4_IRQHandler
                0x0000342c        0x8 ./startup/startup_mk22f51212.o
                0x0000342c                DMA4_IRQHandler
 .text.DMA5_IRQHandler
                0x00003434        0x8 ./startup/startup_mk22f51212.o
                0x00003434                DMA5_IRQHandler
 .text.DMA6_IRQHandler
                0x0000343c        0x8 ./startup/startup_mk22f51212.o
                0x0000343c                DMA6_IRQHandler
 .text.DMA7_IRQHandler
                0x00003444        0x8 ./startup/startup_mk22f51212.o
                0x00003444                DMA7_IRQHandler
 .text.DMA8_IRQHandler
                0x0000344c        0x8 ./startup/startup_mk22f51212.o
                0x0000344c                DMA8_IRQHandler
 .text.DMA9_IRQHandler
                0x00003454        0x8 ./startup/startup_mk22f51212.o
                0x00003454                DMA9_IRQHandler
 .text.DMA10_IRQHandler
                0x0000345c        0x8 ./startup/startup_mk22f51212.o
                0x0000345c                DMA10_IRQHandler
 .text.DMA11_IRQHandler
                0x00003464        0x8 ./startup/startup_mk22f51212.o
                0x00003464                DMA11_IRQHandler
 .text.DMA12_IRQHandler
                0x0000346c        0x8 ./startup/startup_mk22f51212.o
                0x0000346c                DMA12_IRQHandler
 .text.DMA13_IRQHandler
                0x00003474        0x8 ./startup/startup_mk22f51212.o
                0x00003474                DMA13_IRQHandler
 .text.DMA14_IRQHandler
                0x0000347c        0x8 ./startup/startup_mk22f51212.o
                0x0000347c                DMA14_IRQHandler
 .text.DMA15_IRQHandler
                0x00003484        0x8 ./startup/startup_mk22f51212.o
                0x00003484                DMA15_IRQHandler
 .text.DMA_Error_IRQHandler
                0x0000348c        0x8 ./startup/startup_mk22f51212.o
                0x0000348c                DMA_Error_IRQHandler
 .text.MCM_IRQHandler
                0x00003494        0x8 ./startup/startup_mk22f51212.o
                0x00003494                MCM_IRQHandler
 .text.FTF_IRQHandler
                0x0000349c        0x8 ./startup/startup_mk22f51212.o
                0x0000349c                FTF_IRQHandler
 .text.Read_Collision_IRQHandler
                0x000034a4        0x8 ./startup/startup_mk22f51212.o
                0x000034a4                Read_Collision_IRQHandler
 .text.LVD_LVW_IRQHandler
                0x000034ac        0x8 ./startup/startup_mk22f51212.o
                0x000034ac                LVD_LVW_IRQHandler
 .text.LLWU_IRQHandler
                0x000034b4        0x8 ./startup/startup_mk22f51212.o
                0x000034b4                LLWU_IRQHandler
 .text.WDOG_EWM_IRQHandler
                0x000034bc        0x8 ./startup/startup_mk22f51212.o
                0x000034bc                WDOG_EWM_IRQHandler
 .text.RNG_IRQHandler
                0x000034c4        0x8 ./startup/startup_mk22f51212.o
                0x000034c4                RNG_IRQHandler
 .text.I2C0_IRQHandler
                0x000034cc        0x8 ./startup/startup_mk22f51212.o
                0x000034cc                I2C0_IRQHandler
 .text.I2C1_IRQHandler
                0x000034d4        0x8 ./startup/startup_mk22f51212.o
                0x000034d4                I2C1_IRQHandler
 .text.SPI0_IRQHandler
                0x000034dc        0x8 ./startup/startup_mk22f51212.o
                0x000034dc                SPI0_IRQHandler
 .text.SPI1_IRQHandler
                0x000034e4        0x8 ./startup/startup_mk22f51212.o
                0x000034e4                SPI1_IRQHandler
 .text.I2S0_Tx_IRQHandler
                0x000034ec        0x8 ./startup/startup_mk22f51212.o
                0x000034ec                I2S0_Tx_IRQHandler
 .text.I2S0_Rx_IRQHandler
                0x000034f4        0x8 ./startup/startup_mk22f51212.o
                0x000034f4                I2S0_Rx_IRQHandler
 .text.LPUART0_IRQHandler
                0x000034fc        0x8 ./startup/startup_mk22f51212.o
                0x000034fc                LPUART0_IRQHandler
 .text.UART0_RX_TX_IRQHandler
                0x00003504        0x8 ./startup/startup_mk22f51212.o
                0x00003504                UART0_RX_TX_IRQHandler
 .text.UART0_ERR_IRQHandler
                0x0000350c        0x8 ./startup/startup_mk22f51212.o
                0x0000350c                UART0_ERR_IRQHandler
 .text.UART1_RX_TX_IRQHandler
                0x00003514        0x8 ./startup/startup_mk22f51212.o
                0x00003514                UART1_RX_TX_IRQHandler
 .text.UART1_ERR_IRQHandler
                0x0000351c        0x8 ./startup/startup_mk22f51212.o
                0x0000351c                UART1_ERR_IRQHandler
 .text.Reserved53_IRQHandler
                0x00003524        0x8 ./startup/startup_mk22f51212.o
                0x00003524                Reserved53_IRQHandler
 .text.Reserved54_IRQHandler
                0x0000352c        0x8 ./startup/startup_mk22f51212.o
                0x0000352c                Reserved54_IRQHandler
 .text.ADC0_IRQHandler
                0x00003534        0x8 ./startup/startup_mk22f51212.o
                0x00003534                ADC0_IRQHandler
 .text.CMP0_IRQHandler
                0x0000353c        0x8 ./startup/startup_mk22f51212.o
                0x0000353c                CMP0_IRQHandler
 .text.CMP1_IRQHandler
                0x00003544        0x8 ./startup/startup_mk22f51212.o
                0x00003544                CMP1_IRQHandler
 .text.FTM1_IRQHandler
                0x0000354c        0x8 ./startup/startup_mk22f51212.o
                0x0000354c                FTM1_IRQHandler
 .text.FTM2_IRQHandler
                0x00003554        0x8 ./startup/startup_mk22f51212.o
                0x00003554                FTM2_IRQHandler
 .text.Reserved61_IRQHandler
                0x0000355c        0x8 ./startup/startup_mk22f51212.o
                0x0000355c                Reserved61_IRQHandler
 .text.RTC_IRQHandler
                0x00003564        0x8 ./startup/startup_mk22f51212.o
                0x00003564                RTC_IRQHandler
 .text.RTC_Seconds_IRQHandler
                0x0000356c        0x8 ./startup/startup_mk22f51212.o
                0x0000356c                RTC_Seconds_IRQHandler
 .text.PIT0_IRQHandler
                0x00003574        0x8 ./startup/startup_mk22f51212.o
                0x00003574                PIT0_IRQHandler
 .text.PIT1_IRQHandler
                0x0000357c        0x8 ./startup/startup_mk22f51212.o
                0x0000357c                PIT1_IRQHandler
 .text.PIT2_IRQHandler
                0x00003584        0x8 ./startup/startup_mk22f51212.o
                0x00003584                PIT2_IRQHandler
 .text.PIT3_IRQHandler
                0x0000358c        0x8 ./startup/startup_mk22f51212.o
                0x0000358c                PIT3_IRQHandler
 .text.PDB0_IRQHandler
                0x00003594        0x8 ./startup/startup_mk22f51212.o
                0x00003594                PDB0_IRQHandler
 .text.USB0_IRQHandler
                0x0000359c        0x8 ./startup/startup_mk22f51212.o
                0x0000359c                USB0_IRQHandler
 .text.Reserved70_IRQHandler
                0x000035a4        0x8 ./startup/startup_mk22f51212.o
                0x000035a4                Reserved70_IRQHandler
 .text.Reserved71_IRQHandler
                0x000035ac        0x8 ./startup/startup_mk22f51212.o
                0x000035ac                Reserved71_IRQHandler
 .text.DAC0_IRQHandler
                0x000035b4        0x8 ./startup/startup_mk22f51212.o
                0x000035b4                DAC0_IRQHandler
 .text.MCG_IRQHandler
                0x000035bc        0x8 ./startup/startup_mk22f51212.o
                0x000035bc                MCG_IRQHandler
 .text.LPTMR0_IRQHandler
                0x000035c4        0x8 ./startup/startup_mk22f51212.o
                0x000035c4                LPTMR0_IRQHandler
 .text.PORTA_IRQHandler
                0x000035cc        0x8 ./startup/startup_mk22f51212.o
                0x000035cc                PORTA_IRQHandler
 .text.PORTB_IRQHandler
                0x000035d4        0x8 ./startup/startup_mk22f51212.o
                0x000035d4                PORTB_IRQHandler
 .text.PORTC_IRQHandler
                0x000035dc        0x8 ./startup/startup_mk22f51212.o
                0x000035dc                PORTC_IRQHandler
 .text.PORTD_IRQHandler
                0x000035e4        0x8 ./startup/startup_mk22f51212.o
                0x000035e4                PORTD_IRQHandler
 .text.PORTE_IRQHandler
                0x000035ec        0x8 ./startup/startup_mk22f51212.o
                0x000035ec                PORTE_IRQHandler
 .text.SWI_IRQHandler
                0x000035f4        0x8 ./startup/startup_mk22f51212.o
                0x000035f4                SWI_IRQHandler
 .text.Reserved81_IRQHandler
                0x000035fc        0x8 ./startup/startup_mk22f51212.o
                0x000035fc                Reserved81_IRQHandler
 .text.Reserved82_IRQHandler
                0x00003604        0x8 ./startup/startup_mk22f51212.o
                0x00003604                Reserved82_IRQHandler
 .text.Reserved83_IRQHandler
                0x0000360c        0x8 ./startup/startup_mk22f51212.o
                0x0000360c                Reserved83_IRQHandler
 .text.Reserved84_IRQHandler
                0x00003614        0x8 ./startup/startup_mk22f51212.o
                0x00003614                Reserved84_IRQHandler
 .text.Reserved85_IRQHandler
                0x0000361c        0x8 ./startup/startup_mk22f51212.o
                0x0000361c                Reserved85_IRQHandler
 .text.Reserved86_IRQHandler
                0x00003624        0x8 ./startup/startup_mk22f51212.o
                0x00003624                Reserved86_IRQHandler
 .text.FTM3_IRQHandler
                0x0000362c        0x8 ./startup/startup_mk22f51212.o
                0x0000362c                FTM3_IRQHandler
 .text.DAC1_IRQHandler
                0x00003634        0x8 ./startup/startup_mk22f51212.o
                0x00003634                DAC1_IRQHandler
 .text.ADC1_IRQHandler
                0x0000363c        0x8 ./startup/startup_mk22f51212.o
                0x0000363c                ADC1_IRQHandler
 .text.systemPostInit
                0x00003644       0x14 ./startup/system.o
                0x00003644                systemPostInit
 .text.HardFault_Handler
                0x00003658       0x1a ./startup/system.o
                0x00003658                HardFault_Handler
 .text.Default_Handler_FTM0
                0x00003672       0x10 ./source/utils/ftm0.o
                0x00003672                FTM0CH7_IRQHandler
                0x00003672                Default_Handler_FTM0
                0x00003672                FTM0CH6_IRQHandler
                0x00003672                FTM0CH3_IRQHandler
                0x00003672                FTM0CH5_IRQHandler
 .text.ftm0StartIRQ
                0x00003682       0x16 ./source/utils/ftm0.o
                0x00003682                ftm0StartIRQ
 .text.moveRotation
                0x00003698       0x16 ./source/control/motor/motor.o
                0x00003698                moveRotation
 .text.controlInit
                0x000036ae       0x10 ./source/control/control.o
                0x000036ae                controlInit
 .text.termWrite
                0x000036be       0x30 ./source/com/term.o
                0x000036be                termWrite
 .text.termWriteLine
                0x000036ee       0x1c ./source/com/term.o
                0x000036ee                termWriteLine
 .text.termWriteSubString
                0x0000370a       0x3c ./source/com/term.o
                0x0000370a                termWriteSubString
 .text.NVIC_DisableIRQEx
                0x00003746       0x24 ./source/com/uart2.o
 .text.uart2ReadLine
                0x0000376a       0x4c ./source/com/uart2.o
                0x0000376a                uart2ReadLine
 .text.main     0x000037b6       0x1a ./source/main.o
                0x000037b6                main
 .text.OSC_SetExtRefClkConfig
                0x000037d0       0x40 ./drivers/fsl_clock.o
 .text.OSC_SetCapLoad
                0x00003810       0x34 ./drivers/fsl_clock.o
 .text.DSPI_IsMaster
                0x00003844       0x26 ./drivers/fsl_dspi.o
 .text.SMC_SetPowerModeHsrun
                0x0000386a       0x32 ./drivers/fsl_smc.o
                0x0000386a                SMC_SetPowerModeHsrun
 .text.UART0_RX_TX_DriverIRQHandler
                0x0000389c       0x12 ./drivers/fsl_uart.o
                0x0000389c                UART0_RX_TX_DriverIRQHandler
 .text.UART1_RX_TX_DriverIRQHandler
                0x000038ae       0x12 ./drivers/fsl_uart.o
                0x000038ae                UART1_RX_TX_DriverIRQHandler
 .text.SMC_SetPowerModeProtection
                0x000038c0       0x1e ./board/clock_config.o
 .text.SMC_GetPowerModeState
                0x000038de       0x1a ./board/clock_config.o
 .text.BOARD_InitBootClocks
                0x000038f8        0xc ./board/clock_config.o
                0x000038f8                BOARD_InitBootClocks
 .text.BOARD_InitBootPeripherals
                0x00003904        0xe ./board/peripherals.o
                0x00003904                BOARD_InitBootPeripherals
 .text.BOARD_InitBootPins
                0x00003912        0xe ./board/pin_mux.o
                0x00003912                BOARD_InitBootPins
 .text.__sfputc_r
                0x00003920       0x2e C:/nxp/MCUXpressoIDE_25.6.136/ide/plugins/com.nxp.mcuxpresso.tools.win32_25.6.0.202501151204/tools/bin/../lib/gcc/arm-none-eabi/14.2.1/thumb/v7e-m+fp/hard\libc_nano.a(libc_a-nano-vfprintf.o)
 .text.__sfputs_r
                0x0000394e       0x24 C:/nxp/MCUXpressoIDE_25.6.136/ide/plugins/com.nxp.mcuxpresso.tools.win32_25.6.0.202501151204/tools/bin/../lib/gcc/arm-none-eabi/14.2.1/thumb/v7e-m+fp/hard\libc_nano.a(libc_a-nano-vfprintf.o)
                0x0000394e                __sfputs_r
 .text._printf_common
                0x00003972       0xda C:/nxp/MCUXpressoIDE_25.6.136/ide/plugins/com.nxp.mcuxpresso.tools.win32_25.6.0.202501151204/tools/bin/../lib/gcc/arm-none-eabi/14.2.1/thumb/v7e-m+fp/hard\libc_nano.a(libc_a-nano-vfprintf_i.o)
                0x00003972                _printf_common
 .text._fwalk_sglue
                0x00003a4c       0x3c C:/nxp/MCUXpressoIDE_25.6.136/ide/plugins/com.nxp.mcuxpresso.tools.win32_25.6.0.202501151204/tools/bin/../lib/gcc/arm-none-eabi/14.2.1/thumb/v7e-m+fp/hard\libc_nano.a(libc_a-fwalk.o)
                0x00003a4c                _fwalk_sglue
 .text.__sread  0x00003a88       0x22 C:/nxp/MCUXpressoIDE_25.6.136/ide/plugins/com.nxp.mcuxpresso.tools.win32_25.6.0.202501151204/tools/bin/../lib/gcc/arm-none-eabi/14.2.1/thumb/v7e-m+fp/hard\libc_nano.a(libc_a-stdio.o)
                0x00003a88                __sread
 .text.__swrite
                0x00003aaa       0x38 C:/nxp/MCUXpressoIDE_25.6.136/ide/plugins/com.nxp.mcuxpresso.tools.win32_25.6.0.202501151204/tools/bin/../lib/gcc/arm-none-eabi/14.2.1/thumb/v7e-m+fp/hard\libc_nano.a(libc_a-stdio.o)
                0x00003aaa                __swrite
 .text.__sseek  0x00003ae2       0x26 C:/nxp/MCUXpressoIDE_25.6.136/ide/plugins/com.nxp.mcuxpresso.tools.win32_25.6.0.202501151204/tools/bin/../lib/gcc/arm-none-eabi/14.2.1/thumb/v7e-m+fp/hard\libc_nano.a(libc_a-stdio.o)
                0x00003ae2                __sseek
 .text.__sclose
                0x00003b08        0x8 C:/nxp/MCUXpressoIDE_25.6.136/ide/plugins/com.nxp.mcuxpresso.tools.win32_25.6.0.202501151204/tools/bin/../lib/gcc/arm-none-eabi/14.2.1/thumb/v7e-m+fp/hard\libc_nano.a(libc_a-stdio.o)
                0x00003b08                __sclose
 .text.__swbuf_r
                0x00003b10       0x7c C:/nxp/MCUXpressoIDE_25.6.136/ide/plugins/com.nxp.mcuxpresso.tools.win32_25.6.0.202501151204/tools/bin/../lib/gcc/arm-none-eabi/14.2.1/thumb/v7e-m+fp/hard\libc_nano.a(libc_a-wbuf.o)
                0x00003b10                __swbuf_r
 .text.memset   0x00003b8c       0x10 C:/nxp/MCUXpressoIDE_25.6.136/ide/plugins/com.nxp.mcuxpresso.tools.win32_25.6.0.202501151204/tools/bin/../lib/gcc/arm-none-eabi/14.2.1/thumb/v7e-m+fp/hard\libc_nano.a(libc_a-memset.o)
                0x00003b8c                memset
 .text.strcat   0x00003b9c       0x1e C:/nxp/MCUXpressoIDE_25.6.136/ide/plugins/com.nxp.mcuxpresso.tools.win32_25.6.0.202501151204/tools/bin/../lib/gcc/arm-none-eabi/14.2.1/thumb/v7e-m+fp/hard\libc_nano.a(libc_a-strcat.o)
                0x00003b9c                strcat
 .text.strncmp  0x00003bba       0x24 C:/nxp/MCUXpressoIDE_25.6.136/ide/plugins/com.nxp.mcuxpresso.tools.win32_25.6.0.202501151204/tools/bin/../lib/gcc/arm-none-eabi/14.2.1/thumb/v7e-m+fp/hard\libc_nano.a(libc_a-strncmp.o)
                0x00003bba                strncmp
 .text.strncpy  0x00003bde       0x26 C:/nxp/MCUXpressoIDE_25.6.136/ide/plugins/com.nxp.mcuxpresso.tools.win32_25.6.0.202501151204/tools/bin/../lib/gcc/arm-none-eabi/14.2.1/thumb/v7e-m+fp/hard\libc_nano.a(libc_a-strncpy.o)
                0x00003bde                strncpy
 .text.__retarget_lock_init_recursive
                0x00003c04        0x2 C:/nxp/MCUXpressoIDE_25.6.136/ide/plugins/com.nxp.mcuxpresso.tools.win32_25.6.0.202501151204/tools/bin/../lib/gcc/arm-none-eabi/14.2.1/thumb/v7e-m+fp/hard\libc_nano.a(libc_a-lock.o)
                0x00003c04                __retarget_lock_init_recursive
 .text.__retarget_lock_acquire_recursive
                0x00003c06        0x2 C:/nxp/MCUXpressoIDE_25.6.136/ide/plugins/com.nxp.mcuxpresso.tools.win32_25.6.0.202501151204/tools/bin/../lib/gcc/arm-none-eabi/14.2.1/thumb/v7e-m+fp/hard\libc_nano.a(libc_a-lock.o)
                0x00003c06                __retarget_lock_acquire_recursive
 .text.__retarget_lock_release_recursive
                0x00003c08        0x2 C:/nxp/MCUXpressoIDE_25.6.136/ide/plugins/com.nxp.mcuxpresso.tools.win32_25.6.0.202501151204/tools/bin/../lib/gcc/arm-none-eabi/14.2.1/thumb/v7e-m+fp/hard\libc_nano.a(libc_a-lock.o)
                0x00003c08                __retarget_lock_release_recursive
 .text          0x00003c0a       0x14 C:/nxp/MCUXpressoIDE_25.6.136/ide/plugins/com.nxp.mcuxpresso.tools.win32_25.6.0.202501151204/tools/bin/../lib/gcc/arm-none-eabi/14.2.1/thumb/v7e-m+fp/hard\libc_nano.a(libc_a-strcmp.o)
                0x00003c0a                strcmp
 .text          0x00003c1e       0x10 C:/nxp/MCUXpressoIDE_25.6.136/ide/plugins/com.nxp.mcuxpresso.tools.win32_25.6.0.202501151204/tools/bin/../lib/gcc/arm-none-eabi/14.2.1/thumb/v7e-m+fp/hard\libc_nano.a(libc_a-strlen.o)
                0x00003c1e                strlen
 .text.abort    0x00003c2e        0xe C:/nxp/MCUXpressoIDE_25.6.136/ide/plugins/com.nxp.mcuxpresso.tools.win32_25.6.0.202501151204/tools/bin/../lib/gcc/arm-none-eabi/14.2.1/thumb/v7e-m+fp/hard\libc_nano.a(libc_a-abort.o)
                0x00003c2e                abort
 .text._fflush_r
                0x00003c3c       0x50 C:/nxp/MCUXpressoIDE_25.6.136/ide/plugins/com.nxp.mcuxpresso.tools.win32_25.6.0.202501151204/tools/bin/../lib/gcc/arm-none-eabi/14.2.1/thumb/v7e-m+fp/hard\libc_nano.a(libc_a-fflush.o)
                0x00003c3c                _fflush_r
 .text.__swhatbuf_r
                0x00003c8c       0x48 C:/nxp/MCUXpressoIDE_25.6.136/ide/plugins/com.nxp.mcuxpresso.tools.win32_25.6.0.202501151204/tools/bin/../lib/gcc/arm-none-eabi/14.2.1/thumb/v7e-m+fp/hard\libc_nano.a(libc_a-makebuf.o)
                0x00003c8c                __swhatbuf_r
 .text.__smakebuf_r
                0x00003cd4       0x72 C:/nxp/MCUXpressoIDE_25.6.136/ide/plugins/com.nxp.mcuxpresso.tools.win32_25.6.0.202501151204/tools/bin/../lib/gcc/arm-none-eabi/14.2.1/thumb/v7e-m+fp/hard\libc_nano.a(libc_a-makebuf.o)
                0x00003cd4                __smakebuf_r
 .text._raise_r
                0x00003d46       0x50 C:/nxp/MCUXpressoIDE_25.6.136/ide/plugins/com.nxp.mcuxpresso.tools.win32_25.6.0.202501151204/tools/bin/../lib/gcc/arm-none-eabi/14.2.1/thumb/v7e-m+fp/hard\libc_nano.a(libc_a-signal.o)
                0x00003d46                _raise_r
 .text._getpid_r
                0x00003d96        0x4 C:/nxp/MCUXpressoIDE_25.6.136/ide/plugins/com.nxp.mcuxpresso.tools.win32_25.6.0.202501151204/tools/bin/../lib/gcc/arm-none-eabi/14.2.1/thumb/v7e-m+fp/hard\libc_nano.a(libc_a-signalr.o)
                0x00003d96                _getpid_r
 .text._exit    0x00003d9a        0x2 C:/nxp/MCUXpressoIDE_25.6.136/ide/plugins/com.nxp.mcuxpresso.tools.win32_25.6.0.202501151204/tools/bin/../lib/gcc/arm-none-eabi/14.2.1/../../../../arm-none-eabi/lib/thumb/v7e-m+fp/hard\libcr_newlib_nohost.a(_exit.o)
                0x00003d9a                _exit
 *(SORT_BY_ALIGNMENT(.rodata) SORT_BY_ALIGNMENT(.rodata.*) SORT_BY_ALIGNMENT(.constdata) SORT_BY_ALIGNMENT(.constdata.*))
 .rodata.str1.4
                0x00003d9c      0x1d8 ./source/utils/debug.o
                                 0x2e (size before relaxing)
 .rodata.logif.str1.4
                0x00003f74        0xf ./source/utils/wait.o
 .rodata.waitMs.str1.4
                0x00003f74       0x1f ./source/utils/wait.o
 .rodata.__func__.0
                0x00003f74        0x7 ./source/utils/wait.o
 .rodata.termRegisterCommandLineHandler.str1.4
                0x00003f7b        0x2 ./source/com/term.o
 .rodata.termParseCommand.str1.4
                0x00003f7b       0x9c ./source/com/term.o
 .rodata.termInit.str1.4
                0x00003f7b       0x15 ./source/com/term.o
 .rodata.startHandler.str1.4
                0x00003f7b        0xa ./source/com/term.o
 .rodata.commandInit.str1.4
                0x00003f7b       0x16 ./source/com/term.o
 .rodata.CLOCK_GetMcgExtClkFreq.str1.4
                0x00003f7b       0x33 ./drivers/fsl_clock.o
 .rodata.CLOCK_EnablePll0.str1.4
                0x00003f7b        0x7 ./drivers/fsl_clock.o
 *fill*         0x00003f7b        0x1 ff
 .rodata.__func__.4
                0x00003f7c       0x11 ./drivers/fsl_clock.o
 *fill*         0x00003f8d        0x3 ff
 .rodata.__func__.2
                0x00003f90       0x11 ./drivers/fsl_clock.o
 *fill*         0x00003fa1        0x3 ff
 .rodata.__func__.1
                0x00003fa4       0x14 ./drivers/fsl_clock.o
 .rodata.DSPI_GetInstance.str1.4
                0x00003fb8       0x2f ./drivers/fsl_dspi.o
 .rodata.SPI0_DriverIRQHandler.str1.4
                0x00003fb8       0x18 ./drivers/fsl_dspi.o
 .rodata.SPI1_DriverIRQHandler.str1.4
                0x00003fb8       0x18 ./drivers/fsl_dspi.o
 .rodata.__func__.1
                0x00003fb8       0x16 ./drivers/fsl_dspi.o
 *fill*         0x00003fce        0x2 ff
 .rodata.__func__.0
                0x00003fd0       0x16 ./drivers/fsl_dspi.o
 *fill*         0x00003fe6        0x2 ff
 .rodata.mcgConfig_BOARD_BootClockRUN
                0x00003fe8        0xb ./board/clock_config.o
                0x00003fe8                mcgConfig_BOARD_BootClockRUN
 *fill*         0x00003ff3        0x1 ff
 .rodata.simConfig_BOARD_BootClockRUN
                0x00003ff4        0x8 ./board/clock_config.o
                0x00003ff4                simConfig_BOARD_BootClockRUN
 .rodata.oscConfig_BOARD_BootClockRUN
                0x00003ffc        0x8 ./board/clock_config.o
                0x00003ffc                oscConfig_BOARD_BootClockRUN
 .rodata.__assert_func.str1.1
                0x00004004       0x6f C:/nxp/MCUXpressoIDE_25.6.136/ide/plugins/com.nxp.mcuxpresso.tools.win32_25.6.0.202501151204/tools/bin/../lib/gcc/arm-none-eabi/14.2.1/thumb/v7e-m+fp/hard\libc_nano.a(libc_a-assert.o)
                                 0x3d (size before relaxing)
 .rodata._ctype_
                0x00004073      0x101 C:/nxp/MCUXpressoIDE_25.6.136/ide/plugins/com.nxp.mcuxpresso.tools.win32_25.6.0.202501151204/tools/bin/../lib/gcc/arm-none-eabi/14.2.1/thumb/v7e-m+fp/hard\libc_nano.a(libc_a-ctype_.o)
                0x00004073                _ctype_
 .rodata._vfprintf_r.str1.1
                0x00004174       0x11 C:/nxp/MCUXpressoIDE_25.6.136/ide/plugins/com.nxp.mcuxpresso.tools.win32_25.6.0.202501151204/tools/bin/../lib/gcc/arm-none-eabi/14.2.1/thumb/v7e-m+fp/hard\libc_nano.a(libc_a-nano-vfprintf.o)
 .rodata._printf_i.str1.1
                0x00004174       0x22 C:/nxp/MCUXpressoIDE_25.6.136/ide/plugins/com.nxp.mcuxpresso.tools.win32_25.6.0.202501151204/tools/bin/../lib/gcc/arm-none-eabi/14.2.1/thumb/v7e-m+fp/hard\libc_nano.a(libc_a-nano-vfprintf_i.o)
                0x00004198                        . = ALIGN (0x4)

.glue_7         0x00004174        0x0
 .glue_7        0x00004174        0x0 linker stubs

.glue_7t        0x00004174        0x0
 .glue_7t       0x00004174        0x0 linker stubs

.vfp11_veneer   0x00004174        0x0
 .vfp11_veneer  0x00004174        0x0 linker stubs

.v4_bx          0x00004174        0x0
 .v4_bx         0x00004174        0x0 linker stubs

.iplt           0x00004174        0x0
 .iplt          0x00004174        0x0 ./startup/startup_mk22f51212.o

.ARM.extab
 *(SORT_BY_ALIGNMENT(.ARM.extab*) SORT_BY_ALIGNMENT(.gnu.linkonce.armextab.*))

.ARM.exidx      0x00004174        0x8
                0x00004174                        __exidx_start = .
 *(SORT_BY_ALIGNMENT(.ARM.exidx*) SORT_BY_ALIGNMENT(.gnu.linkonce.armexidx.*))
 .ARM.exidx     0x00004174        0x8 C:/nxp/MCUXpressoIDE_25.6.136/ide/plugins/com.nxp.mcuxpresso.tools.win32_25.6.0.202501151204/tools/bin/../lib/gcc/arm-none-eabi/14.2.1/thumb/v7e-m+fp/hard\libc_nano.a(libc_a-memchr.o)
 .ARM.exidx     0x0000417c        0x0 C:/nxp/MCUXpressoIDE_25.6.136/ide/plugins/com.nxp.mcuxpresso.tools.win32_25.6.0.202501151204/tools/bin/../lib/gcc/arm-none-eabi/14.2.1/thumb/v7e-m+fp/hard\libc_nano.a(libc_a-strcmp.o)
                                  0x8 (size before relaxing)
 .ARM.exidx     0x0000417c        0x0 C:/nxp/MCUXpressoIDE_25.6.136/ide/plugins/com.nxp.mcuxpresso.tools.win32_25.6.0.202501151204/tools/bin/../lib/gcc/arm-none-eabi/14.2.1/thumb/v7e-m+fp/hard\libc_nano.a(libc_a-strlen.o)
                                  0x8 (size before relaxing)
                0x0000417c                        __exidx_end = .
                0x0000417c                        _etext = .

.rel.dyn        0x0000417c        0x0
 .rel.iplt      0x0000417c        0x0 ./startup/startup_mk22f51212.o

.data_RAM2      0x1fff0000        0x0 load address 0x0000417c
 FILL mask 0xff
                [!provide]                        PROVIDE (__start_data_RAM2 = .)
                [!provide]                        PROVIDE (__start_data_SRAM_LOWER = .)
 *(SORT_BY_ALIGNMENT(.ramfunc.$RAM2))
 *(SORT_BY_ALIGNMENT(.ramfunc.$SRAM_LOWER))
 *(SORT_BY_ALIGNMENT(.data.$RAM2))
 *(SORT_BY_ALIGNMENT(.data.$SRAM_LOWER))
 *(SORT_BY_ALIGNMENT(.data.$RAM2.*))
 *(SORT_BY_ALIGNMENT(.data.$SRAM_LOWER.*))
                0x1fff0000                        . = ALIGN (0x4)
                [!provide]                        PROVIDE (__end_data_RAM2 = .)
                [!provide]                        PROVIDE (__end_data_SRAM_LOWER = .)

.uninit_RESERVED
                0x20000000        0x0
                0x20000000                        _start_uninit_RESERVED = .
 *(SORT_BY_ALIGNMENT(.bss.$RESERVED*))
                0x20000000                        . = ALIGN (0x4)
                0x20000000                        _end_uninit_RESERVED = .

.data           0x20000000       0x78 load address 0x0000417c
 FILL mask 0xff
                0x20000000                        _data = .
                [!provide]                        PROVIDE (__start_data_RAM = .)
                [!provide]                        PROVIDE (__start_data_SRAM_UPPER = .)
 *(SORT_BY_ALIGNMENT(vtable))
 *(SORT_BY_ALIGNMENT(.ramfunc*))
 *(SORT_BY_ALIGNMENT(CodeQuickAccess))
 *(SORT_BY_ALIGNMENT(DataQuickAccess))
 *(SORT_BY_ALIGNMENT(RamFunction))
 *(SORT_BY_ALIGNMENT(.data*))
 .data.loglevels
                0x20000000       0x18 ./source/utils/debug.o
                0x20000000                loglevels
 .data.SystemCoreClock
                0x20000018        0x4 ./device/system_MK22F51212.o
                0x20000018                SystemCoreClock
 .data.__sglue  0x2000001c        0xc C:/nxp/MCUXpressoIDE_25.6.136/ide/plugins/com.nxp.mcuxpresso.tools.win32_25.6.0.202501151204/tools/bin/../lib/gcc/arm-none-eabi/14.2.1/thumb/v7e-m+fp/hard\libc_nano.a(libc_a-findfp.o)
                0x2000001c                __sglue
 .data._impure_ptr
                0x20000028        0x4 C:/nxp/MCUXpressoIDE_25.6.136/ide/plugins/com.nxp.mcuxpresso.tools.win32_25.6.0.202501151204/tools/bin/../lib/gcc/arm-none-eabi/14.2.1/thumb/v7e-m+fp/hard\libc_nano.a(libc_a-impure.o)
                0x20000028                _impure_ptr
 .data._impure_data
                0x2000002c       0x4c C:/nxp/MCUXpressoIDE_25.6.136/ide/plugins/com.nxp.mcuxpresso.tools.win32_25.6.0.202501151204/tools/bin/../lib/gcc/arm-none-eabi/14.2.1/thumb/v7e-m+fp/hard\libc_nano.a(libc_a-impure.o)
                0x2000002c                _impure_data
                0x20000078                        . = ALIGN (0x4)
                0x20000078                        _edata = .
                [!provide]                        PROVIDE (__end_data_RAM = .)
                [!provide]                        PROVIDE (__end_data_SRAM_UPPER = .)

.igot.plt       0x20000078        0x0 load address 0x000041f4
 .igot.plt      0x20000078        0x0 ./startup/startup_mk22f51212.o

.bss_RAM2       0x1fff0000        0x0
                [!provide]                        PROVIDE (__start_bss_RAM2 = .)
                [!provide]                        PROVIDE (__start_bss_SRAM_LOWER = .)
 *(SORT_BY_ALIGNMENT(.bss.$RAM2))
 *(SORT_BY_ALIGNMENT(.bss.$SRAM_LOWER))
 *(SORT_BY_ALIGNMENT(.bss.$RAM2.*))
 *(SORT_BY_ALIGNMENT(.bss.$SRAM_LOWER.*))
                0x1fff0000                        . = ALIGN ((. != 0x0)?0x4:0x1)
                [!provide]                        PROVIDE (__end_bss_RAM2 = .)
                [!provide]                        PROVIDE (__end_bss_SRAM_LOWER = .)

.bss            0x20000078      0x634
                0x20000078                        _bss = .
                [!provide]                        PROVIDE (__start_bss_RAM = .)
                [!provide]                        PROVIDE (__start_bss_SRAM_UPPER = .)
 *(SORT_BY_ALIGNMENT(.bss*))
 .bss.stacked_r0.13
                0x20000078        0x4 ./startup/system.o
 .bss.stacked_r1.12
                0x2000007c        0x4 ./startup/system.o
 .bss.stacked_r2.11
                0x20000080        0x4 ./startup/system.o
 .bss.stacked_r3.10
                0x20000084        0x4 ./startup/system.o
 .bss.stacked_r12.9
                0x20000088        0x4 ./startup/system.o
 .bss.stacked_lr.8
                0x2000008c        0x4 ./startup/system.o
 .bss.stacked_pc.7
                0x20000090        0x4 ./startup/system.o
 .bss.stacked_psr.6
                0x20000094        0x4 ./startup/system.o
 .bss._CFSR.5   0x20000098        0x4 ./startup/system.o
 .bss._HFSR.4   0x2000009c        0x4 ./startup/system.o
 .bss._DFSR.3   0x200000a0        0x4 ./startup/system.o
 .bss._AFSR.2   0x200000a4        0x4 ./startup/system.o
 .bss._MMAR.1   0x200000a8        0x4 ./startup/system.o
 .bss._BFAR.0   0x200000ac        0x4 ./startup/system.o
 .bss.Motor1_Step_Curr
                0x200000b0        0x4 ./source/control/control.o
                0x200000b0                Motor1_Step_Curr
 .bss.Motor2_Step_Curr
                0x200000b4        0x4 ./source/control/control.o
                0x200000b4                Motor2_Step_Curr
 .bss.Motor3_Step_Curr
                0x200000b8        0x4 ./source/control/control.o
                0x200000b8                Motor3_Step_Curr
 .bss.Motor1_Step_Max
                0x200000bc        0x4 ./source/control/control.o
                0x200000bc                Motor1_Step_Max
 .bss.Motor2_Step_Max
                0x200000c0        0x4 ./source/control/control.o
                0x200000c0                Motor2_Step_Max
 .bss.Motor3_Step_Max
                0x200000c4        0x4 ./source/control/control.o
                0x200000c4                Motor3_Step_Max
 .bss.M1_Last_Step
                0x200000c8        0x4 ./source/control/control.o
                0x200000c8                M1_Last_Step
 .bss.M2_Last_Step
                0x200000cc        0x4 ./source/control/control.o
                0x200000cc                M2_Last_Step
 .bss.M3_Last_Step
                0x200000d0        0x4 ./source/control/control.o
                0x200000d0                M3_Last_Step
 .bss.start     0x200000d4       0x38 ./source/com/term.o
 .bss.head      0x2000010c        0x4 ./source/com/term.o
 .bss.rxBuf     0x20000110      0x200 ./source/com/uart2.o
 .bss.txBuf     0x20000310      0x200 ./source/com/uart2.o
 .bss.g_xtal0Freq
                0x20000510        0x4 ./drivers/fsl_clock.o
                0x20000510                g_xtal0Freq
 .bss.g_dspiHandle
                0x20000514        0x8 ./drivers/fsl_dspi.o
 .bss.s_dspiMasterIsr
                0x2000051c        0x4 ./drivers/fsl_dspi.o
 .bss.s_dspiSlaveIsr
                0x20000520        0x4 ./drivers/fsl_dspi.o
 .bss.s_i2cHandle
                0x20000524        0x8 ./drivers/fsl_i2c.o
 .bss.s_i2cMasterIsr
                0x2000052c        0x4 ./drivers/fsl_i2c.o
 .bss.s_i2cSlaveIsr
                0x20000530        0x4 ./drivers/fsl_i2c.o
 .bss.s_uartHandle
                0x20000534        0xc ./drivers/fsl_uart.o
                0x20000534                s_uartHandle
 .bss.s_uartIsr
                0x20000540        0x4 ./drivers/fsl_uart.o
                0x20000540                s_uartIsr
 .bss.__malloc_sbrk_start
                0x20000544        0x4 C:/nxp/MCUXpressoIDE_25.6.136/ide/plugins/com.nxp.mcuxpresso.tools.win32_25.6.0.202501151204/tools/bin/../lib/gcc/arm-none-eabi/14.2.1/thumb/v7e-m+fp/hard\libc_nano.a(libc_a-mallocr.o)
                0x20000544                __malloc_sbrk_start
 .bss.__malloc_free_list
                0x20000548        0x4 C:/nxp/MCUXpressoIDE_25.6.136/ide/plugins/com.nxp.mcuxpresso.tools.win32_25.6.0.202501151204/tools/bin/../lib/gcc/arm-none-eabi/14.2.1/thumb/v7e-m+fp/hard\libc_nano.a(libc_a-mallocr.o)
                0x20000548                __malloc_free_list
 .bss.__sf      0x2000054c      0x138 C:/nxp/MCUXpressoIDE_25.6.136/ide/plugins/com.nxp.mcuxpresso.tools.win32_25.6.0.202501151204/tools/bin/../lib/gcc/arm-none-eabi/14.2.1/thumb/v7e-m+fp/hard\libc_nano.a(libc_a-findfp.o)
                0x2000054c                __sf
 .bss.__stdio_exit_handler
                0x20000684        0x4 C:/nxp/MCUXpressoIDE_25.6.136/ide/plugins/com.nxp.mcuxpresso.tools.win32_25.6.0.202501151204/tools/bin/../lib/gcc/arm-none-eabi/14.2.1/thumb/v7e-m+fp/hard\libc_nano.a(libc_a-findfp.o)
                0x20000684                __stdio_exit_handler
 .bss.errno     0x20000688        0x4 C:/nxp/MCUXpressoIDE_25.6.136/ide/plugins/com.nxp.mcuxpresso.tools.win32_25.6.0.202501151204/tools/bin/../lib/gcc/arm-none-eabi/14.2.1/thumb/v7e-m+fp/hard\libc_nano.a(libc_a-reent.o)
                0x20000688                errno
 .bss.__end_of_heap
                0x2000068c        0x4 C:/nxp/MCUXpressoIDE_25.6.136/ide/plugins/com.nxp.mcuxpresso.tools.win32_25.6.0.202501151204/tools/bin/../lib/gcc/arm-none-eabi/14.2.1/../../../../arm-none-eabi/lib/thumb/v7e-m+fp/hard\libcr_newlib_nohost.a(_cr_sbrk.o)
                0x2000068c                __end_of_heap
 .bss.Motor1_Pause
                0x20000690        0x2 ./source/control/control.o
                0x20000690                Motor1_Pause
 .bss.Motor2_Pause
                0x20000692        0x2 ./source/control/control.o
                0x20000692                Motor2_Pause
 .bss.Motor3_Pause
                0x20000694        0x2 ./source/control/control.o
                0x20000694                Motor3_Pause
 .bss.rxBufCount
                0x20000696        0x2 ./source/com/uart2.o
 .bss.rxBufWritePos
                0x20000698        0x2 ./source/com/uart2.o
 .bss.rxBufReadPos
                0x2000069a        0x2 ./source/com/uart2.o
 .bss.txBufCount
                0x2000069c        0x2 ./source/com/uart2.o
 .bss.txBufWritePos
                0x2000069e        0x2 ./source/com/uart2.o
 .bss.txBufReadPos
                0x200006a0        0x2 ./source/com/uart2.o
 .bss.M1_Last_Dir
                0x200006a2        0x1 ./source/control/control.o
                0x200006a2                M1_Last_Dir
 .bss.M2_Last_Dir
                0x200006a3        0x1 ./source/control/control.o
                0x200006a3                M2_Last_Dir
 .bss.M3_Last_Dir
                0x200006a4        0x1 ./source/control/control.o
                0x200006a4                M3_Last_Dir
 .bss.M1_Step   0x200006a5        0x1 ./source/control/control.o
                0x200006a5                M1_Step
 .bss.M2_Step   0x200006a6        0x1 ./source/control/control.o
                0x200006a6                M2_Step
 .bss.M3_Step   0x200006a7        0x1 ./source/control/control.o
                0x200006a7                M3_Step
 .bss.destination
                0x200006a8        0x1 ./source/com/term.o
 .bss.__lock___malloc_recursive_mutex
                0x200006a9        0x1 C:/nxp/MCUXpressoIDE_25.6.136/ide/plugins/com.nxp.mcuxpresso.tools.win32_25.6.0.202501151204/tools/bin/../lib/gcc/arm-none-eabi/14.2.1/thumb/v7e-m+fp/hard\libc_nano.a(libc_a-lock.o)
                0x200006a9                __lock___malloc_recursive_mutex
 .bss.__lock___sfp_recursive_mutex
                0x200006aa        0x1 C:/nxp/MCUXpressoIDE_25.6.136/ide/plugins/com.nxp.mcuxpresso.tools.win32_25.6.0.202501151204/tools/bin/../lib/gcc/arm-none-eabi/14.2.1/thumb/v7e-m+fp/hard\libc_nano.a(libc_a-lock.o)
                0x200006aa                __lock___sfp_recursive_mutex
 *(SORT_BY_ALIGNMENT(COMMON))
                0x200006ac                        . = ALIGN (0x4)
 *fill*         0x200006ab        0x1 
                0x200006ac                        _ebss = .
                [!provide]                        PROVIDE (__end_bss_RAM = .)
                [!provide]                        PROVIDE (__end_bss_SRAM_UPPER = .)
                [!provide]                        PROVIDE (end = .)

.noinit_RAM2    0x1fff0000        0x0
                [!provide]                        PROVIDE (__start_noinit_RAM2 = .)
                [!provide]                        PROVIDE (__start_noinit_SRAM_LOWER = .)
 *(SORT_BY_ALIGNMENT(.noinit.$RAM2))
 *(SORT_BY_ALIGNMENT(.noinit.$SRAM_LOWER))
 *(SORT_BY_ALIGNMENT(.noinit.$RAM2.*))
 *(SORT_BY_ALIGNMENT(.noinit.$SRAM_LOWER.*))
                0x1fff0000                        . = ALIGN (0x4)
                [!provide]                        PROVIDE (__end_noinit_RAM2 = .)
                [!provide]                        PROVIDE (__end_noinit_SRAM_LOWER = .)

.noinit         0x200006ac        0x0
                0x200006ac                        _noinit = .
                [!provide]                        PROVIDE (__start_noinit_RAM = .)
                [!provide]                        PROVIDE (__start_noinit_SRAM_UPPER = .)
 *(SORT_BY_ALIGNMENT(.noinit*))
                0x200006ac                        . = ALIGN (0x4)
                0x200006ac                        _end_noinit = .
                [!provide]                        PROVIDE (__end_noinit_RAM = .)
                [!provide]                        PROVIDE (__end_noinit_SRAM_UPPER = .)
                0x00001000                        _HeapSize = 0x1000

.heap           0x200006ac     0x1000
                0x200006ac                        _pvHeapStart = .
                0x200016ac                        . = (. + _HeapSize)
 *fill*         0x200006ac     0x1000 
                0x200016ac                        . = ALIGN (0x4)
                0x200016ac                        _pvHeapLimit = .
                0x00001000                        _StackSize = 0x1000

.heap2stackfill
                0x200016ac     0x1000
                0x200026ac                        . = (. + _StackSize)
 *fill*         0x200016ac     0x1000 

.stack          0x2000f000        0x0
                0x2000f000                        _vStackBase = .
                0x2000f000                        . = ALIGN (0x4)
                0x20010000                        _vStackTop = (. + _StackSize)
                0x00000000                        _image_start = LOADADDR (.text)
                0x000041f4                        _image_end = (LOADADDR (.data) + SIZEOF (.data))
                0x000041f4                        _image_size = (_image_end - _image_start)
OUTPUT(PREN_Project.axf elf32-littlearm)
LOAD linker stubs

.debug_info     0x00000000    0x108f9
 .debug_info    0x00000000      0xbc0 ./startup/startup_mk22f51212.o
 .debug_info    0x00000bc0      0x573 ./startup/system.o
 .debug_info    0x00001133       0xba ./source/utils/debug.o
 .debug_info    0x000011ed      0xbdf ./source/utils/ftm0.o
 .debug_info    0x00001dcc      0x6a4 ./source/utils/util.o
 .debug_info    0x00002470      0xbcb ./source/utils/wait.o
 .debug_info    0x0000303b      0x5cd ./source/control/motor/motor.o
 .debug_info    0x00003608      0x31a ./source/control/control.o
 .debug_info    0x00003922      0x6d4 ./source/com/term.o
 .debug_info    0x00003ff6      0xeb8 ./source/com/uart2.o
 .debug_info    0x00004eae       0xe9 ./source/main.o
 .debug_info    0x00004f97     0x23ab ./drivers/fsl_clock.o
 .debug_info    0x00007342     0x294d ./drivers/fsl_dspi.o
 .debug_info    0x00009c8f     0x20f5 ./drivers/fsl_i2c.o
 .debug_info    0x0000bd84      0xc0c ./drivers/fsl_smc.o
 .debug_info    0x0000c990     0x21c7 ./drivers/fsl_uart.o
 .debug_info    0x0000eb57      0x65e ./device/system_MK22F51212.o
 .debug_info    0x0000f1b5      0xc65 ./board/clock_config.o
 .debug_info    0x0000fe1a       0x3c ./board/peripherals.o
 .debug_info    0x0000fe56       0x3c ./board/pin_mux.o
 .debug_info    0x0000fe92      0x13e C:/nxp/MCUXpressoIDE_25.6.136/ide/plugins/com.nxp.mcuxpresso.tools.win32_25.6.0.202501151204/tools/bin/../lib/gcc/arm-none-eabi/14.2.1/../../../../arm-none-eabi/lib/thumb/v7e-m+fp/hard\libcr_newlib_nohost.a(_cr_sbrk.o)
 .debug_info    0x0000ffd0       0xa3 C:/nxp/MCUXpressoIDE_25.6.136/ide/plugins/com.nxp.mcuxpresso.tools.win32_25.6.0.202501151204/tools/bin/../lib/gcc/arm-none-eabi/14.2.1/../../../../arm-none-eabi/lib/thumb/v7e-m+fp/hard\libcr_newlib_nohost.a(_exit.o)
 .debug_info    0x00010073       0xb1 C:/nxp/MCUXpressoIDE_25.6.136/ide/plugins/com.nxp.mcuxpresso.tools.win32_25.6.0.202501151204/tools/bin/../lib/gcc/arm-none-eabi/14.2.1/../../../../arm-none-eabi/lib/thumb/v7e-m+fp/hard\libcr_newlib_nohost.a(close.o)
 .debug_info    0x00010124      0x2cc C:/nxp/MCUXpressoIDE_25.6.136/ide/plugins/com.nxp.mcuxpresso.tools.win32_25.6.0.202501151204/tools/bin/../lib/gcc/arm-none-eabi/14.2.1/../../../../arm-none-eabi/lib/thumb/v7e-m+fp/hard\libcr_newlib_nohost.a(fstat.o)
 .debug_info    0x000103f0       0x9c C:/nxp/MCUXpressoIDE_25.6.136/ide/plugins/com.nxp.mcuxpresso.tools.win32_25.6.0.202501151204/tools/bin/../lib/gcc/arm-none-eabi/14.2.1/../../../../arm-none-eabi/lib/thumb/v7e-m+fp/hard\libcr_newlib_nohost.a(getpid.o)
 .debug_info    0x0001048c       0xb1 C:/nxp/MCUXpressoIDE_25.6.136/ide/plugins/com.nxp.mcuxpresso.tools.win32_25.6.0.202501151204/tools/bin/../lib/gcc/arm-none-eabi/14.2.1/../../../../arm-none-eabi/lib/thumb/v7e-m+fp/hard\libcr_newlib_nohost.a(isatty.o)
 .debug_info    0x0001053d       0xbf C:/nxp/MCUXpressoIDE_25.6.136/ide/plugins/com.nxp.mcuxpresso.tools.win32_25.6.0.202501151204/tools/bin/../lib/gcc/arm-none-eabi/14.2.1/../../../../arm-none-eabi/lib/thumb/v7e-m+fp/hard\libcr_newlib_nohost.a(kill.o)
 .debug_info    0x000105fc       0xd3 C:/nxp/MCUXpressoIDE_25.6.136/ide/plugins/com.nxp.mcuxpresso.tools.win32_25.6.0.202501151204/tools/bin/../lib/gcc/arm-none-eabi/14.2.1/../../../../arm-none-eabi/lib/thumb/v7e-m+fp/hard\libcr_newlib_nohost.a(lseek.o)
 .debug_info    0x000106cf       0xd9 C:/nxp/MCUXpressoIDE_25.6.136/ide/plugins/com.nxp.mcuxpresso.tools.win32_25.6.0.202501151204/tools/bin/../lib/gcc/arm-none-eabi/14.2.1/../../../../arm-none-eabi/lib/thumb/v7e-m+fp/hard\libcr_newlib_nohost.a(read.o)
 .debug_info    0x000107a8       0xd9 C:/nxp/MCUXpressoIDE_25.6.136/ide/plugins/com.nxp.mcuxpresso.tools.win32_25.6.0.202501151204/tools/bin/../lib/gcc/arm-none-eabi/14.2.1/../../../../arm-none-eabi/lib/thumb/v7e-m+fp/hard\libcr_newlib_nohost.a(write.o)
 .debug_info    0x00010881       0x78 C:/nxp/MCUXpressoIDE_25.6.136/ide/plugins/com.nxp.mcuxpresso.tools.win32_25.6.0.202501151204/tools/bin/../lib/gcc/arm-none-eabi/14.2.1/../../../../arm-none-eabi/lib/thumb/v7e-m+fp/hard\libcr_newlib_nohost.a(_cr_check_heap.o)

.debug_abbrev   0x00000000     0x2d45
 .debug_abbrev  0x00000000      0x19a ./startup/startup_mk22f51212.o
 .debug_abbrev  0x0000019a      0x1ba ./startup/system.o
 .debug_abbrev  0x00000354       0x74 ./source/utils/debug.o
 .debug_abbrev  0x000003c8      0x1ee ./source/utils/ftm0.o
 .debug_abbrev  0x000005b6      0x1d1 ./source/utils/util.o
 .debug_abbrev  0x00000787      0x298 ./source/utils/wait.o
 .debug_abbrev  0x00000a1f      0x154 ./source/control/motor/motor.o
 .debug_abbrev  0x00000b73       0xe7 ./source/control/control.o
 .debug_abbrev  0x00000c5a      0x1be ./source/com/term.o
 .debug_abbrev  0x00000e18      0x28e ./source/com/uart2.o
 .debug_abbrev  0x000010a6       0x9f ./source/main.o
 .debug_abbrev  0x00001145      0x385 ./drivers/fsl_clock.o
 .debug_abbrev  0x000014ca      0x3a6 ./drivers/fsl_dspi.o
 .debug_abbrev  0x00001870      0x39f ./drivers/fsl_i2c.o
 .debug_abbrev  0x00001c0f      0x301 ./drivers/fsl_smc.o
 .debug_abbrev  0x00001f10      0x45f ./drivers/fsl_uart.o
 .debug_abbrev  0x0000236f      0x148 ./device/system_MK22F51212.o
 .debug_abbrev  0x000024b7      0x20b ./board/clock_config.o
 .debug_abbrev  0x000026c2       0x31 ./board/peripherals.o
 .debug_abbrev  0x000026f3       0x31 ./board/pin_mux.o
 .debug_abbrev  0x00002724      0x10a C:/nxp/MCUXpressoIDE_25.6.136/ide/plugins/com.nxp.mcuxpresso.tools.win32_25.6.0.202501151204/tools/bin/../lib/gcc/arm-none-eabi/14.2.1/../../../../arm-none-eabi/lib/thumb/v7e-m+fp/hard\libcr_newlib_nohost.a(_cr_sbrk.o)
 .debug_abbrev  0x0000282e       0x67 C:/nxp/MCUXpressoIDE_25.6.136/ide/plugins/com.nxp.mcuxpresso.tools.win32_25.6.0.202501151204/tools/bin/../lib/gcc/arm-none-eabi/14.2.1/../../../../arm-none-eabi/lib/thumb/v7e-m+fp/hard\libcr_newlib_nohost.a(_exit.o)
 .debug_abbrev  0x00002895       0x6d C:/nxp/MCUXpressoIDE_25.6.136/ide/plugins/com.nxp.mcuxpresso.tools.win32_25.6.0.202501151204/tools/bin/../lib/gcc/arm-none-eabi/14.2.1/../../../../arm-none-eabi/lib/thumb/v7e-m+fp/hard\libcr_newlib_nohost.a(close.o)
 .debug_abbrev  0x00002902       0xcc C:/nxp/MCUXpressoIDE_25.6.136/ide/plugins/com.nxp.mcuxpresso.tools.win32_25.6.0.202501151204/tools/bin/../lib/gcc/arm-none-eabi/14.2.1/../../../../arm-none-eabi/lib/thumb/v7e-m+fp/hard\libcr_newlib_nohost.a(fstat.o)
 .debug_abbrev  0x000029ce       0x59 C:/nxp/MCUXpressoIDE_25.6.136/ide/plugins/com.nxp.mcuxpresso.tools.win32_25.6.0.202501151204/tools/bin/../lib/gcc/arm-none-eabi/14.2.1/../../../../arm-none-eabi/lib/thumb/v7e-m+fp/hard\libcr_newlib_nohost.a(getpid.o)
 .debug_abbrev  0x00002a27       0x6d C:/nxp/MCUXpressoIDE_25.6.136/ide/plugins/com.nxp.mcuxpresso.tools.win32_25.6.0.202501151204/tools/bin/../lib/gcc/arm-none-eabi/14.2.1/../../../../arm-none-eabi/lib/thumb/v7e-m+fp/hard\libcr_newlib_nohost.a(isatty.o)
 .debug_abbrev  0x00002a94       0x7e C:/nxp/MCUXpressoIDE_25.6.136/ide/plugins/com.nxp.mcuxpresso.tools.win32_25.6.0.202501151204/tools/bin/../lib/gcc/arm-none-eabi/14.2.1/../../../../arm-none-eabi/lib/thumb/v7e-m+fp/hard\libcr_newlib_nohost.a(kill.o)
 .debug_abbrev  0x00002b12       0x92 C:/nxp/MCUXpressoIDE_25.6.136/ide/plugins/com.nxp.mcuxpresso.tools.win32_25.6.0.202501151204/tools/bin/../lib/gcc/arm-none-eabi/14.2.1/../../../../arm-none-eabi/lib/thumb/v7e-m+fp/hard\libcr_newlib_nohost.a(lseek.o)
 .debug_abbrev  0x00002ba4       0x9b C:/nxp/MCUXpressoIDE_25.6.136/ide/plugins/com.nxp.mcuxpresso.tools.win32_25.6.0.202501151204/tools/bin/../lib/gcc/arm-none-eabi/14.2.1/../../../../arm-none-eabi/lib/thumb/v7e-m+fp/hard\libcr_newlib_nohost.a(read.o)
 .debug_abbrev  0x00002c3f       0x9b C:/nxp/MCUXpressoIDE_25.6.136/ide/plugins/com.nxp.mcuxpresso.tools.win32_25.6.0.202501151204/tools/bin/../lib/gcc/arm-none-eabi/14.2.1/../../../../arm-none-eabi/lib/thumb/v7e-m+fp/hard\libcr_newlib_nohost.a(write.o)
 .debug_abbrev  0x00002cda       0x6b C:/nxp/MCUXpressoIDE_25.6.136/ide/plugins/com.nxp.mcuxpresso.tools.win32_25.6.0.202501151204/tools/bin/../lib/gcc/arm-none-eabi/14.2.1/../../../../arm-none-eabi/lib/thumb/v7e-m+fp/hard\libcr_newlib_nohost.a(_cr_check_heap.o)

.debug_loc      0x00000000      0x463
 .debug_loc     0x00000000      0x1f9 ./startup/startup_mk22f51212.o
 .debug_loc     0x000001f9       0x59 C:/nxp/MCUXpressoIDE_25.6.136/ide/plugins/com.nxp.mcuxpresso.tools.win32_25.6.0.202501151204/tools/bin/../lib/gcc/arm-none-eabi/14.2.1/../../../../arm-none-eabi/lib/thumb/v7e-m+fp/hard\libcr_newlib_nohost.a(_cr_sbrk.o)
 .debug_loc     0x00000252       0x15 C:/nxp/MCUXpressoIDE_25.6.136/ide/plugins/com.nxp.mcuxpresso.tools.win32_25.6.0.202501151204/tools/bin/../lib/gcc/arm-none-eabi/14.2.1/../../../../arm-none-eabi/lib/thumb/v7e-m+fp/hard\libcr_newlib_nohost.a(_exit.o)
 .debug_loc     0x00000267       0x2b C:/nxp/MCUXpressoIDE_25.6.136/ide/plugins/com.nxp.mcuxpresso.tools.win32_25.6.0.202501151204/tools/bin/../lib/gcc/arm-none-eabi/14.2.1/../../../../arm-none-eabi/lib/thumb/v7e-m+fp/hard\libcr_newlib_nohost.a(close.o)
 .debug_loc     0x00000292       0x2b C:/nxp/MCUXpressoIDE_25.6.136/ide/plugins/com.nxp.mcuxpresso.tools.win32_25.6.0.202501151204/tools/bin/../lib/gcc/arm-none-eabi/14.2.1/../../../../arm-none-eabi/lib/thumb/v7e-m+fp/hard\libcr_newlib_nohost.a(fstat.o)
 .debug_loc     0x000002bd       0x2b C:/nxp/MCUXpressoIDE_25.6.136/ide/plugins/com.nxp.mcuxpresso.tools.win32_25.6.0.202501151204/tools/bin/../lib/gcc/arm-none-eabi/14.2.1/../../../../arm-none-eabi/lib/thumb/v7e-m+fp/hard\libcr_newlib_nohost.a(isatty.o)
 .debug_loc     0x000002e8       0x2b C:/nxp/MCUXpressoIDE_25.6.136/ide/plugins/com.nxp.mcuxpresso.tools.win32_25.6.0.202501151204/tools/bin/../lib/gcc/arm-none-eabi/14.2.1/../../../../arm-none-eabi/lib/thumb/v7e-m+fp/hard\libcr_newlib_nohost.a(kill.o)
 .debug_loc     0x00000313       0x56 C:/nxp/MCUXpressoIDE_25.6.136/ide/plugins/com.nxp.mcuxpresso.tools.win32_25.6.0.202501151204/tools/bin/../lib/gcc/arm-none-eabi/14.2.1/../../../../arm-none-eabi/lib/thumb/v7e-m+fp/hard\libcr_newlib_nohost.a(lseek.o)
 .debug_loc     0x00000369       0x56 C:/nxp/MCUXpressoIDE_25.6.136/ide/plugins/com.nxp.mcuxpresso.tools.win32_25.6.0.202501151204/tools/bin/../lib/gcc/arm-none-eabi/14.2.1/../../../../arm-none-eabi/lib/thumb/v7e-m+fp/hard\libcr_newlib_nohost.a(read.o)
 .debug_loc     0x000003bf       0x56 C:/nxp/MCUXpressoIDE_25.6.136/ide/plugins/com.nxp.mcuxpresso.tools.win32_25.6.0.202501151204/tools/bin/../lib/gcc/arm-none-eabi/14.2.1/../../../../arm-none-eabi/lib/thumb/v7e-m+fp/hard\libcr_newlib_nohost.a(write.o)
 .debug_loc     0x00000415       0x4e C:/nxp/MCUXpressoIDE_25.6.136/ide/plugins/com.nxp.mcuxpresso.tools.win32_25.6.0.202501151204/tools/bin/../lib/gcc/arm-none-eabi/14.2.1/../../../../arm-none-eabi/lib/thumb/v7e-m+fp/hard\libcr_newlib_nohost.a(_cr_check_heap.o)

.debug_aranges  0x00000000      0xfa8
 .debug_aranges
                0x00000000      0x2d0 ./startup/startup_mk22f51212.o
 .debug_aranges
                0x000002d0       0x40 ./startup/system.o
 .debug_aranges
                0x00000310       0x18 ./source/utils/debug.o
 .debug_aranges
                0x00000328       0x88 ./source/utils/ftm0.o
 .debug_aranges
                0x000003b0       0x80 ./source/utils/util.o
 .debug_aranges
                0x00000430       0x60 ./source/utils/wait.o
 .debug_aranges
                0x00000490       0x40 ./source/control/motor/motor.o
 .debug_aranges
                0x000004d0       0x28 ./source/control/control.o
 .debug_aranges
                0x000004f8       0x78 ./source/com/term.o
 .debug_aranges
                0x00000570       0x88 ./source/com/uart2.o
 .debug_aranges
                0x000005f8       0x20 ./source/main.o
 .debug_aranges
                0x00000618      0x208 ./drivers/fsl_clock.o
 .debug_aranges
                0x00000820      0x1d0 ./drivers/fsl_dspi.o
 .debug_aranges
                0x000009f0      0x178 ./drivers/fsl_i2c.o
 .debug_aranges
                0x00000b68       0x98 ./drivers/fsl_smc.o
 .debug_aranges
                0x00000c00      0x188 ./drivers/fsl_uart.o
 .debug_aranges
                0x00000d88       0x30 ./device/system_MK22F51212.o
 .debug_aranges
                0x00000db8       0x50 ./board/clock_config.o
 .debug_aranges
                0x00000e08       0x20 ./board/peripherals.o
 .debug_aranges
                0x00000e28       0x20 ./board/pin_mux.o
 .debug_aranges
                0x00000e48       0x20 C:/nxp/MCUXpressoIDE_25.6.136/ide/plugins/com.nxp.mcuxpresso.tools.win32_25.6.0.202501151204/tools/bin/../lib/gcc/arm-none-eabi/14.2.1/../../../../arm-none-eabi/lib/thumb/v7e-m+fp/hard\libcr_newlib_nohost.a(_cr_sbrk.o)
 .debug_aranges
                0x00000e68       0x20 C:/nxp/MCUXpressoIDE_25.6.136/ide/plugins/com.nxp.mcuxpresso.tools.win32_25.6.0.202501151204/tools/bin/../lib/gcc/arm-none-eabi/14.2.1/../../../../arm-none-eabi/lib/thumb/v7e-m+fp/hard\libcr_newlib_nohost.a(_exit.o)
 .debug_aranges
                0x00000e88       0x20 C:/nxp/MCUXpressoIDE_25.6.136/ide/plugins/com.nxp.mcuxpresso.tools.win32_25.6.0.202501151204/tools/bin/../lib/gcc/arm-none-eabi/14.2.1/../../../../arm-none-eabi/lib/thumb/v7e-m+fp/hard\libcr_newlib_nohost.a(close.o)
 .debug_aranges
                0x00000ea8       0x20 C:/nxp/MCUXpressoIDE_25.6.136/ide/plugins/com.nxp.mcuxpresso.tools.win32_25.6.0.202501151204/tools/bin/../lib/gcc/arm-none-eabi/14.2.1/../../../../arm-none-eabi/lib/thumb/v7e-m+fp/hard\libcr_newlib_nohost.a(fstat.o)
 .debug_aranges
                0x00000ec8       0x20 C:/nxp/MCUXpressoIDE_25.6.136/ide/plugins/com.nxp.mcuxpresso.tools.win32_25.6.0.202501151204/tools/bin/../lib/gcc/arm-none-eabi/14.2.1/../../../../arm-none-eabi/lib/thumb/v7e-m+fp/hard\libcr_newlib_nohost.a(getpid.o)
 .debug_aranges
                0x00000ee8       0x20 C:/nxp/MCUXpressoIDE_25.6.136/ide/plugins/com.nxp.mcuxpresso.tools.win32_25.6.0.202501151204/tools/bin/../lib/gcc/arm-none-eabi/14.2.1/../../../../arm-none-eabi/lib/thumb/v7e-m+fp/hard\libcr_newlib_nohost.a(isatty.o)
 .debug_aranges
                0x00000f08       0x20 C:/nxp/MCUXpressoIDE_25.6.136/ide/plugins/com.nxp.mcuxpresso.tools.win32_25.6.0.202501151204/tools/bin/../lib/gcc/arm-none-eabi/14.2.1/../../../../arm-none-eabi/lib/thumb/v7e-m+fp/hard\libcr_newlib_nohost.a(kill.o)
 .debug_aranges
                0x00000f28       0x20 C:/nxp/MCUXpressoIDE_25.6.136/ide/plugins/com.nxp.mcuxpresso.tools.win32_25.6.0.202501151204/tools/bin/../lib/gcc/arm-none-eabi/14.2.1/../../../../arm-none-eabi/lib/thumb/v7e-m+fp/hard\libcr_newlib_nohost.a(lseek.o)
 .debug_aranges
                0x00000f48       0x20 C:/nxp/MCUXpressoIDE_25.6.136/ide/plugins/com.nxp.mcuxpresso.tools.win32_25.6.0.202501151204/tools/bin/../lib/gcc/arm-none-eabi/14.2.1/../../../../arm-none-eabi/lib/thumb/v7e-m+fp/hard\libcr_newlib_nohost.a(read.o)
 .debug_aranges
                0x00000f68       0x20 C:/nxp/MCUXpressoIDE_25.6.136/ide/plugins/com.nxp.mcuxpresso.tools.win32_25.6.0.202501151204/tools/bin/../lib/gcc/arm-none-eabi/14.2.1/../../../../arm-none-eabi/lib/thumb/v7e-m+fp/hard\libcr_newlib_nohost.a(write.o)
 .debug_aranges
                0x00000f88       0x20 C:/nxp/MCUXpressoIDE_25.6.136/ide/plugins/com.nxp.mcuxpresso.tools.win32_25.6.0.202501151204/tools/bin/../lib/gcc/arm-none-eabi/14.2.1/../../../../arm-none-eabi/lib/thumb/v7e-m+fp/hard\libcr_newlib_nohost.a(_cr_check_heap.o)

.debug_ranges   0x00000000      0xdb0
 .debug_ranges  0x00000000      0x2c0 ./startup/startup_mk22f51212.o
 .debug_ranges  0x000002c0       0x30 ./startup/system.o
 .debug_ranges  0x000002f0       0x78 ./source/utils/ftm0.o
 .debug_ranges  0x00000368       0x70 ./source/utils/util.o
 .debug_ranges  0x000003d8       0x50 ./source/utils/wait.o
 .debug_ranges  0x00000428       0x30 ./source/control/motor/motor.o
 .debug_ranges  0x00000458       0x18 ./source/control/control.o
 .debug_ranges  0x00000470       0x68 ./source/com/term.o
 .debug_ranges  0x000004d8       0x78 ./source/com/uart2.o
 .debug_ranges  0x00000550       0x10 ./source/main.o
 .debug_ranges  0x00000560      0x1f8 ./drivers/fsl_clock.o
 .debug_ranges  0x00000758      0x1c0 ./drivers/fsl_dspi.o
 .debug_ranges  0x00000918      0x168 ./drivers/fsl_i2c.o
 .debug_ranges  0x00000a80       0x88 ./drivers/fsl_smc.o
 .debug_ranges  0x00000b08      0x178 ./drivers/fsl_uart.o
 .debug_ranges  0x00000c80       0x20 ./device/system_MK22F51212.o
 .debug_ranges  0x00000ca0       0x40 ./board/clock_config.o
 .debug_ranges  0x00000ce0       0x10 ./board/peripherals.o
 .debug_ranges  0x00000cf0       0x10 ./board/pin_mux.o
 .debug_ranges  0x00000d00       0x10 C:/nxp/MCUXpressoIDE_25.6.136/ide/plugins/com.nxp.mcuxpresso.tools.win32_25.6.0.202501151204/tools/bin/../lib/gcc/arm-none-eabi/14.2.1/../../../../arm-none-eabi/lib/thumb/v7e-m+fp/hard\libcr_newlib_nohost.a(_cr_sbrk.o)
 .debug_ranges  0x00000d10       0x10 C:/nxp/MCUXpressoIDE_25.6.136/ide/plugins/com.nxp.mcuxpresso.tools.win32_25.6.0.202501151204/tools/bin/../lib/gcc/arm-none-eabi/14.2.1/../../../../arm-none-eabi/lib/thumb/v7e-m+fp/hard\libcr_newlib_nohost.a(_exit.o)
 .debug_ranges  0x00000d20       0x10 C:/nxp/MCUXpressoIDE_25.6.136/ide/plugins/com.nxp.mcuxpresso.tools.win32_25.6.0.202501151204/tools/bin/../lib/gcc/arm-none-eabi/14.2.1/../../../../arm-none-eabi/lib/thumb/v7e-m+fp/hard\libcr_newlib_nohost.a(close.o)
 .debug_ranges  0x00000d30       0x10 C:/nxp/MCUXpressoIDE_25.6.136/ide/plugins/com.nxp.mcuxpresso.tools.win32_25.6.0.202501151204/tools/bin/../lib/gcc/arm-none-eabi/14.2.1/../../../../arm-none-eabi/lib/thumb/v7e-m+fp/hard\libcr_newlib_nohost.a(fstat.o)
 .debug_ranges  0x00000d40       0x10 C:/nxp/MCUXpressoIDE_25.6.136/ide/plugins/com.nxp.mcuxpresso.tools.win32_25.6.0.202501151204/tools/bin/../lib/gcc/arm-none-eabi/14.2.1/../../../../arm-none-eabi/lib/thumb/v7e-m+fp/hard\libcr_newlib_nohost.a(getpid.o)
 .debug_ranges  0x00000d50       0x10 C:/nxp/MCUXpressoIDE_25.6.136/ide/plugins/com.nxp.mcuxpresso.tools.win32_25.6.0.202501151204/tools/bin/../lib/gcc/arm-none-eabi/14.2.1/../../../../arm-none-eabi/lib/thumb/v7e-m+fp/hard\libcr_newlib_nohost.a(isatty.o)
 .debug_ranges  0x00000d60       0x10 C:/nxp/MCUXpressoIDE_25.6.136/ide/plugins/com.nxp.mcuxpresso.tools.win32_25.6.0.202501151204/tools/bin/../lib/gcc/arm-none-eabi/14.2.1/../../../../arm-none-eabi/lib/thumb/v7e-m+fp/hard\libcr_newlib_nohost.a(kill.o)
 .debug_ranges  0x00000d70       0x10 C:/nxp/MCUXpressoIDE_25.6.136/ide/plugins/com.nxp.mcuxpresso.tools.win32_25.6.0.202501151204/tools/bin/../lib/gcc/arm-none-eabi/14.2.1/../../../../arm-none-eabi/lib/thumb/v7e-m+fp/hard\libcr_newlib_nohost.a(lseek.o)
 .debug_ranges  0x00000d80       0x10 C:/nxp/MCUXpressoIDE_25.6.136/ide/plugins/com.nxp.mcuxpresso.tools.win32_25.6.0.202501151204/tools/bin/../lib/gcc/arm-none-eabi/14.2.1/../../../../arm-none-eabi/lib/thumb/v7e-m+fp/hard\libcr_newlib_nohost.a(read.o)
 .debug_ranges  0x00000d90       0x10 C:/nxp/MCUXpressoIDE_25.6.136/ide/plugins/com.nxp.mcuxpresso.tools.win32_25.6.0.202501151204/tools/bin/../lib/gcc/arm-none-eabi/14.2.1/../../../../arm-none-eabi/lib/thumb/v7e-m+fp/hard\libcr_newlib_nohost.a(write.o)
 .debug_ranges  0x00000da0       0x10 C:/nxp/MCUXpressoIDE_25.6.136/ide/plugins/com.nxp.mcuxpresso.tools.win32_25.6.0.202501151204/tools/bin/../lib/gcc/arm-none-eabi/14.2.1/../../../../arm-none-eabi/lib/thumb/v7e-m+fp/hard\libcr_newlib_nohost.a(_cr_check_heap.o)

.debug_macro    0x00000000     0xf521
 .debug_macro   0x00000000       0x29 ./startup/startup_mk22f51212.o
 .debug_macro   0x00000029      0xb02 ./startup/startup_mk22f51212.o
 .debug_macro   0x00000b2b      0x244 ./startup/system.o
 .debug_macro   0x00000d6f       0x57 ./startup/system.o
 .debug_macro   0x00000dc6       0x22 ./startup/system.o
 .debug_macro   0x00000de8       0x8e ./startup/system.o
 .debug_macro   0x00000e76       0x51 ./startup/system.o
 .debug_macro   0x00000ec7      0x103 ./startup/system.o
 .debug_macro   0x00000fca       0x6a ./startup/system.o
 .debug_macro   0x00001034      0x1df ./startup/system.o
 .debug_macro   0x00001213       0x1c ./startup/system.o
 .debug_macro   0x0000122f       0x22 ./startup/system.o
 .debug_macro   0x00001251       0xfb ./startup/system.o
 .debug_macro   0x0000134c      0xeeb ./startup/system.o
 .debug_macro   0x00002237       0x40 ./startup/system.o
 .debug_macro   0x00002277     0x8fa0 ./startup/system.o
 .debug_macro   0x0000b217       0x16 ./startup/system.o
 .debug_macro   0x0000b22d       0x61 ./startup/system.o
 .debug_macro   0x0000b28e       0x2a ./startup/system.o
 .debug_macro   0x0000b2b8       0x43 ./startup/system.o
 .debug_macro   0x0000b2fb       0x34 ./startup/system.o
 .debug_macro   0x0000b32f       0x1c ./startup/system.o
 .debug_macro   0x0000b34b       0x22 ./startup/system.o
 .debug_macro   0x0000b36d      0x190 ./startup/system.o
 .debug_macro   0x0000b4fd      0x364 ./startup/system.o
 .debug_macro   0x0000b861       0x16 ./startup/system.o
 .debug_macro   0x0000b877       0x4a ./startup/system.o
 .debug_macro   0x0000b8c1       0x34 ./startup/system.o
 .debug_macro   0x0000b8f5       0x10 ./startup/system.o
 .debug_macro   0x0000b905       0x58 ./startup/system.o
 .debug_macro   0x0000b95d       0x8e ./startup/system.o
 .debug_macro   0x0000b9eb       0x16 ./startup/system.o
 .debug_macro   0x0000ba01      0x185 ./startup/system.o
 .debug_macro   0x0000bb86       0x10 ./startup/system.o
 .debug_macro   0x0000bb96       0x3c ./startup/system.o
 .debug_macro   0x0000bbd2       0x16 ./startup/system.o
 .debug_macro   0x0000bbe8       0x16 ./startup/system.o
 .debug_macro   0x0000bbfe       0x29 ./startup/system.o