C:\Users\roman\myGitRepo\PREN_Project\drivers/fsl_clock.h:842:20:CLOCK_SetSimSafeDivs	4	static
C:\Users\roman\myGitRepo\PREN_Project\drivers/fsl_clock.h:1184:20:CLOCK_SetXtal0Freq	16	static
C:\Users\roman\myGitRepo\PREN_Project\drivers/fsl_smc.h:256:20:SMC_SetPowerModeProtection	16	static
C:\Users\roman\myGitRepo\PREN_Project\drivers/fsl_smc.h:275:33:SMC_GetPowerModeState	16	static
../board/clock_config.c:71:13:CLOCK_CONFIG_SetFllExtRefDiv	16	static
../board/clock_config.c:79:6:BOARD_InitBootClocks	8	static
../board/clock_config.c:160:6:BOARD_BootClockRUN	8	static
